66.249.92.128 - - [16/Dec/2020:06:35:04 -0500] "GET /static/version1607992673/frontend/IR/anhosefittings/en_US/WeltPixel_GoogleTagManager/js/weltpixel_persistentlayer.min.js HTTP/1.1" 200 595 "https://www.anhosefittings.com/fittings/tee-fittings.html" "Mozilla/5.0 (iPhone; CPU iPhone OS 9_1 like Mac OS X) AppleWebKit/601.1.46 (KHTML, like Gecko) Version/9.0 Mobile/13B143 Safari/601.1 (compatible; AdsBot-Google-Mobile; +http://www.google.com/mobile/adsbot.html)"
66.249.92.159 - - [16/Dec/2020:06:35:05 -0500] "GET /static/version1607992673/frontend/IR/anhosefittings/en_US/WeltPixel_GoogleTagManager/js/weltpixel_gtm.min.js HTTP/1.1" 200 399 "https://www.anhosefittings.com/fittings/tee-fittings.html" "Mozilla/5.0 (iPhone; CPU iPhone OS 9_1 like Mac OS X) AppleWebKit/601.1.46 (KHTML, like Gecko) Version/9.0 Mobile/13B143 Safari/601.1 (compatible; AdsBot-Google-Mobile; +http://www.google.com/mobile/adsbot.html)"
66.249.92.128 - - [16/Dec/2020:06:35:05 -0500] "GET /static/version1607992673/frontend/IR/anhosefittings/en_US/Magento_Customer/js/customer-data.min.js HTTP/1.1" 200 1774 "https://www.anhosefittings.com/fittings/tee-fittings.html" "Mozilla/5.0 (iPhone; CPU iPhone OS 9_1 like Mac OS X) AppleWebKit/601.1.46 (KHTML, like Gecko) Version/9.0 Mobile/13B143 Safari/601.1 (compatible; AdsBot-Google-Mobile; +http://www.google.com/mobile/adsbot.html)"
66.249.92.159 - - [16/Dec/2020:06:35:06 -0500] "GET /static/version1607992673/frontend/IR/anhosefittings/en_US/jquery/jquery.validate.min.js HTTP/1.1" 200 7248 "https://www.anhosefittings.com/fittings/tee-fittings.html" "Mozilla/5.0 (iPhone; CPU iPhone OS 9_1 like Mac OS X) AppleWebKit/601.1.46 (KHTML, like Gecko) Version/9.0 Mobile/13B143 Safari/601.1 (compatible; AdsBot-Google-Mobile; +http://www.google.com/mobile/adsbot.html)"
66.249.92.128 - - [16/Dec/2020:06:35:06 -0500] "GET /static/version1607992673/frontend/IR/anhosefittings/en_US/Magento_Catalog/js/price-utils.min.js HTTP/1.1" 200 871 "https://www.anhosefittings.com/fittings/tee-fittings.html" "Mozilla/5.0 (iPhone; CPU iPhone OS 9_1 like Mac OS X) AppleWebKit/601.1.46 (KHTML, like Gecko) Version/9.0 Mobile/13B143 Safari/601.1 (compatible; AdsBot-Google-Mobile; +http://www.google.com/mobile/adsbot.html)"
66.249.66.95 - - [16/Dec/2020:06:35:07 -0500] "GET /1-2-id-fire-retardant-silicone-fiberglass-hose-sleeve.html HTTP/1.1" 200 19019 "-" "Mozilla/5.0 (Linux; Android 6.0.1; Nexus 5X Build/MMB29P) AppleWebKit/537.36 (KHTML, like Gecko) Chrome/87.0.4280.90 Mobile Safari/537.36 (compatible; Googlebot/2.1; +http://www.google.com/bot.html)"
66.249.92.159 - - [16/Dec/2020:06:35:07 -0500] "GET /static/version1607992673/frontend/IR/anhosefittings/en_US/jquery/ui-modules/slider.min.js HTTP/1.1" 200 3342 "https://www.anhosefittings.com/fittings/tee-fittings.html" "Mozilla/5.0 (iPhone; CPU iPhone OS 9_1 like Mac OS X) AppleWebKit/601.1.46 (KHTML, like Gecko) Version/9.0 Mobile/13B143 Safari/601.1 (compatible; AdsBot-Google-Mobile; +http://www.google.com/mobile/adsbot.html)"
192.29.97.49 - - [16/Dec/2020:06:35:08 -0500] "GET / HTTP/1.1" 200 113860 "http://www.improvedracing.com/" "DF Bot 1.0"
66.249.92.159 - - [16/Dec/2020:06:35:08 -0500] "GET /static/version1607992673/frontend/IR/anhosefittings/en_US/jquery/jquery.cookie.min.js HTTP/1.1" 200 728 "https://www.anhosefittings.com/fittings/tee-fittings.html" "Mozilla/5.0 (iPhone; CPU iPhone OS 9_1 like Mac OS X) AppleWebKit/601.1.46 (KHTML, like Gecko) Version/9.0 Mobile/13B143 Safari/601.1 (compatible; AdsBot-Google-Mobile; +http://www.google.com/mobile/adsbot.html)"
66.249.92.159 - - [16/Dec/2020:06:35:08 -0500] "GET /static/version1607992673/frontend/IR/anhosefittings/en_US/jquery/ui-modules/button.min.js HTTP/1.1" 200 2213 "https://www.anhosefittings.com/fittings/tee-fittings.html" "Mozilla/5.0 (iPhone; CPU iPhone OS 9_1 like Mac OS X) AppleWebKit/601.1.46 (KHTML, like Gecko) Version/9.0 Mobile/13B143 Safari/601.1 (compatible; AdsBot-Google-Mobile; +http://www.google.com/mobile/adsbot.html)"
66.249.92.159 - - [16/Dec/2020:06:35:09 -0500] "GET /static/version1607992673/frontend/IR/anhosefittings/en_US/jquery/ui-modules/draggable.min.js HTTP/1.1" 200 4924 "https://www.anhosefittings.com/fittings/tee-fittings.html" "Mozilla/5.0 (iPhone; CPU iPhone OS 9_1 like Mac OS X) AppleWebKit/601.1.46 (KHTML, like Gecko) Version/9.0 Mobile/13B143 Safari/601.1 (compatible; AdsBot-Google-Mobile; +http://www.google.com/mobile/adsbot.html)"
66.249.92.159 - - [16/Dec/2020:06:35:09 -0500] "GET /static/version1607992673/frontend/IR/anhosefittings/en_US/jquery/ui-modules/position.min.js HTTP/1.1" 200 3165 "https://www.anhosefittings.com/fittings/tee-fittings.html" "Mozilla/5.0 (iPhone; CPU iPhone OS 9_1 like Mac OS X) AppleWebKit/601.1.46 (KHTML, like Gecko) Version/9.0 Mobile/13B143 Safari/601.1 (compatible; AdsBot-Google-Mobile; +http://www.google.com/mobile/adsbot.html)"
66.249.92.159 - - [16/Dec/2020:06:35:10 -0500] "GET /static/version1607992673/frontend/IR/anhosefittings/en_US/jquery/ui-modules/mouse.min.js HTTP/1.1" 200 1052 "https://www.anhosefittings.com/fittings/tee-fittings.html" "Mozilla/5.0 (iPhone; CPU iPhone OS 9_1 like Mac OS X) AppleWebKit/601.1.46 (KHTML, like Gecko) Version/9.0 Mobile/13B143 Safari/601.1 (compatible; AdsBot-Google-Mobile; +http://www.google.com/mobile/adsbot.html)"
66.249.92.159 - - [16/Dec/2020:06:35:10 -0500] "GET /static/version1607992673/frontend/IR/anhosefittings/en_US/Magento_Customer/js/section-config.min.js HTTP/1.1" 200 486 "https://www.anhosefittings.com/fittings/tee-fittings.html" "Mozilla/5.0 (iPhone; CPU iPhone OS 9_1 like Mac OS X) AppleWebKit/601.1.46 (KHTML, like Gecko) Version/9.0 Mobile/13B143 Safari/601.1 (compatible; AdsBot-Google-Mobile; +http://www.google.com/mobile/adsbot.html)"
157.55.39.196 - - [16/Dec/2020:06:35:11 -0500] "GET /catalogsearch/result/index/?angle=197&hose_applications=475&inner_diameter=258&p=4&q=lightweight+racing+hose HTTP/1.1" 200 12473 "-" "Mozilla/5.0 (compatible; bingbot/2.0; +http://www.bing.com/bingbot.htm)"
66.249.92.159 - - [16/Dec/2020:06:35:11 -0500] "GET /static/version1607992673/frontend/IR/anhosefittings/en_US/jquery/jquery.metadata.min.js HTTP/1.1" 200 677 "https://www.anhosefittings.com/fittings/tee-fittings.html" "Mozilla/5.0 (iPhone; CPU iPhone OS 9_1 like Mac OS X) AppleWebKit/601.1.46 (KHTML, like Gecko) Version/9.0 Mobile/13B143 Safari/601.1 (compatible; AdsBot-Google-Mobile; +http://www.google.com/mobile/adsbot.html)"
66.249.92.159 - - [16/Dec/2020:06:35:12 -0500] "GET /static/version1607992673/frontend/IR/anhosefittings/en_US/jquery/jquery-migrate.min.js HTTP/1.1" 200 4709 "https://www.anhosefittings.com/fittings/tee-fittings.html" "Mozilla/5.0 (iPhone; CPU iPhone OS 9_1 like Mac OS X) AppleWebKit/601.1.46 (KHTML, like Gecko) Version/9.0 Mobile/13B143 Safari/601.1 (compatible; AdsBot-Google-Mobile; +http://www.google.com/mobile/adsbot.html)"
66.249.92.159 - - [16/Dec/2020:06:35:12 -0500] "GET /static/version1607992673/frontend/IR/anhosefittings/en_US/jquery/ui-modules/menu.min.js HTTP/1.1" 200 3177 "https://www.anhosefittings.com/fittings/tee-fittings.html" "Mozilla/5.0 (iPhone; CPU iPhone OS 9_1 like Mac OS X) AppleWebKit/601.1.46 (KHTML, like Gecko) Version/9.0 Mobile/13B143 Safari/601.1 (compatible; AdsBot-Google-Mobile; +http://www.google.com/mobile/adsbot.html)"
66.249.92.159 - - [16/Dec/2020:06:35:13 -0500] "GET /static/version1607992673/frontend/IR/anhosefittings/en_US/Magento_Catalog/js/product/list/toolbar.min.js HTTP/1.1" 200 991 "https://www.anhosefittings.com/fittings/tee-fittings.html" "Mozilla/5.0 (iPhone; CPU iPhone OS 9_1 like Mac OS X) AppleWebKit/601.1.46 (KHTML, like Gecko) Version/9.0 Mobile/13B143 Safari/601.1 (compatible; AdsBot-Google-Mobile; +http://www.google.com/mobile/adsbot.html)"
66.249.92.159 - - [16/Dec/2020:06:35:13 -0500] "GET /static/version1607992673/frontend/IR/anhosefittings/en_US/Magento_Catalog/js/catalog-add-to-cart.min.js HTTP/1.1" 200 1302 "https://www.anhosefittings.com/fittings/tee-fittings.html" "Mozilla/5.0 (iPhone; CPU iPhone OS 9_1 like Mac OS X) AppleWebKit/601.1.46 (KHTML, like Gecko) Version/9.0 Mobile/13B143 Safari/601.1 (compatible; AdsBot-Google-Mobile; +http://www.google.com/mobile/adsbot.html)"
66.249.92.159 - - [16/Dec/2020:06:35:14 -0500] "GET /customer/section/load/?sections=gtm&force_new_section_timestamp=false&_=1608116400044 HTTP/1.1" 200 75 "https://www.anhosefittings.com/fittings/tee-fittings.html" "Mozilla/5.0 (iPhone; CPU iPhone OS 9_1 like Mac OS X) AppleWebKit/601.1.46 (KHTML, like Gecko) Version/9.0 Mobile/13B143 Safari/601.1 (compatible; AdsBot-Google-Mobile; +http://www.google.com/mobile/adsbot.html)"
66.249.92.159 - - [16/Dec/2020:06:35:14 -0500] "GET /static/version1607992673/frontend/IR/anhosefittings/en_US/Magento_Customer/js/invalidation-processor.min.js HTTP/1.1" 200 587 "https://www.anhosefittings.com/fittings/tee-fittings.html" "Mozilla/5.0 (iPhone; CPU iPhone OS 9_1 like Mac OS X) AppleWebKit/601.1.46 (KHTML, like Gecko) Version/9.0 Mobile/13B143 Safari/601.1 (compatible; AdsBot-Google-Mobile; +http://www.google.com/mobile/adsbot.html)"
114.119.146.171 - - [16/Dec/2020:06:35:15 -0500] "GET /customer/account/login/referer/aHR0cHM6Ly93d3cuYW5ob3NlZml0dGluZ3MuY29tL2hvc2UtYXNzZW1ibGllcy5odG1sP1NJRD1hMTJoNnE0aW84Mjdzc3JlZWNtM2h2ZGZpciZhbmdsZT0xOTcmaG9zZV9hcHBsaWNhdGlvbnM9NDc1Jm91dGVyX2xheWVyX21hdGVyaWFsPTI1MSZwb3J0YnR5cGU9MjE4 HTTP/1.1" 200 10069 "-" "Mozilla/5.0 (Linux; Android 7.0;) AppleWebKit/537.36 (KHTML, like Gecko) Mobile Safari/537.36 (compatible; PetalBot;+https://aspiegel.com/petalbot)"
66.249.92.159 - - [16/Dec/2020:06:35:15 -0500] "GET /static/version1607992673/frontend/IR/anhosefittings/en_US/Magento_Catalog/js/product/view/product-ids-resolver.min.js HTTP/1.1" 200 293 "https://www.anhosefittings.com/fittings/tee-fittings.html" "Mozilla/5.0 (iPhone; CPU iPhone OS 9_1 like Mac OS X) AppleWebKit/601.1.46 (KHTML, like Gecko) Version/9.0 Mobile/13B143 Safari/601.1 (compatible; AdsBot-Google-Mobile; +http://www.google.com/mobile/adsbot.html)"
207.46.13.6 - - [16/Dec/2020:06:35:15 -0500] "GET /fittings.html?cat=9%2C22%2C46%2C19&portbtype=218 HTTP/1.1" 200 15645 "-" "Mozilla/5.0 (compatible; bingbot/2.0; +http://www.bing.com/bingbot.htm)"
192.29.97.49 - - [16/Dec/2020:06:35:15 -0500] "GET /contact HTTP/1.1" 200 60734 "-" "DF Bot 1.0"
66.249.92.159 - - [16/Dec/2020:06:35:15 -0500] "GET /static/version1607992673/frontend/IR/anhosefittings/en_US/Magento_Customer/js/model/authentication-popup.min.js HTTP/1.1" 200 459 "https://www.anhosefittings.com/fittings/tee-fittings.html" "Mozilla/5.0 (iPhone; CPU iPhone OS 9_1 like Mac OS X) AppleWebKit/601.1.46 (KHTML, like Gecko) Version/9.0 Mobile/13B143 Safari/601.1 (compatible; AdsBot-Google-Mobile; +http://www.google.com/mobile/adsbot.html)"
66.249.92.159 - - [16/Dec/2020:06:35:16 -0500] "GET /static/version1607992673/frontend/IR/anhosefittings/en_US/jquery/ui-modules/effect-fade.min.js HTTP/1.1" 200 497 "https://www.anhosefittings.com/fittings/tee-fittings.html" "Mozilla/5.0 (iPhone; CPU iPhone OS 9_1 like Mac OS X) AppleWebKit/601.1.46 (KHTML, like Gecko) Version/9.0 Mobile/13B143 Safari/601.1 (compatible; AdsBot-Google-Mobile; +http://www.google.com/mobile/adsbot.html)"
66.249.92.159 - - [16/Dec/2020:06:35:16 -0500] "GET /static/version1607992673/frontend/IR/anhosefittings/en_US/Magento_Catalog/js/view/compare-products.min.js HTTP/1.1" 200 458 "https://www.anhosefittings.com/fittings/tee-fittings.html" "Mozilla/5.0 (iPhone; CPU iPhone OS 9_1 like Mac OS X) AppleWebKit/601.1.46 (KHTML, like Gecko) Version/9.0 Mobile/13B143 Safari/601.1 (compatible; AdsBot-Google-Mobile; +http://www.google.com/mobile/adsbot.html)"
207.46.13.6 - - [16/Dec/2020:06:35:17 -0500] "GET /fittings.html?cat=9%2C46%2C10%2C23%2C19&hose_applications=474&portatype=214 HTTP/1.1" 200 17371 "-" "Mozilla/5.0 (compatible; bingbot/2.0; +http://www.bing.com/bingbot.htm)"
66.249.92.159 - - [16/Dec/2020:06:35:17 -0500] "GET /static/version1607992673/frontend/IR/anhosefittings/en_US/Magento_Customer/js/view/authentication-popup.min.js HTTP/1.1" 200 695 "https://www.anhosefittings.com/fittings/tee-fittings.html" "Mozilla/5.0 (iPhone; CPU iPhone OS 9_1 like Mac OS X) AppleWebKit/601.1.46 (KHTML, like Gecko) Version/9.0 Mobile/13B143 Safari/601.1 (compatible; AdsBot-Google-Mobile; +http://www.google.com/mobile/adsbot.html)"
66.249.92.159 - - [16/Dec/2020:06:35:17 -0500] "GET /static/version1607992673/frontend/IR/anhosefittings/en_US/Magento_Catalog/js/view/image.min.js HTTP/1.1" 200 183 "https://www.anhosefittings.com/fittings/tee-fittings.html" "Mozilla/5.0 (iPhone; CPU iPhone OS 9_1 like Mac OS X) AppleWebKit/601.1.46 (KHTML, like Gecko) Version/9.0 Mobile/13B143 Safari/601.1 (compatible; AdsBot-Google-Mobile; +http://www.google.com/mobile/adsbot.html)"
66.249.92.159 - - [16/Dec/2020:06:35:18 -0500] "GET /static/version1607992673/frontend/IR/anhosefittings/en_US/Magento_Customer/js/action/login.min.js HTTP/1.1" 200 1074 "https://www.anhosefittings.com/fittings/tee-fittings.html" "Mozilla/5.0 (iPhone; CPU iPhone OS 9_1 like Mac OS X) AppleWebKit/601.1.46 (KHTML, like Gecko) Version/9.0 Mobile/13B143 Safari/601.1 (compatible; AdsBot-Google-Mobile; +http://www.google.com/mobile/adsbot.html)"
66.249.92.159 - - [16/Dec/2020:06:35:18 -0500] "GET /static/version1607992673/frontend/IR/anhosefittings/en_US/jquery/ui-modules/effect-blind.min.js HTTP/1.1" 200 734 "https://www.anhosefittings.com/fittings/tee-fittings.html" "Mozilla/5.0 (iPhone; CPU iPhone OS 9_1 like Mac OS X) AppleWebKit/601.1.46 (KHTML, like Gecko) Version/9.0 Mobile/13B143 Safari/601.1 (compatible; AdsBot-Google-Mobile; +http://www.google.com/mobile/adsbot.html)"
66.249.92.159 - - [16/Dec/2020:06:35:19 -0500] "GET /static/version1607992673/frontend/IR/anhosefittings/en_US/Magento_Catalog/js/product/view/product-ids.min.js HTTP/1.1" 200 73 "https://www.anhosefittings.com/fittings/tee-fittings.html" "Mozilla/5.0 (iPhone; CPU iPhone OS 9_1 like Mac OS X) AppleWebKit/601.1.46 (KHTML, like Gecko) Version/9.0 Mobile/13B143 Safari/601.1 (compatible; AdsBot-Google-Mobile; +http://www.google.com/mobile/adsbot.html)"
66.249.92.159 - - [16/Dec/2020:06:35:19 -0500] "GET /static/version1607992673/frontend/IR/anhosefittings/en_US/Magento_Catalog/js/storage-manager.min.js HTTP/1.1" 200 1170 "https://www.anhosefittings.com/fittings/tee-fittings.html" "Mozilla/5.0 (iPhone; CPU iPhone OS 9_1 like Mac OS X) AppleWebKit/601.1.46 (KHTML, like Gecko) Version/9.0 Mobile/13B143 Safari/601.1 (compatible; AdsBot-Google-Mobile; +http://www.google.com/mobile/adsbot.html)"
66.249.92.159 - - [16/Dec/2020:06:35:20 -0500] "GET /static/version1607992673/frontend/IR/anhosefittings/en_US/Magento_Security/js/escaper.min.js HTTP/1.1" 200 856 "https://www.anhosefittings.com/fittings/tee-fittings.html" "Mozilla/5.0 (iPhone; CPU iPhone OS 9_1 like Mac OS X) AppleWebKit/601.1.46 (KHTML, like Gecko) Version/9.0 Mobile/13B143 Safari/601.1 (compatible; AdsBot-Google-Mobile; +http://www.google.com/mobile/adsbot.html)"
192.29.97.49 - - [16/Dec/2020:06:35:20 -0500] "GET /about-us HTTP/1.1" 200 53792 "-" "DF Bot 1.0"
66.249.92.159 - - [16/Dec/2020:06:35:20 -0500] "GET /static/version1607992673/frontend/IR/anhosefittings/en_US/jquery/ui-modules/effect.min.js HTTP/1.1" 200 6260 "https://www.anhosefittings.com/fittings/tee-fittings.html" "Mozilla/5.0 (iPhone; CPU iPhone OS 9_1 like Mac OS X) AppleWebKit/601.1.46 (KHTML, like Gecko) Version/9.0 Mobile/13B143 Safari/601.1 (compatible; AdsBot-Google-Mobile; +http://www.google.com/mobile/adsbot.html)"
66.249.66.81 - - [16/Dec/2020:06:35:21 -0500] "GET /2010-2011-camaro-factory-oil-cooler-delete-kit-.html HTTP/1.1" 200 20314 "-" "Mozilla/5.0 (Linux; Android 6.0.1; Nexus 5X Build/MMB29P) AppleWebKit/537.36 (KHTML, like Gecko) Chrome/87.0.4280.90 Mobile Safari/537.36 (compatible; Googlebot/2.1; +http://www.google.com/bot.html)"
66.249.92.159 - - [16/Dec/2020:06:35:21 -0500] "GET /static/version1607992673/frontend/IR/anhosefittings/en_US/Magento_Catalog/js/product/storage/storage-service.min.js HTTP/1.1" 200 847 "https://www.anhosefittings.com/fittings/tee-fittings.html" "Mozilla/5.0 (iPhone; CPU iPhone OS 9_1 like Mac OS X) AppleWebKit/601.1.46 (KHTML, like Gecko) Version/9.0 Mobile/13B143 Safari/601.1 (compatible; AdsBot-Google-Mobile; +http://www.google.com/mobile/adsbot.html)"
66.249.92.159 - - [16/Dec/2020:06:35:21 -0500] "GET /static/version1607992673/frontend/IR/anhosefittings/en_US/Magento_Customer/js/invalidation-rules/website-rule.min.js HTTP/1.1" 200 330 "https://www.anhosefittings.com/fittings/tee-fittings.html" "Mozilla/5.0 (iPhone; CPU iPhone OS 9_1 like Mac OS X) AppleWebKit/601.1.46 (KHTML, like Gecko) Version/9.0 Mobile/13B143 Safari/601.1 (compatible; AdsBot-Google-Mobile; +http://www.google.com/mobile/adsbot.html)"
66.249.92.159 - - [16/Dec/2020:06:35:22 -0500] "GET /static/version1607992673/frontend/IR/anhosefittings/en_US/Magento_Catalog/js/product/storage/ids-storage.min.js HTTP/1.1" 200 613 "https://www.anhosefittings.com/fittings/tee-fittings.html" "Mozilla/5.0 (iPhone; CPU iPhone OS 9_1 like Mac OS X) AppleWebKit/601.1.46 (KHTML, like Gecko) Version/9.0 Mobile/13B143 Safari/601.1 (compatible; AdsBot-Google-Mobile; +http://www.google.com/mobile/adsbot.html)"
66.249.92.159 - - [16/Dec/2020:06:35:22 -0500] "GET /static/version1607992673/frontend/IR/anhosefittings/en_US/Magento_Catalog/js/product/storage/ids-storage-compare.min.js HTTP/1.1" 200 565 "https://www.anhosefittings.com/fittings/tee-fittings.html" "Mozilla/5.0 (iPhone; CPU iPhone OS 9_1 like Mac OS X) AppleWebKit/601.1.46 (KHTML, like Gecko) Version/9.0 Mobile/13B143 Safari/601.1 (compatible; AdsBot-Google-Mobile; +http://www.google.com/mobile/adsbot.html)"
66.249.92.159 - - [16/Dec/2020:06:35:23 -0500] "GET /static/version1607992673/frontend/IR/anhosefittings/en_US/Magento_Catalog/js/product/storage/data-storage.min.js HTTP/1.1" 200 1259 "https://www.anhosefittings.com/fittings/tee-fittings.html" "Mozilla/5.0 (iPhone; CPU iPhone OS 9_1 like Mac OS X) AppleWebKit/601.1.46 (KHTML, like Gecko) Version/9.0 Mobile/13B143 Safari/601.1 (compatible; AdsBot-Google-Mobile; +http://www.google.com/mobile/adsbot.html)"
66.249.92.159 - - [16/Dec/2020:06:35:23 -0500] "GET /static/version1607992673/frontend/IR/anhosefittings/en_US/Magento_Catalog/js/product/query-builder.min.js HTTP/1.1" 200 254 "https://www.anhosefittings.com/fittings/tee-fittings.html" "Mozilla/5.0 (iPhone; CPU iPhone OS 9_1 like Mac OS X) AppleWebKit/601.1.46 (KHTML, like Gecko) Version/9.0 Mobile/13B143 Safari/601.1 (compatible; AdsBot-Google-Mobile; +http://www.google.com/mobile/adsbot.html)"
66.249.66.80 - - [16/Dec/2020:06:35:24 -0500] "GET / HTTP/1.1" 200 17253 "-" "Mozilla/5.0 (compatible; Googlebot/2.1; +http://www.google.com/bot.html)"
13.66.139.10 - - [16/Dec/2020:06:35:24 -0500] "GET /fittings.html?angle=196&cat=46%2C11%2C20 HTTP/1.1" 200 10025 "-" "Mozilla/5.0 (compatible; bingbot/2.0; +http://www.bing.com/bingbot.htm)"
192.29.97.49 - - [16/Dec/2020:06:35:26 -0500] "GET /terms HTTP/1.1" 200 54756 "-" "DF Bot 1.0"
13.66.139.10 - - [16/Dec/2020:06:35:26 -0500] "GET /fittings.html?angle=195&cat=9,23,12 HTTP/1.1" 200 16306 "-" "Mozilla/5.0 (compatible; bingbot/2.0; +http://www.bing.com/bingbot.htm)"
13.66.139.10 - - [16/Dec/2020:06:35:27 -0500] "GET /fittings/hose-end-fittings.html?angle=195&hose_applications=480 HTTP/1.1" 200 16246 "-" "Mozilla/5.0 (compatible; bingbot/2.0; +http://www.bing.com/bingbot.htm)"
192.29.97.49 - - [16/Dec/2020:06:35:29 -0500] "GET /privacy-policy HTTP/1.1" 200 61021 "-" "DF Bot 1.0"
66.249.66.79 - - [16/Dec/2020:06:35:31 -0500] "GET /vcm-otr-intake-for-pontiac-g8.html HTTP/1.1" 200 18498 "-" "Mozilla/5.0 (Linux; Android 6.0.1; Nexus 5X Build/MMB29P) AppleWebKit/537.36 (KHTML, like Gecko) Chrome/87.0.4280.90 Mobile Safari/537.36 (compatible; Googlebot/2.1; +http://www.google.com/bot.html)"
207.46.13.137 - - [16/Dec/2020:06:35:32 -0500] "GET /fittings/adapter-fittings.html?portatype=208&portbtype=220 HTTP/1.1" 200 14996 "-" "Mozilla/5.0 (compatible; bingbot/2.0; +http://www.bing.com/bingbot.htm)"
192.29.97.49 - - [16/Dec/2020:06:35:34 -0500] "GET /new-products HTTP/1.1" 200 90399 "-" "DF Bot 1.0"
69.162.124.228 - - [16/Dec/2020:06:35:37 -0500] "HEAD / HTTP/1.1" 200 0 "http://www.improvedracing.com" "Mozilla/5.0+(compatible; UptimeRobot/2.0; http://www.uptimerobot.com/)"
45.177.77.101 - - [16/Dec/2020:06:35:39 -0500] "GET /admin_f5rqj8/mui/index/render/key/3f2f5f75a91d903a33d9c8fe2e39cff6bf09bd2535374e2ee75de05b2f7ce18d/?namespace=sales_order_grid&search=&filters%5Bplaceholder%5D=true&paging%5BpageSize%5D=100&paging%5Bcurrent%5D=1&sorting%5Bfield%5D=created_at&sorting%5Bdirection%5D=desc&isAjax=true HTTP/2.0" 200 15172 "https://www.anhosefittings.com/admin_f5rqj8/sales/order/index/key/cdeb1c73eabc7afd9c7f04ca765b733001ce44fa453b3b5a07eb64425b14d941/" "Mozilla/5.0 (Windows NT 10.0; Win64; x64) AppleWebKit/537.36 (KHTML, like Gecko) Chrome/87.0.4280.88 Safari/537.36"
192.29.97.49 - - [16/Dec/2020:06:35:39 -0500] "GET /lifetime-warranty HTTP/1.1" 200 55948 "-" "DF Bot 1.0"
45.177.77.101 - - [16/Dec/2020:06:35:40 -0500] "POST /admin_f5rqj8/mui/bookmark/save/key/42c32205c5fa4e449e21fe26a4107b527eccdbffab86836196bbc3ee69bb25cc/?isAjax=true HTTP/2.0" 200 20 "https://www.anhosefittings.com/admin_f5rqj8/sales/order/index/key/cdeb1c73eabc7afd9c7f04ca765b733001ce44fa453b3b5a07eb64425b14d941/" "Mozilla/5.0 (Windows NT 10.0; Win64; x64) AppleWebKit/537.36 (KHTML, like Gecko) Chrome/87.0.4280.88 Safari/537.36"
157.55.39.57 - - [16/Dec/2020:06:35:53 -0500] "GET /fittings/adapter-fittings.html?angle=198&applications=235&hose_applications=481&portbtype=218 HTTP/1.1" 200 16081 "-" "Mozilla/5.0 (compatible; bingbot/2.0; +http://www.bing.com/bingbot.htm)"
216.244.66.236 - - [16/Dec/2020:06:35:54 -0500] "GET /oil-dip-stick-tube-for-ls2-ls3-c6-corvette-12570787.html HTTP/1.1" 200 82736 "-" "Mozilla/5.0 (compatible; DotBot/1.1; http://www.opensiteexplorer.org/dotbot, help@moz.com)"
52.207.178.164 - - [16/Dec/2020:06:36:00 -0500] "HEAD /ptfe-90-degree-an-hose-end-fitting-10an.html HTTP/1.1" 404 0 "-" "Monit/5.25.1"
52.207.178.164 - - [16/Dec/2020:06:36:00 -0500] "HEAD / HTTP/1.1" 200 0 "-" "Monit/5.25.1"
114.119.133.103 - - [16/Dec/2020:06:36:03 -0500] "GET /fittings.html?cat=11&hose_applications=479&portbtype=220 HTTP/1.1" 200 15182 "-" "Mozilla/5.0 (Linux; Android 7.0;) AppleWebKit/537.36 (KHTML, like Gecko) Mobile Safari/537.36 (compatible; PetalBot;+https://aspiegel.com/petalbot)"
179.43.128.174 - - [16/Dec/2020:06:36:05 -0500] "GET /index.php/megamenu/adminhtml_menugroup/index/ HTTP/1.1" 301 52231 "-" "Mozilla/5.0 (Windows NT 6.1; WOW64; rv:24.0) Gecko/20100101 Firefox/24.0"
179.43.128.174 - - [16/Dec/2020:06:36:06 -0500] "GET /catalogsearch/result/?q=megamenu+admin+menugroup+index HTTP/1.1" 200 57798 "-" "Mozilla/5.0 (Windows NT 6.1; WOW64; rv:24.0) Gecko/20100101 Firefox/24.0"
66.249.66.56 - - [16/Dec/2020:06:36:06 -0500] "GET /oil-cooling.html?cooler_core_height=639&cooler_core_width=659&cooler_rows=591 HTTP/1.1" 200 15462 "-" "Mozilla/5.0 (Linux; Android 6.0.1; Nexus 5X Build/MMB29P) AppleWebKit/537.36 (KHTML, like Gecko) Chrome/87.0.4280.90 Mobile Safari/537.36 (compatible; Googlebot/2.1; +http://www.google.com/bot.html)"
13.66.139.17 - - [16/Dec/2020:06:36:27 -0500] "GET /fittings.html?angle=198&cat=19,46,12&heat_shield_hose_size=272 HTTP/1.1" 200 10138 "-" "Mozilla/5.0 (compatible; bingbot/2.0; +http://www.bing.com/bingbot.htm)"
13.66.139.10 - - [16/Dec/2020:06:36:27 -0500] "GET /fittings.html?angle=195&cat=11&hose_applications=475&portatype=208%2C281%2C298 HTTP/1.1" 200 27724 "-" "Mozilla/5.0 (compatible; bingbot/2.0; +http://www.bing.com/bingbot.htm)"
13.66.139.10 - - [16/Dec/2020:06:36:35 -0500] "GET /fittings.html?angle=197&teeporttype=300%2C326 HTTP/1.1" 200 10077 "-" "Mozilla/5.0 (compatible; bingbot/2.0; +http://www.bing.com/bingbot.htm)"
24.236.192.73 - - [16/Dec/2020:06:36:53 -0500] "GET /ls-oil-pan-pressure-relief-valve-plug.html?gclid=CjwKCAiA_eb-BRB2EiwAGBnXXue5xxhdPhi28s8jLYN8sBaOJNWIq1UE7wApFytgdea9F1KZFgyCcRoCuxIQAvD_BwE HTTP/2.0" 200 17682 "https://www.google.com/" "Mozilla/5.0 (iPhone; CPU iPhone OS 13_7 like Mac OS X) AppleWebKit/605.1.15 (KHTML, like Gecko) Version/13.1.2 Mobile/15E148 Safari/604.1"
24.236.192.73 - - [16/Dec/2020:06:36:53 -0500] "GET /static/version1607992673/frontend/IR/improvedracing/en_US/mage/calendar.css HTTP/2.0" 200 1359 "https://www.improvedracing.com/ls-oil-pan-pressure-relief-valve-plug.html?gclid=CjwKCAiA_eb-BRB2EiwAGBnXXue5xxhdPhi28s8jLYN8sBaOJNWIq1UE7wApFytgdea9F1KZFgyCcRoCuxIQAvD_BwE" "Mozilla/5.0 (iPhone; CPU iPhone OS 13_7 like Mac OS X) AppleWebKit/605.1.15 (KHTML, like Gecko) Version/13.1.2 Mobile/15E148 Safari/604.1"
24.236.192.73 - - [16/Dec/2020:06:36:53 -0500] "GET /static/version1607992673/frontend/IR/improvedracing/en_US/css/styles-m.css HTTP/2.0" 200 59393 "https://www.improvedracing.com/ls-oil-pan-pressure-relief-valve-plug.html?gclid=CjwKCAiA_eb-BRB2EiwAGBnXXue5xxhdPhi28s8jLYN8sBaOJNWIq1UE7wApFytgdea9F1KZFgyCcRoCuxIQAvD_BwE" "Mozilla/5.0 (iPhone; CPU iPhone OS 13_7 like Mac OS X) AppleWebKit/605.1.15 (KHTML, like Gecko) Version/13.1.2 Mobile/15E148 Safari/604.1"
24.236.192.73 - - [16/Dec/2020:06:36:53 -0500] "GET /static/version1607992673/frontend/IR/improvedracing/en_US/css/bootstrap.css HTTP/2.0" 200 7186 "https://www.improvedracing.com/ls-oil-pan-pressure-relief-valve-plug.html?gclid=CjwKCAiA_eb-BRB2EiwAGBnXXue5xxhdPhi28s8jLYN8sBaOJNWIq1UE7wApFytgdea9F1KZFgyCcRoCuxIQAvD_BwE" "Mozilla/5.0 (iPhone; CPU iPhone OS 13_7 like Mac OS X) AppleWebKit/605.1.15 (KHTML, like Gecko) Version/13.1.2 Mobile/15E148 Safari/604.1"
24.236.192.73 - - [16/Dec/2020:06:36:53 -0500] "GET /static/version1607992673/frontend/IR/improvedracing/en_US/css/fontawesome-all.min.css HTTP/2.0" 200 8873 "https://www.improvedracing.com/ls-oil-pan-pressure-relief-valve-plug.html?gclid=CjwKCAiA_eb-BRB2EiwAGBnXXue5xxhdPhi28s8jLYN8sBaOJNWIq1UE7wApFytgdea9F1KZFgyCcRoCuxIQAvD_BwE" "Mozilla/5.0 (iPhone; CPU iPhone OS 13_7 like Mac OS X) AppleWebKit/605.1.15 (KHTML, like Gecko) Version/13.1.2 Mobile/15E148 Safari/604.1"
24.236.192.73 - - [16/Dec/2020:06:36:53 -0500] "GET /static/version1607992673/frontend/IR/improvedracing/en_US/fonts/opensans/light/opensans-300.woff2 HTTP/2.0" 200 17436 "https://www.improvedracing.com/ls-oil-pan-pressure-relief-valve-plug.html?gclid=CjwKCAiA_eb-BRB2EiwAGBnXXue5xxhdPhi28s8jLYN8sBaOJNWIq1UE7wApFytgdea9F1KZFgyCcRoCuxIQAvD_BwE" "Mozilla/5.0 (iPhone; CPU iPhone OS 13_7 like Mac OS X) AppleWebKit/605.1.15 (KHTML, like Gecko) Version/13.1.2 Mobile/15E148 Safari/604.1"
24.236.192.73 - - [16/Dec/2020:06:36:53 -0500] "GET /static/version1607992673/frontend/IR/improvedracing/en_US/fonts/opensans/regular/opensans-400.woff2 HTTP/2.0" 200 17848 "https://www.improvedracing.com/ls-oil-pan-pressure-relief-valve-plug.html?gclid=CjwKCAiA_eb-BRB2EiwAGBnXXue5xxhdPhi28s8jLYN8sBaOJNWIq1UE7wApFytgdea9F1KZFgyCcRoCuxIQAvD_BwE" "Mozilla/5.0 (iPhone; CPU iPhone OS 13_7 like Mac OS X) AppleWebKit/605.1.15 (KHTML, like Gecko) Version/13.1.2 Mobile/15E148 Safari/604.1"
24.236.192.73 - - [16/Dec/2020:06:36:53 -0500] "GET /static/version1607992673/frontend/IR/improvedracing/en_US/fonts/opensans/semibold/opensans-600.woff2 HTTP/2.0" 200 17980 "https://www.improvedracing.com/ls-oil-pan-pressure-relief-valve-plug.html?gclid=CjwKCAiA_eb-BRB2EiwAGBnXXue5xxhdPhi28s8jLYN8sBaOJNWIq1UE7wApFytgdea9F1KZFgyCcRoCuxIQAvD_BwE" "Mozilla/5.0 (iPhone; CPU iPhone OS 13_7 like Mac OS X) AppleWebKit/605.1.15 (KHTML, like Gecko) Version/13.1.2 Mobile/15E148 Safari/604.1"
24.236.192.73 - - [16/Dec/2020:06:36:53 -0500] "GET /static/version1607992673/frontend/IR/improvedracing/en_US/fonts/opensans/bold/opensans-700.woff2 HTTP/2.0" 200 17668 "https://www.improvedracing.com/ls-oil-pan-pressure-relief-valve-plug.html?gclid=CjwKCAiA_eb-BRB2EiwAGBnXXue5xxhdPhi28s8jLYN8sBaOJNWIq1UE7wApFytgdea9F1KZFgyCcRoCuxIQAvD_BwE" "Mozilla/5.0 (iPhone; CPU iPhone OS 13_7 like Mac OS X) AppleWebKit/605.1.15 (KHTML, like Gecko) Version/13.1.2 Mobile/15E148 Safari/604.1"
24.236.192.73 - - [16/Dec/2020:06:36:53 -0500] "GET /static/version1607992673/frontend/IR/improvedracing/en_US/fonts/Luma-Icons.woff2 HTTP/2.0" 200 3272 "https://www.improvedracing.com/ls-oil-pan-pressure-relief-valve-plug.html?gclid=CjwKCAiA_eb-BRB2EiwAGBnXXue5xxhdPhi28s8jLYN8sBaOJNWIq1UE7wApFytgdea9F1KZFgyCcRoCuxIQAvD_BwE" "Mozilla/5.0 (iPhone; CPU iPhone OS 13_7 like Mac OS X) AppleWebKit/605.1.15 (KHTML, like Gecko) Version/13.1.2 Mobile/15E148 Safari/604.1"
24.236.192.73 - - [16/Dec/2020:06:36:53 -0500] "GET /static/version1607992673/frontend/IR/improvedracing/en_US/IhnsGroup_Clider/css/mp.css HTTP/2.0" 200 22027 "https://www.improvedracing.com/ls-oil-pan-pressure-relief-valve-plug.html?gclid=CjwKCAiA_eb-BRB2EiwAGBnXXue5xxhdPhi28s8jLYN8sBaOJNWIq1UE7wApFytgdea9F1KZFgyCcRoCuxIQAvD_BwE" "Mozilla/5.0 (iPhone; CPU iPhone OS 13_7 like Mac OS X) AppleWebKit/605.1.15 (KHTML, like Gecko) Version/13.1.2 Mobile/15E148 Safari/604.1"
24.236.192.73 - - [16/Dec/2020:06:36:53 -0500] "GET /static/version1607992673/frontend/IR/improvedracing/en_US/IhnsGroup_Testimonials/css/mp.css HTTP/2.0" 200 22027 "https://www.improvedracing.com/ls-oil-pan-pressure-relief-valve-plug.html?gclid=CjwKCAiA_eb-BRB2EiwAGBnXXue5xxhdPhi28s8jLYN8sBaOJNWIq1UE7wApFytgdea9F1KZFgyCcRoCuxIQAvD_BwE" "Mozilla/5.0 (iPhone; CPU iPhone OS 13_7 like Mac OS X) AppleWebKit/605.1.15 (KHTML, like Gecko) Version/13.1.2 Mobile/15E148 Safari/604.1"
24.236.192.73 - - [16/Dec/2020:06:36:53 -0500] "GET /static/version1607992673/frontend/IR/improvedracing/en_US/mage/gallery/gallery.css HTTP/2.0" 200 10611 "https://www.improvedracing.com/ls-oil-pan-pressure-relief-valve-plug.html?gclid=CjwKCAiA_eb-BRB2EiwAGBnXXue5xxhdPhi28s8jLYN8sBaOJNWIq1UE7wApFytgdea9F1KZFgyCcRoCuxIQAvD_BwE" "Mozilla/5.0 (iPhone; CPU iPhone OS 13_7 like Mac OS X) AppleWebKit/605.1.15 (KHTML, like Gecko) Version/13.1.2 Mobile/15E148 Safari/604.1"
24.236.192.73 - - [16/Dec/2020:06:36:53 -0500] "GET /static/version1607992673/frontend/IR/improvedracing/en_US/IhnsGroup_OptionBundle/main.css HTTP/2.0" 200 1821 "https://www.improvedracing.com/ls-oil-pan-pressure-relief-valve-plug.html?gclid=CjwKCAiA_eb-BRB2EiwAGBnXXue5xxhdPhi28s8jLYN8sBaOJNWIq1UE7wApFytgdea9F1KZFgyCcRoCuxIQAvD_BwE" "Mozilla/5.0 (iPhone; CPU iPhone OS 13_7 like Mac OS X) AppleWebKit/605.1.15 (KHTML, like Gecko) Version/13.1.2 Mobile/15E148 Safari/604.1"
24.236.192.73 - - [16/Dec/2020:06:36:53 -0500] "GET /static/version1607992673/frontend/IR/improvedracing/en_US/IhnsGroup_OptionBundle/oxcolorbox.css HTTP/2.0" 200 1362 "https://www.improvedracing.com/ls-oil-pan-pressure-relief-valve-plug.html?gclid=CjwKCAiA_eb-BRB2EiwAGBnXXue5xxhdPhi28s8jLYN8sBaOJNWIq1UE7wApFytgdea9F1KZFgyCcRoCuxIQAvD_BwE" "Mozilla/5.0 (iPhone; CPU iPhone OS 13_7 like Mac OS X) AppleWebKit/605.1.15 (KHTML, like Gecko) Version/13.1.2 Mobile/15E148 Safari/604.1"
24.236.192.73 - - [16/Dec/2020:06:36:53 -0500] "GET /static/version1607992673/frontend/IR/improvedracing/en_US/IhnsGroup_OptionBundle/tooltipster.css HTTP/2.0" 200 1691 "https://www.improvedracing.com/ls-oil-pan-pressure-relief-valve-plug.html?gclid=CjwKCAiA_eb-BRB2EiwAGBnXXue5xxhdPhi28s8jLYN8sBaOJNWIq1UE7wApFytgdea9F1KZFgyCcRoCuxIQAvD_BwE" "Mozilla/5.0 (iPhone; CPU iPhone OS 13_7 like Mac OS X) AppleWebKit/605.1.15 (KHTML, like Gecko) Version/13.1.2 Mobile/15E148 Safari/604.1"
24.236.192.73 - - [16/Dec/2020:06:36:53 -0500] "GET /static/version1607992673/frontend/IR/improvedracing/en_US/IhnsGroup_OptionBundle/tooltipster-shadow.css HTTP/2.0" 200 261 "https://www.improvedracing.com/ls-oil-pan-pressure-relief-valve-plug.html?gclid=CjwKCAiA_eb-BRB2EiwAGBnXXue5xxhdPhi28s8jLYN8sBaOJNWIq1UE7wApFytgdea9F1KZFgyCcRoCuxIQAvD_BwE" "Mozilla/5.0 (iPhone; CPU iPhone OS 13_7 like Mac OS X) AppleWebKit/605.1.15 (KHTML, like Gecko) Version/13.1.2 Mobile/15E148 Safari/604.1"
24.236.192.73 - - [16/Dec/2020:06:36:53 -0500] "GET /static/version1607992673/frontend/IR/improvedracing/en_US/IhnsGroup_PAttachments/attachment.css HTTP/2.0" 200 499 "https://www.improvedracing.com/ls-oil-pan-pressure-relief-valve-plug.html?gclid=CjwKCAiA_eb-BRB2EiwAGBnXXue5xxhdPhi28s8jLYN8sBaOJNWIq1UE7wApFytgdea9F1KZFgyCcRoCuxIQAvD_BwE" "Mozilla/5.0 (iPhone; CPU iPhone OS 13_7 like Mac OS X) AppleWebKit/605.1.15 (KHTML, like Gecko) Version/13.1.2 Mobile/15E148 Safari/604.1"
24.236.192.73 - - [16/Dec/2020:06:36:53 -0500] "GET /static/version1607992673/frontend/IR/improvedracing/en_US/requirejs/require.min.js HTTP/2.0" 200 7660 "https://www.improvedracing.com/ls-oil-pan-pressure-relief-valve-plug.html?gclid=CjwKCAiA_eb-BRB2EiwAGBnXXue5xxhdPhi28s8jLYN8sBaOJNWIq1UE7wApFytgdea9F1KZFgyCcRoCuxIQAvD_BwE" "Mozilla/5.0 (iPhone; CPU iPhone OS 13_7 like Mac OS X) AppleWebKit/605.1.15 (KHTML, like Gecko) Version/13.1.2 Mobile/15E148 Safari/604.1"
24.236.192.73 - - [16/Dec/2020:06:36:53 -0500] "GET /static/version1607992673/frontend/IR/improvedracing/en_US/requirejs-min-resolver.min.js HTTP/2.0" 200 459 "https://www.improvedracing.com/ls-oil-pan-pressure-relief-valve-plug.html?gclid=CjwKCAiA_eb-BRB2EiwAGBnXXue5xxhdPhi28s8jLYN8sBaOJNWIq1UE7wApFytgdea9F1KZFgyCcRoCuxIQAvD_BwE" "Mozilla/5.0 (iPhone; CPU iPhone OS 13_7 like Mac OS X) AppleWebKit/605.1.15 (KHTML, like Gecko) Version/13.1.2 Mobile/15E148 Safari/604.1"
24.236.192.73 - - [16/Dec/2020:06:36:54 -0500] "GET /static/version1607992673/frontend/IR/improvedracing/en_US/js/bundle/bundle11.min.js HTTP/2.0" 200 44748 "https://www.improvedracing.com/ls-oil-pan-pressure-relief-valve-plug.html?gclid=CjwKCAiA_eb-BRB2EiwAGBnXXue5xxhdPhi28s8jLYN8sBaOJNWIq1UE7wApFytgdea9F1KZFgyCcRoCuxIQAvD_BwE" "Mozilla/5.0 (iPhone; CPU iPhone OS 13_7 like Mac OS X) AppleWebKit/605.1.15 (KHTML, like Gecko) Version/13.1.2 Mobile/15E148 Safari/604.1"
24.236.192.73 - - [16/Dec/2020:06:36:54 -0500] "GET /static/version1607992673/frontend/IR/improvedracing/en_US/mage/requirejs/static.min.js HTTP/2.0" 200 1225 "https://www.improvedracing.com/ls-oil-pan-pressure-relief-valve-plug.html?gclid=CjwKCAiA_eb-BRB2EiwAGBnXXue5xxhdPhi28s8jLYN8sBaOJNWIq1UE7wApFytgdea9F1KZFgyCcRoCuxIQAvD_BwE" "Mozilla/5.0 (iPhone; CPU iPhone OS 13_7 like Mac OS X) AppleWebKit/605.1.15 (KHTML, like Gecko) Version/13.1.2 Mobile/15E148 Safari/604.1"
24.236.192.73 - - [16/Dec/2020:06:36:54 -0500] "GET /static/version1607992673/frontend/IR/improvedracing/en_US/mage/requirejs/mixins.min.js HTTP/2.0" 200 1082 "https://www.improvedracing.com/ls-oil-pan-pressure-relief-valve-plug.html?gclid=CjwKCAiA_eb-BRB2EiwAGBnXXue5xxhdPhi28s8jLYN8sBaOJNWIq1UE7wApFytgdea9F1KZFgyCcRoCuxIQAvD_BwE" "Mozilla/5.0 (iPhone; CPU iPhone OS 13_7 like Mac OS X) AppleWebKit/605.1.15 (KHTML, like Gecko) Version/13.1.2 Mobile/15E148 Safari/604.1"
24.236.192.73 - - [16/Dec/2020:06:36:54 -0500] "GET /static/version1607992673/frontend/IR/improvedracing/en_US/requirejs-config.min.js HTTP/2.0" 200 3614 "https://www.improvedracing.com/ls-oil-pan-pressure-relief-valve-plug.html?gclid=CjwKCAiA_eb-BRB2EiwAGBnXXue5xxhdPhi28s8jLYN8sBaOJNWIq1UE7wApFytgdea9F1KZFgyCcRoCuxIQAvD_BwE" "Mozilla/5.0 (iPhone; CPU iPhone OS 13_7 like Mac OS X) AppleWebKit/605.1.15 (KHTML, like Gecko) Version/13.1.2 Mobile/15E148 Safari/604.1"
24.236.192.73 - - [16/Dec/2020:06:36:54 -0500] "GET /static/version1607992673/frontend/IR/improvedracing/en_US/mage/polyfill.min.js HTTP/2.0" 200 779 "https://www.improvedracing.com/ls-oil-pan-pressure-relief-valve-plug.html?gclid=CjwKCAiA_eb-BRB2EiwAGBnXXue5xxhdPhi28s8jLYN8sBaOJNWIq1UE7wApFytgdea9F1KZFgyCcRoCuxIQAvD_BwE" "Mozilla/5.0 (iPhone; CPU iPhone OS 13_7 like Mac OS X) AppleWebKit/605.1.15 (KHTML, like Gecko) Version/13.1.2 Mobile/15E148 Safari/604.1"
24.236.192.73 - - [16/Dec/2020:06:36:54 -0500] "GET /static/version1607992673/frontend/IR/improvedracing/en_US/js/bundle/bundle0.min.js HTTP/2.0" 200 247140 "https://www.improvedracing.com/ls-oil-pan-pressure-relief-valve-plug.html?gclid=CjwKCAiA_eb-BRB2EiwAGBnXXue5xxhdPhi28s8jLYN8sBaOJNWIq1UE7wApFytgdea9F1KZFgyCcRoCuxIQAvD_BwE" "Mozilla/5.0 (iPhone; CPU iPhone OS 13_7 like Mac OS X) AppleWebKit/605.1.15 (KHTML, like Gecko) Version/13.1.2 Mobile/15E148 Safari/604.1"
24.236.192.73 - - [16/Dec/2020:06:36:54 -0500] "GET /static/version1607992673/frontend/IR/improvedracing/en_US/js/bundle/bundle1.min.js HTTP/2.0" 200 226423 "https://www.improvedracing.com/ls-oil-pan-pressure-relief-valve-plug.html?gclid=CjwKCAiA_eb-BRB2EiwAGBnXXue5xxhdPhi28s8jLYN8sBaOJNWIq1UE7wApFytgdea9F1KZFgyCcRoCuxIQAvD_BwE" "Mozilla/5.0 (iPhone; CPU iPhone OS 13_7 like Mac OS X) AppleWebKit/605.1.15 (KHTML, like Gecko) Version/13.1.2 Mobile/15E148 Safari/604.1"
24.236.192.73 - - [16/Dec/2020:06:36:54 -0500] "GET /static/version1607992673/frontend/IR/improvedracing/en_US/js/bundle/bundle10.min.js HTTP/2.0" 200 209632 "https://www.improvedracing.com/ls-oil-pan-pressure-relief-valve-plug.html?gclid=CjwKCAiA_eb-BRB2EiwAGBnXXue5xxhdPhi28s8jLYN8sBaOJNWIq1UE7wApFytgdea9F1KZFgyCcRoCuxIQAvD_BwE" "Mozilla/5.0 (iPhone; CPU iPhone OS 13_7 like Mac OS X) AppleWebKit/605.1.15 (KHTML, like Gecko) Version/13.1.2 Mobile/15E148 Safari/604.1"
24.236.192.73 - - [16/Dec/2020:06:36:54 -0500] "GET /static/version1607992673/frontend/IR/improvedracing/en_US/js/bundle/bundle3.min.js HTTP/2.0" 200 201543 "https://www.improvedracing.com/ls-oil-pan-pressure-relief-valve-plug.html?gclid=CjwKCAiA_eb-BRB2EiwAGBnXXue5xxhdPhi28s8jLYN8sBaOJNWIq1UE7wApFytgdea9F1KZFgyCcRoCuxIQAvD_BwE" "Mozilla/5.0 (iPhone; CPU iPhone OS 13_7 like Mac OS X) AppleWebKit/605.1.15 (KHTML, like Gecko) Version/13.1.2 Mobile/15E148 Safari/604.1"
24.236.192.73 - - [16/Dec/2020:06:36:54 -0500] "GET /static/version1607992673/frontend/IR/improvedracing/en_US/js/bundle/bundle5.min.js HTTP/2.0" 200 245692 "https://www.improvedracing.com/ls-oil-pan-pressure-relief-valve-plug.html?gclid=CjwKCAiA_eb-BRB2EiwAGBnXXue5xxhdPhi28s8jLYN8sBaOJNWIq1UE7wApFytgdea9F1KZFgyCcRoCuxIQAvD_BwE" "Mozilla/5.0 (iPhone; CPU iPhone OS 13_7 like Mac OS X) AppleWebKit/605.1.15 (KHTML, like Gecko) Version/13.1.2 Mobile/15E148 Safari/604.1"
24.236.192.73 - - [16/Dec/2020:06:36:54 -0500] "GET /static/version1607992673/frontend/IR/improvedracing/en_US/js/bundle/bundle6.min.js HTTP/2.0" 200 257362 "https://www.improvedracing.com/ls-oil-pan-pressure-relief-valve-plug.html?gclid=CjwKCAiA_eb-BRB2EiwAGBnXXue5xxhdPhi28s8jLYN8sBaOJNWIq1UE7wApFytgdea9F1KZFgyCcRoCuxIQAvD_BwE" "Mozilla/5.0 (iPhone; CPU iPhone OS 13_7 like Mac OS X) AppleWebKit/605.1.15 (KHTML, like Gecko) Version/13.1.2 Mobile/15E148 Safari/604.1"
24.236.192.73 - - [16/Dec/2020:06:36:54 -0500] "GET /static/version1607992673/frontend/IR/improvedracing/en_US/js/bundle/bundle7.min.js HTTP/2.0" 200 286359 "https://www.improvedracing.com/ls-oil-pan-pressure-relief-valve-plug.html?gclid=CjwKCAiA_eb-BRB2EiwAGBnXXue5xxhdPhi28s8jLYN8sBaOJNWIq1UE7wApFytgdea9F1KZFgyCcRoCuxIQAvD_BwE" "Mozilla/5.0 (iPhone; CPU iPhone OS 13_7 like Mac OS X) AppleWebKit/605.1.15 (KHTML, like Gecko) Version/13.1.2 Mobile/15E148 Safari/604.1"
24.236.192.73 - - [16/Dec/2020:06:36:54 -0500] "GET /static/version1607992673/frontend/IR/improvedracing/en_US/js/bundle/bundle8.min.js HTTP/2.0" 200 257149 "https://www.improvedracing.com/ls-oil-pan-pressure-relief-valve-plug.html?gclid=CjwKCAiA_eb-BRB2EiwAGBnXXue5xxhdPhi28s8jLYN8sBaOJNWIq1UE7wApFytgdea9F1KZFgyCcRoCuxIQAvD_BwE" "Mozilla/5.0 (iPhone; CPU iPhone OS 13_7 like Mac OS X) AppleWebKit/605.1.15 (KHTML, like Gecko) Version/13.1.2 Mobile/15E148 Safari/604.1"
24.236.192.73 - - [16/Dec/2020:06:36:54 -0500] "GET /static/version1607992673/frontend/IR/improvedracing/en_US/js/bundle/bundle9.min.js HTTP/2.0" 200 259841 "https://www.improvedracing.com/ls-oil-pan-pressure-relief-valve-plug.html?gclid=CjwKCAiA_eb-BRB2EiwAGBnXXue5xxhdPhi28s8jLYN8sBaOJNWIq1UE7wApFytgdea9F1KZFgyCcRoCuxIQAvD_BwE" "Mozilla/5.0 (iPhone; CPU iPhone OS 13_7 like Mac OS X) AppleWebKit/605.1.15 (KHTML, like Gecko) Version/13.1.2 Mobile/15E148 Safari/604.1"
24.236.192.73 - - [16/Dec/2020:06:36:54 -0500] "GET /static/version1607992673/frontend/IR/improvedracing/en_US/js/fontawesome-all.min.js HTTP/2.0" 200 294349 "https://www.improvedracing.com/ls-oil-pan-pressure-relief-valve-plug.html?gclid=CjwKCAiA_eb-BRB2EiwAGBnXXue5xxhdPhi28s8jLYN8sBaOJNWIq1UE7wApFytgdea9F1KZFgyCcRoCuxIQAvD_BwE" "Mozilla/5.0 (iPhone; CPU iPhone OS 13_7 like Mac OS X) AppleWebKit/605.1.15 (KHTML, like Gecko) Version/13.1.2 Mobile/15E148 Safari/604.1"
24.236.192.73 - - [16/Dec/2020:06:36:54 -0500] "GET /static/version1607992673/frontend/IR/improvedracing/en_US/js/bundle/bundle2.min.js HTTP/2.0" 200 299426 "https://www.improvedracing.com/ls-oil-pan-pressure-relief-valve-plug.html?gclid=CjwKCAiA_eb-BRB2EiwAGBnXXue5xxhdPhi28s8jLYN8sBaOJNWIq1UE7wApFytgdea9F1KZFgyCcRoCuxIQAvD_BwE" "Mozilla/5.0 (iPhone; CPU iPhone OS 13_7 like Mac OS X) AppleWebKit/605.1.15 (KHTML, like Gecko) Version/13.1.2 Mobile/15E148 Safari/604.1"
24.236.192.73 - - [16/Dec/2020:06:36:54 -0500] "GET /static/version1607992673/frontend/IR/improvedracing/en_US/js/bundle/bundle4.min.js HTTP/2.0" 200 359345 "https://www.improvedracing.com/ls-oil-pan-pressure-relief-valve-plug.html?gclid=CjwKCAiA_eb-BRB2EiwAGBnXXue5xxhdPhi28s8jLYN8sBaOJNWIq1UE7wApFytgdea9F1KZFgyCcRoCuxIQAvD_BwE" "Mozilla/5.0 (iPhone; CPU iPhone OS 13_7 like Mac OS X) AppleWebKit/605.1.15 (KHTML, like Gecko) Version/13.1.2 Mobile/15E148 Safari/604.1"
24.236.192.73 - - [16/Dec/2020:06:36:54 -0500] "GET /media/logo/stores/2/logo.png HTTP/2.0" 200 10831 "https://www.improvedracing.com/ls-oil-pan-pressure-relief-valve-plug.html?gclid=CjwKCAiA_eb-BRB2EiwAGBnXXue5xxhdPhi28s8jLYN8sBaOJNWIq1UE7wApFytgdea9F1KZFgyCcRoCuxIQAvD_BwE" "Mozilla/5.0 (iPhone; CPU iPhone OS 13_7 like Mac OS X) AppleWebKit/605.1.15 (KHTML, like Gecko) Version/13.1.2 Mobile/15E148 Safari/604.1"
24.236.192.73 - - [16/Dec/2020:06:36:54 -0500] "GET /static/version1607992673/frontend/IR/improvedracing/en_US/images/loader-1.gif HTTP/2.0" 200 17255 "https://www.improvedracing.com/ls-oil-pan-pressure-relief-valve-plug.html?gclid=CjwKCAiA_eb-BRB2EiwAGBnXXue5xxhdPhi28s8jLYN8sBaOJNWIq1UE7wApFytgdea9F1KZFgyCcRoCuxIQAvD_BwE" "Mozilla/5.0 (iPhone; CPU iPhone OS 13_7 like Mac OS X) AppleWebKit/605.1.15 (KHTML, like Gecko) Version/13.1.2 Mobile/15E148 Safari/604.1"
24.236.192.73 - - [16/Dec/2020:06:36:54 -0500] "GET /static/version1607992673/frontend/IR/improvedracing/en_US/css/styles-l.css HTTP/2.0" 200 24410 "https://www.improvedracing.com/ls-oil-pan-pressure-relief-valve-plug.html?gclid=CjwKCAiA_eb-BRB2EiwAGBnXXue5xxhdPhi28s8jLYN8sBaOJNWIq1UE7wApFytgdea9F1KZFgyCcRoCuxIQAvD_BwE" "Mozilla/5.0 (iPhone; CPU iPhone OS 13_7 like Mac OS X) AppleWebKit/605.1.15 (KHTML, like Gecko) Version/13.1.2 Mobile/15E148 Safari/604.1"
24.236.192.73 - - [16/Dec/2020:06:36:54 -0500] "GET /static/version1607992673/frontend/IR/improvedracing/en_US/css/print.css HTTP/2.0" 200 7235 "https://www.improvedracing.com/ls-oil-pan-pressure-relief-valve-plug.html?gclid=CjwKCAiA_eb-BRB2EiwAGBnXXue5xxhdPhi28s8jLYN8sBaOJNWIq1UE7wApFytgdea9F1KZFgyCcRoCuxIQAvD_BwE" "Mozilla/5.0 (iPhone; CPU iPhone OS 13_7 like Mac OS X) AppleWebKit/605.1.15 (KHTML, like Gecko) Version/13.1.2 Mobile/15E148 Safari/604.1"
24.236.192.73 - - [16/Dec/2020:06:36:54 -0500] "GET /static/version1607992673/frontend/IR/improvedracing/en_US/js-translation.json HTTP/2.0" 200 139 "https://www.improvedracing.com/ls-oil-pan-pressure-relief-valve-plug.html?gclid=CjwKCAiA_eb-BRB2EiwAGBnXXue5xxhdPhi28s8jLYN8sBaOJNWIq1UE7wApFytgdea9F1KZFgyCcRoCuxIQAvD_BwE" "Mozilla/5.0 (iPhone; CPU iPhone OS 13_7 like Mac OS X) AppleWebKit/605.1.15 (KHTML, like Gecko) Version/13.1.2 Mobile/15E148 Safari/604.1"
24.236.192.73 - - [16/Dec/2020:06:36:54 -0500] "GET /static/version1607992673/frontend/IR/improvedracing/en_US/webfonts/fa-solid-900.woff2 HTTP/2.0" 200 67400 "https://www.improvedracing.com/ls-oil-pan-pressure-relief-valve-plug.html?gclid=CjwKCAiA_eb-BRB2EiwAGBnXXue5xxhdPhi28s8jLYN8sBaOJNWIq1UE7wApFytgdea9F1KZFgyCcRoCuxIQAvD_BwE" "Mozilla/5.0 (iPhone; CPU iPhone OS 13_7 like Mac OS X) AppleWebKit/605.1.15 (KHTML, like Gecko) Version/13.1.2 Mobile/15E148 Safari/604.1"
24.236.192.73 - - [16/Dec/2020:06:36:54 -0500] "GET /static/version1607992673/frontend/IR/improvedracing/en_US/webfonts/fa-regular-400.woff2 HTTP/2.0" 200 14868 "https://www.improvedracing.com/ls-oil-pan-pressure-relief-valve-plug.html?gclid=CjwKCAiA_eb-BRB2EiwAGBnXXue5xxhdPhi28s8jLYN8sBaOJNWIq1UE7wApFytgdea9F1KZFgyCcRoCuxIQAvD_BwE" "Mozilla/5.0 (iPhone; CPU iPhone OS 13_7 like Mac OS X) AppleWebKit/605.1.15 (KHTML, like Gecko) Version/13.1.2 Mobile/15E148 Safari/604.1"
24.236.192.73 - - [16/Dec/2020:06:36:54 -0500] "GET /static/version1607992673/frontend/IR/improvedracing/en_US/IhnsGroup_Testimonials/css/fonts/glyphicons-halflings-regular.woff2 HTTP/2.0" 200 18028 "https://www.improvedracing.com/ls-oil-pan-pressure-relief-valve-plug.html?gclid=CjwKCAiA_eb-BRB2EiwAGBnXXue5xxhdPhi28s8jLYN8sBaOJNWIq1UE7wApFytgdea9F1KZFgyCcRoCuxIQAvD_BwE" "Mozilla/5.0 (iPhone; CPU iPhone OS 13_7 like Mac OS X) AppleWebKit/605.1.15 (KHTML, like Gecko) Version/13.1.2 Mobile/15E148 Safari/604.1"
24.236.192.73 - - [16/Dec/2020:06:36:54 -0500] "GET /static/version1607992673/frontend/IR/improvedracing/en_US/webfonts/fa-brands-400.woff2 HTTP/2.0" 200 65316 "https://www.improvedracing.com/ls-oil-pan-pressure-relief-valve-plug.html?gclid=CjwKCAiA_eb-BRB2EiwAGBnXXue5xxhdPhi28s8jLYN8sBaOJNWIq1UE7wApFytgdea9F1KZFgyCcRoCuxIQAvD_BwE" "Mozilla/5.0 (iPhone; CPU iPhone OS 13_7 like Mac OS X) AppleWebKit/605.1.15 (KHTML, like Gecko) Version/13.1.2 Mobile/15E148 Safari/604.1"
24.236.192.73 - - [16/Dec/2020:06:36:55 -0500] "GET /customer/section/load/?sections=gtm&force_new_section_timestamp=false&_=1608118614747 HTTP/2.0" 200 64 "https://www.improvedracing.com/ls-oil-pan-pressure-relief-valve-plug.html?gclid=CjwKCAiA_eb-BRB2EiwAGBnXXue5xxhdPhi28s8jLYN8sBaOJNWIq1UE7wApFytgdea9F1KZFgyCcRoCuxIQAvD_BwE" "Mozilla/5.0 (iPhone; CPU iPhone OS 13_7 like Mac OS X) AppleWebKit/605.1.15 (KHTML, like Gecko) Version/13.1.2 Mobile/15E148 Safari/604.1"
24.236.192.73 - - [16/Dec/2020:06:36:55 -0500] "GET /static/version1607992673/frontend/IR/improvedracing/en_US/mage/gallery/gallery.png HTTP/2.0" 200 4996 "https://www.improvedracing.com/ls-oil-pan-pressure-relief-valve-plug.html?gclid=CjwKCAiA_eb-BRB2EiwAGBnXXue5xxhdPhi28s8jLYN8sBaOJNWIq1UE7wApFytgdea9F1KZFgyCcRoCuxIQAvD_BwE" "Mozilla/5.0 (iPhone; CPU iPhone OS 13_7 like Mac OS X) AppleWebKit/605.1.15 (KHTML, like Gecko) Version/13.1.2 Mobile/15E148 Safari/604.1"
24.236.192.73 - - [16/Dec/2020:06:36:55 -0500] "GET /media/catalog/product/8/1/814-m14_2_lrg.jpg HTTP/2.0" 200 63823 "https://www.improvedracing.com/ls-oil-pan-pressure-relief-valve-plug.html?gclid=CjwKCAiA_eb-BRB2EiwAGBnXXue5xxhdPhi28s8jLYN8sBaOJNWIq1UE7wApFytgdea9F1KZFgyCcRoCuxIQAvD_BwE" "Mozilla/5.0 (iPhone; CPU iPhone OS 13_7 like Mac OS X) AppleWebKit/605.1.15 (KHTML, like Gecko) Version/13.1.2 Mobile/15E148 Safari/604.1"
24.236.192.73 - - [16/Dec/2020:06:36:55 -0500] "GET /media/catalog/product/8/1/814-m14_4_lrg.jpg HTTP/2.0" 200 285780 "https://www.improvedracing.com/ls-oil-pan-pressure-relief-valve-plug.html?gclid=CjwKCAiA_eb-BRB2EiwAGBnXXue5xxhdPhi28s8jLYN8sBaOJNWIq1UE7wApFytgdea9F1KZFgyCcRoCuxIQAvD_BwE" "Mozilla/5.0 (iPhone; CPU iPhone OS 13_7 like Mac OS X) AppleWebKit/605.1.15 (KHTML, like Gecko) Version/13.1.2 Mobile/15E148 Safari/604.1"
24.236.192.73 - - [16/Dec/2020:06:36:55 -0500] "GET /media/catalog/product/8/1/814-m14_3_lrg.jpg HTTP/2.0" 200 57936 "https://www.improvedracing.com/ls-oil-pan-pressure-relief-valve-plug.html?gclid=CjwKCAiA_eb-BRB2EiwAGBnXXue5xxhdPhi28s8jLYN8sBaOJNWIq1UE7wApFytgdea9F1KZFgyCcRoCuxIQAvD_BwE" "Mozilla/5.0 (iPhone; CPU iPhone OS 13_7 like Mac OS X) AppleWebKit/605.1.15 (KHTML, like Gecko) Version/13.1.2 Mobile/15E148 Safari/604.1"
24.236.192.73 - - [16/Dec/2020:06:36:55 -0500] "GET /media/catalog/product/cache/defcc39459a17b73b03dd3a53ed700ce/8/1/814-m14_2_lrg.jpg HTTP/2.0" 200 2656 "https://www.improvedracing.com/ls-oil-pan-pressure-relief-valve-plug.html?gclid=CjwKCAiA_eb-BRB2EiwAGBnXXue5xxhdPhi28s8jLYN8sBaOJNWIq1UE7wApFytgdea9F1KZFgyCcRoCuxIQAvD_BwE" "Mozilla/5.0 (iPhone; CPU iPhone OS 13_7 like Mac OS X) AppleWebKit/605.1.15 (KHTML, like Gecko) Version/13.1.2 Mobile/15E148 Safari/604.1"
24.236.192.73 - - [16/Dec/2020:06:36:55 -0500] "GET /media/catalog/product/cache/defcc39459a17b73b03dd3a53ed700ce/8/1/814-m14_3_lrg.jpg HTTP/2.0" 200 2406 "https://www.improvedracing.com/ls-oil-pan-pressure-relief-valve-plug.html?gclid=CjwKCAiA_eb-BRB2EiwAGBnXXue5xxhdPhi28s8jLYN8sBaOJNWIq1UE7wApFytgdea9F1KZFgyCcRoCuxIQAvD_BwE" "Mozilla/5.0 (iPhone; CPU iPhone OS 13_7 like Mac OS X) AppleWebKit/605.1.15 (KHTML, like Gecko) Version/13.1.2 Mobile/15E148 Safari/604.1"
24.236.192.73 - - [16/Dec/2020:06:36:55 -0500] "GET /media/catalog/product/cache/defcc39459a17b73b03dd3a53ed700ce/8/1/814-m14_4_lrg.jpg HTTP/2.0" 200 6276 "https://www.improvedracing.com/ls-oil-pan-pressure-relief-valve-plug.html?gclid=CjwKCAiA_eb-BRB2EiwAGBnXXue5xxhdPhi28s8jLYN8sBaOJNWIq1UE7wApFytgdea9F1KZFgyCcRoCuxIQAvD_BwE" "Mozilla/5.0 (iPhone; CPU iPhone OS 13_7 like Mac OS X) AppleWebKit/605.1.15 (KHTML, like Gecko) Version/13.1.2 Mobile/15E148 Safari/604.1"
24.236.192.73 - - [16/Dec/2020:06:36:56 -0500] "GET /media/favicon/stores/2/favicon.ico HTTP/2.0" 200 1150 "https://www.improvedracing.com/ls-oil-pan-pressure-relief-valve-plug.html?gclid=CjwKCAiA_eb-BRB2EiwAGBnXXue5xxhdPhi28s8jLYN8sBaOJNWIq1UE7wApFytgdea9F1KZFgyCcRoCuxIQAvD_BwE" "Mozilla/5.0 (iPhone; CPU iPhone OS 13_7 like Mac OS X) AppleWebKit/605.1.15 (KHTML, like Gecko) Version/13.1.2 Mobile/15E148 Safari/604.1"
207.46.13.6 - - [16/Dec/2020:06:37:00 -0500] "GET /oetiker-ear-clamp-crimping-tool-pliers-10-inch.html HTTP/1.1" 200 16022 "-" "Mozilla/5.0 (compatible; adidxbot/2.0; +http://www.bing.com/bingbot.htm)"
