50.236.92.146 - - [16/Dec/2020:06:38:27 -0500] "GET /media/catalog/product/cache/7e6550ed27b496de68f484d9d76ec807/o/c/ocd19_lrg.jpg HTTP/2.0" 200 4295 "https://www.improvedracing.com/oil-cooling.html" "Mozilla/5.0 (Windows NT 10.0; Win64; x64) AppleWebKit/537.36 (KHTML, like Gecko) Chrome/87.0.4280.88 Safari/537.36"
50.236.92.146 - - [16/Dec/2020:06:38:27 -0500] "GET /media/catalog/product/cache/7e6550ed27b496de68f484d9d76ec807/a/2/a25f22l_1_lrg_2.jpg HTTP/2.0" 200 6755 "https://www.improvedracing.com/oil-cooling.html" "Mozilla/5.0 (Windows NT 10.0; Win64; x64) AppleWebKit/537.36 (KHTML, like Gecko) Chrome/87.0.4280.88 Safari/537.36"
66.249.66.79 - - [16/Dec/2020:06:38:27 -0500] "GET /static/version1607992673/frontend/IR/improvedracing/en_US/IhnsGroup_OptionBundle/tooltipster.css HTTP/1.1" 200 1703 "https://www.improvedracing.com/oil-pickup-tube-for-silverado-tahoe-express-12563961.html" "Mozilla/5.0 (compatible; Googlebot/2.1; +http://www.google.com/bot.html)"
13.66.139.17 - - [16/Dec/2020:06:38:28 -0500] "GET /hose-assemblies.html?heat_shield_hose_size=284&inner_diameter=258&outer_layer_material=250 HTTP/1.1" 200 13179 "-" "Mozilla/5.0 (compatible; bingbot/2.0; +http://www.bing.com/bingbot.htm)"
66.249.66.79 - - [16/Dec/2020:06:38:28 -0500] "GET /static/version1607992673/frontend/IR/improvedracing/en_US/IhnsGroup_OptionBundle/tooltipster-shadow.css HTTP/1.1" 200 261 "https://www.improvedracing.com/oil-pickup-tube-for-silverado-tahoe-express-12563961.html" "Mozilla/5.0 (compatible; Googlebot/2.1; +http://www.google.com/bot.html)"
66.249.66.79 - - [16/Dec/2020:06:38:29 -0500] "GET /static/version1607992673/frontend/IR/improvedracing/en_US/IhnsGroup_PAttachments/attachment.css HTTP/1.1" 200 511 "https://www.improvedracing.com/oil-pickup-tube-for-silverado-tahoe-express-12563961.html" "Mozilla/5.0 (compatible; Googlebot/2.1; +http://www.google.com/bot.html)"
66.249.66.79 - - [16/Dec/2020:06:38:29 -0500] "GET /static/version1607992673/frontend/IR/improvedracing/en_US/IhnsGroup_OptionBundle/oxcolorbox.css HTTP/1.1" 200 1374 "https://www.improvedracing.com/oil-pickup-tube-for-silverado-tahoe-express-12563961.html" "Mozilla/5.0 (compatible; Googlebot/2.1; +http://www.google.com/bot.html)"
66.249.66.79 - - [16/Dec/2020:06:38:30 -0500] "GET /static/version1607992673/frontend/IR/improvedracing/en_US/css/styles-l.css HTTP/1.1" 200 24423 "https://www.improvedracing.com/oil-pickup-tube-for-silverado-tahoe-express-12563961.html" "Mozilla/5.0 (compatible; Googlebot/2.1; +http://www.google.com/bot.html)"
66.249.66.79 - - [16/Dec/2020:06:38:30 -0500] "GET /static/version1607992673/frontend/IR/improvedracing/en_US/requirejs/require.min.js HTTP/1.1" 200 7673 "https://www.improvedracing.com/oil-pickup-tube-for-silverado-tahoe-express-12563961.html" "Mozilla/5.0 (compatible; Googlebot/2.1; +http://www.google.com/bot.html)"
66.249.66.79 - - [16/Dec/2020:06:38:31 -0500] "GET /static/version1607992673/frontend/IR/improvedracing/en_US/js/bundle/bundle1.min.js HTTP/1.1" 200 226500 "https://www.improvedracing.com/oil-pickup-tube-for-silverado-tahoe-express-12563961.html" "Mozilla/5.0 (compatible; Googlebot/2.1; +http://www.google.com/bot.html)"
66.249.66.79 - - [16/Dec/2020:06:38:31 -0500] "GET /static/version1607992673/frontend/IR/improvedracing/en_US/requirejs-min-resolver.min.js HTTP/1.1" 200 459 "https://www.improvedracing.com/oil-pickup-tube-for-silverado-tahoe-express-12563961.html" "Mozilla/5.0 (compatible; Googlebot/2.1; +http://www.google.com/bot.html)"
66.249.66.79 - - [16/Dec/2020:06:38:32 -0500] "GET /static/version1607992673/frontend/IR/improvedracing/en_US/js/bundle/bundle10.min.js HTTP/1.1" 200 209693 "https://www.improvedracing.com/oil-pickup-tube-for-silverado-tahoe-express-12563961.html" "Mozilla/5.0 (compatible; Googlebot/2.1; +http://www.google.com/bot.html)"
207.46.13.137 - - [16/Dec/2020:06:38:32 -0500] "GET /customer/account/login/referer/aHR0cHM6Ly93d3cuYW5ob3NlZml0dGluZ3MuY29tL2ZpdHRpbmdzLmh0bWw_YXBwbGljYXRpb25zPTIzNSZob3NlX2FwcGxpY2F0aW9ucz00NzcmcG9ydGJ0eXBlPTIxNQ%2C%2C/ HTTP/1.1" 200 9963 "-" "Mozilla/5.0 (compatible; bingbot/2.0; +http://www.bing.com/bingbot.htm)"
66.249.66.79 - - [16/Dec/2020:06:38:32 -0500] "GET /static/version1607992673/frontend/IR/improvedracing/en_US/js/bundle/bundle11.min.js HTTP/1.1" 200 44769 "https://www.improvedracing.com/oil-pickup-tube-for-silverado-tahoe-express-12563961.html" "Mozilla/5.0 (compatible; Googlebot/2.1; +http://www.google.com/bot.html)"
66.249.66.79 - - [16/Dec/2020:06:38:33 -0500] "GET /static/version1607992673/frontend/IR/improvedracing/en_US/js/bundle/bundle2.min.js HTTP/1.1" 200 299519 "https://www.improvedracing.com/oil-pickup-tube-for-silverado-tahoe-express-12563961.html" "Mozilla/5.0 (compatible; Googlebot/2.1; +http://www.google.com/bot.html)"
66.249.66.79 - - [16/Dec/2020:06:38:33 -0500] "GET /static/version1607992673/frontend/IR/improvedracing/en_US/js/bundle/bundle4.min.js HTTP/1.1" 200 359462 "https://www.improvedracing.com/oil-pickup-tube-for-silverado-tahoe-express-12563961.html" "Mozilla/5.0 (compatible; Googlebot/2.1; +http://www.google.com/bot.html)"
66.249.66.79 - - [16/Dec/2020:06:38:34 -0500] "GET /static/version1607992673/frontend/IR/improvedracing/en_US/IhnsGroup_Clider/css/mp.css HTTP/1.1" 200 22040 "https://www.improvedracing.com/oil-pickup-tube-for-silverado-tahoe-express-12563961.html" "Mozilla/5.0 (compatible; Googlebot/2.1; +http://www.google.com/bot.html)"
66.249.66.79 - - [16/Dec/2020:06:38:34 -0500] "GET /static/version1607992673/frontend/IR/improvedracing/en_US/mage/gallery/gallery.css HTTP/1.1" 200 10624 "https://www.improvedracing.com/oil-pickup-tube-for-silverado-tahoe-express-12563961.html" "Mozilla/5.0 (compatible; Googlebot/2.1; +http://www.google.com/bot.html)"
66.249.66.79 - - [16/Dec/2020:06:38:35 -0500] "GET /static/version1607992673/frontend/IR/improvedracing/en_US/js/fontawesome-all.min.js HTTP/1.1" 200 294442 "https://www.improvedracing.com/oil-pickup-tube-for-silverado-tahoe-express-12563961.html" "Mozilla/5.0 (compatible; Googlebot/2.1; +http://www.google.com/bot.html)"
66.249.66.79 - - [16/Dec/2020:06:38:35 -0500] "GET /static/version1607992673/frontend/IR/improvedracing/en_US/js/bundle/bundle0.min.js HTTP/1.1" 200 247217 "https://www.improvedracing.com/oil-pickup-tube-for-silverado-tahoe-express-12563961.html" "Mozilla/5.0 (compatible; Googlebot/2.1; +http://www.google.com/bot.html)"
66.249.66.79 - - [16/Dec/2020:06:38:36 -0500] "GET /static/version1607992673/frontend/IR/improvedracing/en_US/js/bundle/bundle7.min.js HTTP/1.1" 200 286444 "https://www.improvedracing.com/oil-pickup-tube-for-silverado-tahoe-express-12563961.html" "Mozilla/5.0 (compatible; Googlebot/2.1; +http://www.google.com/bot.html)"
66.249.66.79 - - [16/Dec/2020:06:38:36 -0500] "GET /static/version1607992673/frontend/IR/improvedracing/en_US/js/bundle/bundle9.min.js HTTP/1.1" 200 259918 "https://www.improvedracing.com/oil-pickup-tube-for-silverado-tahoe-express-12563961.html" "Mozilla/5.0 (compatible; Googlebot/2.1; +http://www.google.com/bot.html)"
66.249.66.79 - - [16/Dec/2020:06:38:37 -0500] "GET /static/version1607992673/frontend/IR/improvedracing/en_US/js/bundle/bundle6.min.js HTTP/1.1" 200 257447 "https://www.improvedracing.com/oil-pickup-tube-for-silverado-tahoe-express-12563961.html" "Mozilla/5.0 (compatible; Googlebot/2.1; +http://www.google.com/bot.html)"
66.249.66.79 - - [16/Dec/2020:06:38:37 -0500] "GET /static/version1607992673/frontend/IR/improvedracing/en_US/mage/requirejs/static.min.js HTTP/1.1" 200 1237 "https://www.improvedracing.com/oil-pickup-tube-for-silverado-tahoe-express-12563961.html" "Mozilla/5.0 (compatible; Googlebot/2.1; +http://www.google.com/bot.html)"
66.249.66.79 - - [16/Dec/2020:06:38:38 -0500] "GET /static/version1607992673/frontend/IR/improvedracing/en_US/mage/polyfill.min.js HTTP/1.1" 200 791 "https://www.improvedracing.com/oil-pickup-tube-for-silverado-tahoe-express-12563961.html" "Mozilla/5.0 (compatible; Googlebot/2.1; +http://www.google.com/bot.html)"
66.249.66.79 - - [16/Dec/2020:06:38:38 -0500] "GET /static/version1607992673/frontend/IR/improvedracing/en_US/js/bundle/bundle8.min.js HTTP/1.1" 200 257226 "https://www.improvedracing.com/oil-pickup-tube-for-silverado-tahoe-express-12563961.html" "Mozilla/5.0 (compatible; Googlebot/2.1; +http://www.google.com/bot.html)"
216.244.66.236 - - [16/Dec/2020:06:38:38 -0500] "GET /earls-oil-coolers/earls-temp-cure-narrow-50-row-oil-cooler-p-528.html HTTP/1.1" 301 52252 "-" "Mozilla/5.0 (compatible; DotBot/1.1; http://www.opensiteexplorer.org/dotbot, help@moz.com)"
66.249.66.79 - - [16/Dec/2020:06:38:39 -0500] "GET /static/version1607992673/frontend/IR/improvedracing/en_US/IhnsGroup_OptionBundle/main.css HTTP/1.1" 200 1833 "https://www.improvedracing.com/oil-pickup-tube-for-silverado-tahoe-express-12563961.html" "Mozilla/5.0 (compatible; Googlebot/2.1; +http://www.google.com/bot.html)"
66.249.66.79 - - [16/Dec/2020:06:38:39 -0500] "GET /static/version1607992673/frontend/IR/improvedracing/en_US/requirejs-config.min.js HTTP/1.1" 200 3626 "https://www.improvedracing.com/oil-pickup-tube-for-silverado-tahoe-express-12563961.html" "Mozilla/5.0 (compatible; Googlebot/2.1; +http://www.google.com/bot.html)"
66.249.66.79 - - [16/Dec/2020:06:38:40 -0500] "GET /static/version1607992673/frontend/IR/improvedracing/en_US/fonts/opensans/light/opensans-300.woff2 HTTP/1.1" 200 17436 "https://www.improvedracing.com/oil-pickup-tube-for-silverado-tahoe-express-12563961.html" "Mozilla/5.0 (compatible; Googlebot/2.1; +http://www.google.com/bot.html)"
66.249.66.80 - - [16/Dec/2020:06:38:40 -0500] "GET /static/version1607992673/frontend/IR/improvedracing/en_US/js/bundle/bundle3.min.js HTTP/1.1" 200 201612 "https://www.improvedracing.com/oil-pickup-tube-for-silverado-tahoe-express-12563961.html" "Mozilla/5.0 (compatible; Googlebot/2.1; +http://www.google.com/bot.html)"
66.249.66.80 - - [16/Dec/2020:06:38:41 -0500] "GET /static/version1607992673/frontend/IR/improvedracing/en_US/css/styles-m.css HTTP/1.1" 200 59414 "https://www.improvedracing.com/oil-pickup-tube-for-silverado-tahoe-express-12563961.html" "Mozilla/5.0 (compatible; Googlebot/2.1; +http://www.google.com/bot.html)"
114.119.144.188 - - [16/Dec/2020:06:38:41 -0500] "GET /customer/account/login/referer/aHR0cHM6Ly93d3cuYW5ob3NlZml0dGluZ3MuY29tL2hvc2UtYXNzZW1ibGllcy5odG1sP2FuZ2xlPTE5NSZicmFpZF9tYXRlcmlhbD00MDgmY2VydGlmaWNhdGlvbnM9NDQ4JmNvbmR1Y3RpdmU9MTc1MTYmaG9zZV9hcHBsaWNhdGlvbnM9NDc5Jm91dGVyX2xheWVyX21hdGVyaWFsPTI1MCZwb3J0YnR5cGU9MjE2 HTTP/1.1" 200 10085 "-" "Mozilla/5.0 (Linux; Android 7.0;) AppleWebKit/537.36 (KHTML, like Gecko) Mobile Safari/537.36 (compatible; PetalBot;+https://aspiegel.com/petalbot)"
66.249.66.79 - - [16/Dec/2020:06:38:41 -0500] "GET /static/version1607992673/frontend/IR/improvedracing/en_US/js/bundle/bundle5.min.js HTTP/1.1" 200 245769 "https://www.improvedracing.com/oil-pickup-tube-for-silverado-tahoe-express-12563961.html" "Mozilla/5.0 (compatible; Googlebot/2.1; +http://www.google.com/bot.html)"
66.249.66.80 - - [16/Dec/2020:06:38:42 -0500] "GET /static/version1607992673/frontend/IR/improvedracing/en_US/mage/requirejs/mixins.min.js HTTP/1.1" 200 1094 "https://www.improvedracing.com/oil-pickup-tube-for-silverado-tahoe-express-12563961.html" "Mozilla/5.0 (compatible; Googlebot/2.1; +http://www.google.com/bot.html)"
66.249.66.80 - - [16/Dec/2020:06:38:42 -0500] "GET /static/version1607992673/frontend/IR/improvedracing/en_US/css/print.css HTTP/1.1" 200 7248 "https://www.improvedracing.com/oil-pickup-tube-for-silverado-tahoe-express-12563961.html" "Mozilla/5.0 (compatible; Googlebot/2.1; +http://www.google.com/bot.html)"
66.249.66.79 - - [16/Dec/2020:06:38:43 -0500] "GET /static/version1607992673/frontend/IR/improvedracing/en_US/webfonts/fa-solid-900.woff2 HTTP/1.1" 200 67400 "https://www.improvedracing.com/static/version1607992673/frontend/IR/improvedracing/en_US/css/fontawesome-all.min.css" "Mozilla/5.0 (compatible; Googlebot/2.1; +http://www.google.com/bot.html)"
66.249.66.80 - - [16/Dec/2020:06:38:43 -0500] "GET /static/version1607992673/frontend/IR/improvedracing/en_US/webfonts/fa-brands-400.woff2 HTTP/1.1" 200 65316 "https://www.improvedracing.com/static/version1607992673/frontend/IR/improvedracing/en_US/css/fontawesome-all.min.css" "Mozilla/5.0 (compatible; Googlebot/2.1; +http://www.google.com/bot.html)"
107.72.178.200 - - [16/Dec/2020:06:38:43 -0500] "GET /male-npt-an-male-flare-union.html?gclid=EAIaIQobChMI-4ztgbXS7QIVDAmGCh3U6giNEAQYBCABEgLC_fD_BwE HTTP/2.0" 200 19964 "https://www.google.com/" "Mozilla/5.0 (iPhone; CPU iPhone OS 13_1_3 like Mac OS X) AppleWebKit/605.1.15 (KHTML, like Gecko) Version/13.0.1 Mobile/15E148 Safari/604.1"
66.249.66.79 - - [16/Dec/2020:06:38:44 -0500] "GET /static/version1607992673/frontend/IR/improvedracing/en_US/IhnsGroup_Testimonials/css/fonts/glyphicons-halflings-regular.woff2 HTTP/1.1" 200 18028 "https://www.improvedracing.com/static/version1607992673/frontend/IR/improvedracing/en_US/IhnsGroup_Testimonials/css/mp.css" "Mozilla/5.0 (compatible; Googlebot/2.1; +http://www.google.com/bot.html)"
107.72.178.200 - - [16/Dec/2020:06:38:44 -0500] "GET /static/version1607992673/frontend/IR/anhosefittings/en_US/mage/calendar.css HTTP/2.0" 200 1359 "https://www.anhosefittings.com/male-npt-an-male-flare-union.html?gclid=EAIaIQobChMI-4ztgbXS7QIVDAmGCh3U6giNEAQYBCABEgLC_fD_BwE" "Mozilla/5.0 (iPhone; CPU iPhone OS 13_1_3 like Mac OS X) AppleWebKit/605.1.15 (KHTML, like Gecko) Version/13.0.1 Mobile/15E148 Safari/604.1"
107.72.178.200 - - [16/Dec/2020:06:38:44 -0500] "GET /static/version1607992673/frontend/IR/anhosefittings/en_US/css/styles-m.css HTTP/2.0" 200 58733 "https://www.anhosefittings.com/male-npt-an-male-flare-union.html?gclid=EAIaIQobChMI-4ztgbXS7QIVDAmGCh3U6giNEAQYBCABEgLC_fD_BwE" "Mozilla/5.0 (iPhone; CPU iPhone OS 13_1_3 like Mac OS X) AppleWebKit/605.1.15 (KHTML, like Gecko) Version/13.0.1 Mobile/15E148 Safari/604.1"
107.72.178.200 - - [16/Dec/2020:06:38:44 -0500] "GET /static/version1607992673/frontend/IR/anhosefittings/en_US/css/bootstrap.css HTTP/2.0" 200 7186 "https://www.anhosefittings.com/male-npt-an-male-flare-union.html?gclid=EAIaIQobChMI-4ztgbXS7QIVDAmGCh3U6giNEAQYBCABEgLC_fD_BwE" "Mozilla/5.0 (iPhone; CPU iPhone OS 13_1_3 like Mac OS X) AppleWebKit/605.1.15 (KHTML, like Gecko) Version/13.0.1 Mobile/15E148 Safari/604.1"
107.72.178.200 - - [16/Dec/2020:06:38:44 -0500] "GET /static/version1607992673/frontend/IR/anhosefittings/en_US/css/font-awesome.css HTTP/2.0" 200 6926 "https://www.anhosefittings.com/male-npt-an-male-flare-union.html?gclid=EAIaIQobChMI-4ztgbXS7QIVDAmGCh3U6giNEAQYBCABEgLC_fD_BwE" "Mozilla/5.0 (iPhone; CPU iPhone OS 13_1_3 like Mac OS X) AppleWebKit/605.1.15 (KHTML, like Gecko) Version/13.0.1 Mobile/15E148 Safari/604.1"
107.72.178.200 - - [16/Dec/2020:06:38:44 -0500] "GET /static/version1607992673/frontend/IR/anhosefittings/en_US/IhnsGroup_Clider/css/mp.css HTTP/2.0" 200 22027 "https://www.anhosefittings.com/male-npt-an-male-flare-union.html?gclid=EAIaIQobChMI-4ztgbXS7QIVDAmGCh3U6giNEAQYBCABEgLC_fD_BwE" "Mozilla/5.0 (iPhone; CPU iPhone OS 13_1_3 like Mac OS X) AppleWebKit/605.1.15 (KHTML, like Gecko) Version/13.0.1 Mobile/15E148 Safari/604.1"
107.72.178.200 - - [16/Dec/2020:06:38:44 -0500] "GET /static/version1607992673/frontend/IR/anhosefittings/en_US/IhnsGroup_Testimonials/css/mp.css HTTP/2.0" 200 22027 "https://www.anhosefittings.com/male-npt-an-male-flare-union.html?gclid=EAIaIQobChMI-4ztgbXS7QIVDAmGCh3U6giNEAQYBCABEgLC_fD_BwE" "Mozilla/5.0 (iPhone; CPU iPhone OS 13_1_3 like Mac OS X) AppleWebKit/605.1.15 (KHTML, like Gecko) Version/13.0.1 Mobile/15E148 Safari/604.1"
107.72.178.200 - - [16/Dec/2020:06:38:44 -0500] "GET /static/version1607992673/frontend/IR/anhosefittings/en_US/mage/gallery/gallery.css HTTP/2.0" 200 9857 "https://www.anhosefittings.com/male-npt-an-male-flare-union.html?gclid=EAIaIQobChMI-4ztgbXS7QIVDAmGCh3U6giNEAQYBCABEgLC_fD_BwE" "Mozilla/5.0 (iPhone; CPU iPhone OS 13_1_3 like Mac OS X) AppleWebKit/605.1.15 (KHTML, like Gecko) Version/13.0.1 Mobile/15E148 Safari/604.1"
107.72.178.200 - - [16/Dec/2020:06:38:44 -0500] "GET /static/version1607992673/frontend/IR/anhosefittings/en_US/IhnsGroup_OptionBundle/main.css HTTP/2.0" 200 1821 "https://www.anhosefittings.com/male-npt-an-male-flare-union.html?gclid=EAIaIQobChMI-4ztgbXS7QIVDAmGCh3U6giNEAQYBCABEgLC_fD_BwE" "Mozilla/5.0 (iPhone; CPU iPhone OS 13_1_3 like Mac OS X) AppleWebKit/605.1.15 (KHTML, like Gecko) Version/13.0.1 Mobile/15E148 Safari/604.1"
107.72.178.200 - - [16/Dec/2020:06:38:44 -0500] "GET /static/version1607992673/frontend/IR/anhosefittings/en_US/IhnsGroup_OptionBundle/oxcolorbox.css HTTP/2.0" 200 1362 "https://www.anhosefittings.com/male-npt-an-male-flare-union.html?gclid=EAIaIQobChMI-4ztgbXS7QIVDAmGCh3U6giNEAQYBCABEgLC_fD_BwE" "Mozilla/5.0 (iPhone; CPU iPhone OS 13_1_3 like Mac OS X) AppleWebKit/605.1.15 (KHTML, like Gecko) Version/13.0.1 Mobile/15E148 Safari/604.1"
107.72.178.200 - - [16/Dec/2020:06:38:44 -0500] "GET /static/version1607992673/frontend/IR/anhosefittings/en_US/IhnsGroup_OptionBundle/tooltipster.css HTTP/2.0" 200 1691 "https://www.anhosefittings.com/male-npt-an-male-flare-union.html?gclid=EAIaIQobChMI-4ztgbXS7QIVDAmGCh3U6giNEAQYBCABEgLC_fD_BwE" "Mozilla/5.0 (iPhone; CPU iPhone OS 13_1_3 like Mac OS X) AppleWebKit/605.1.15 (KHTML, like Gecko) Version/13.0.1 Mobile/15E148 Safari/604.1"
107.72.178.200 - - [16/Dec/2020:06:38:44 -0500] "GET /static/version1607992673/frontend/IR/anhosefittings/en_US/IhnsGroup_OptionBundle/tooltipster-shadow.css HTTP/2.0" 200 261 "https://www.anhosefittings.com/male-npt-an-male-flare-union.html?gclid=EAIaIQobChMI-4ztgbXS7QIVDAmGCh3U6giNEAQYBCABEgLC_fD_BwE" "Mozilla/5.0 (iPhone; CPU iPhone OS 13_1_3 like Mac OS X) AppleWebKit/605.1.15 (KHTML, like Gecko) Version/13.0.1 Mobile/15E148 Safari/604.1"
107.72.178.200 - - [16/Dec/2020:06:38:44 -0500] "GET /static/version1607992673/frontend/IR/anhosefittings/en_US/IhnsGroup_PAttachments/attachment.css HTTP/2.0" 200 499 "https://www.anhosefittings.com/male-npt-an-male-flare-union.html?gclid=EAIaIQobChMI-4ztgbXS7QIVDAmGCh3U6giNEAQYBCABEgLC_fD_BwE" "Mozilla/5.0 (iPhone; CPU iPhone OS 13_1_3 like Mac OS X) AppleWebKit/605.1.15 (KHTML, like Gecko) Version/13.0.1 Mobile/15E148 Safari/604.1"
107.72.178.200 - - [16/Dec/2020:06:38:44 -0500] "GET /static/version1607992673/frontend/IR/anhosefittings/en_US/css/styles-l.css HTTP/2.0" 200 23697 "https://www.anhosefittings.com/male-npt-an-male-flare-union.html?gclid=EAIaIQobChMI-4ztgbXS7QIVDAmGCh3U6giNEAQYBCABEgLC_fD_BwE" "Mozilla/5.0 (iPhone; CPU iPhone OS 13_1_3 like Mac OS X) AppleWebKit/605.1.15 (KHTML, like Gecko) Version/13.0.1 Mobile/15E148 Safari/604.1"
107.72.178.200 - - [16/Dec/2020:06:38:44 -0500] "GET /static/version1607992673/frontend/IR/anhosefittings/en_US/css/print.css HTTP/2.0" 200 6482 "https://www.anhosefittings.com/male-npt-an-male-flare-union.html?gclid=EAIaIQobChMI-4ztgbXS7QIVDAmGCh3U6giNEAQYBCABEgLC_fD_BwE" "Mozilla/5.0 (iPhone; CPU iPhone OS 13_1_3 like Mac OS X) AppleWebKit/605.1.15 (KHTML, like Gecko) Version/13.0.1 Mobile/15E148 Safari/604.1"
107.72.178.200 - - [16/Dec/2020:06:38:44 -0500] "GET /static/version1607992673/frontend/IR/anhosefittings/en_US/requirejs/require.min.js HTTP/2.0" 200 7660 "https://www.anhosefittings.com/male-npt-an-male-flare-union.html?gclid=EAIaIQobChMI-4ztgbXS7QIVDAmGCh3U6giNEAQYBCABEgLC_fD_BwE" "Mozilla/5.0 (iPhone; CPU iPhone OS 13_1_3 like Mac OS X) AppleWebKit/605.1.15 (KHTML, like Gecko) Version/13.0.1 Mobile/15E148 Safari/604.1"
107.72.178.200 - - [16/Dec/2020:06:38:44 -0500] "GET /static/version1607992673/frontend/IR/anhosefittings/en_US/requirejs-min-resolver.min.js HTTP/2.0" 200 459 "https://www.anhosefittings.com/male-npt-an-male-flare-union.html?gclid=EAIaIQobChMI-4ztgbXS7QIVDAmGCh3U6giNEAQYBCABEgLC_fD_BwE" "Mozilla/5.0 (iPhone; CPU iPhone OS 13_1_3 like Mac OS X) AppleWebKit/605.1.15 (KHTML, like Gecko) Version/13.0.1 Mobile/15E148 Safari/604.1"
107.72.178.200 - - [16/Dec/2020:06:38:44 -0500] "GET /static/version1607992673/frontend/IR/anhosefittings/en_US/js/bundle/bundle11.min.js HTTP/2.0" 200 44748 "https://www.anhosefittings.com/male-npt-an-male-flare-union.html?gclid=EAIaIQobChMI-4ztgbXS7QIVDAmGCh3U6giNEAQYBCABEgLC_fD_BwE" "Mozilla/5.0 (iPhone; CPU iPhone OS 13_1_3 like Mac OS X) AppleWebKit/605.1.15 (KHTML, like Gecko) Version/13.0.1 Mobile/15E148 Safari/604.1"
66.249.66.80 - - [16/Dec/2020:06:38:44 -0500] "GET /static/version1607992673/frontend/IR/improvedracing/en_US/webfonts/fa-regular-400.woff2 HTTP/1.1" 200 14868 "https://www.improvedracing.com/static/version1607992673/frontend/IR/improvedracing/en_US/css/fontawesome-all.min.css" "Mozilla/5.0 (compatible; Googlebot/2.1; +http://www.google.com/bot.html)"
107.72.178.200 - - [16/Dec/2020:06:38:44 -0500] "GET /static/version1607992673/frontend/IR/anhosefittings/en_US/fonts/opensans/light/opensans-300.woff2 HTTP/2.0" 200 17436 "https://www.anhosefittings.com/male-npt-an-male-flare-union.html?gclid=EAIaIQobChMI-4ztgbXS7QIVDAmGCh3U6giNEAQYBCABEgLC_fD_BwE" "Mozilla/5.0 (iPhone; CPU iPhone OS 13_1_3 like Mac OS X) AppleWebKit/605.1.15 (KHTML, like Gecko) Version/13.0.1 Mobile/15E148 Safari/604.1"
107.72.178.200 - - [16/Dec/2020:06:38:44 -0500] "GET /static/version1607992673/frontend/IR/anhosefittings/en_US/fonts/opensans/regular/opensans-400.woff2 HTTP/2.0" 200 17848 "https://www.anhosefittings.com/male-npt-an-male-flare-union.html?gclid=EAIaIQobChMI-4ztgbXS7QIVDAmGCh3U6giNEAQYBCABEgLC_fD_BwE" "Mozilla/5.0 (iPhone; CPU iPhone OS 13_1_3 like Mac OS X) AppleWebKit/605.1.15 (KHTML, like Gecko) Version/13.0.1 Mobile/15E148 Safari/604.1"
107.72.178.200 - - [16/Dec/2020:06:38:44 -0500] "GET /static/version1607992673/frontend/IR/anhosefittings/en_US/fonts/opensans/semibold/opensans-600.woff2 HTTP/2.0" 200 17980 "https://www.anhosefittings.com/male-npt-an-male-flare-union.html?gclid=EAIaIQobChMI-4ztgbXS7QIVDAmGCh3U6giNEAQYBCABEgLC_fD_BwE" "Mozilla/5.0 (iPhone; CPU iPhone OS 13_1_3 like Mac OS X) AppleWebKit/605.1.15 (KHTML, like Gecko) Version/13.0.1 Mobile/15E148 Safari/604.1"
107.72.178.200 - - [16/Dec/2020:06:38:44 -0500] "GET /static/version1607992673/frontend/IR/anhosefittings/en_US/fonts/opensans/bold/opensans-700.woff2 HTTP/2.0" 200 17668 "https://www.anhosefittings.com/male-npt-an-male-flare-union.html?gclid=EAIaIQobChMI-4ztgbXS7QIVDAmGCh3U6giNEAQYBCABEgLC_fD_BwE" "Mozilla/5.0 (iPhone; CPU iPhone OS 13_1_3 like Mac OS X) AppleWebKit/605.1.15 (KHTML, like Gecko) Version/13.0.1 Mobile/15E148 Safari/604.1"
107.72.178.200 - - [16/Dec/2020:06:38:44 -0500] "GET /static/version1607992673/frontend/IR/anhosefittings/en_US/fonts/Luma-Icons.woff2 HTTP/2.0" 200 3272 "https://www.anhosefittings.com/male-npt-an-male-flare-union.html?gclid=EAIaIQobChMI-4ztgbXS7QIVDAmGCh3U6giNEAQYBCABEgLC_fD_BwE" "Mozilla/5.0 (iPhone; CPU iPhone OS 13_1_3 like Mac OS X) AppleWebKit/605.1.15 (KHTML, like Gecko) Version/13.0.1 Mobile/15E148 Safari/604.1"
107.72.178.200 - - [16/Dec/2020:06:38:44 -0500] "GET /static/version1607992673/frontend/IR/anhosefittings/en_US/mage/requirejs/static.min.js HTTP/2.0" 200 1225 "https://www.anhosefittings.com/male-npt-an-male-flare-union.html?gclid=EAIaIQobChMI-4ztgbXS7QIVDAmGCh3U6giNEAQYBCABEgLC_fD_BwE" "Mozilla/5.0 (iPhone; CPU iPhone OS 13_1_3 like Mac OS X) AppleWebKit/605.1.15 (KHTML, like Gecko) Version/13.0.1 Mobile/15E148 Safari/604.1"
107.72.178.200 - - [16/Dec/2020:06:38:44 -0500] "GET /static/version1607992673/frontend/IR/anhosefittings/en_US/mage/requirejs/mixins.min.js HTTP/2.0" 200 1082 "https://www.anhosefittings.com/male-npt-an-male-flare-union.html?gclid=EAIaIQobChMI-4ztgbXS7QIVDAmGCh3U6giNEAQYBCABEgLC_fD_BwE" "Mozilla/5.0 (iPhone; CPU iPhone OS 13_1_3 like Mac OS X) AppleWebKit/605.1.15 (KHTML, like Gecko) Version/13.0.1 Mobile/15E148 Safari/604.1"
107.72.178.200 - - [16/Dec/2020:06:38:44 -0500] "GET /static/version1607992673/frontend/IR/anhosefittings/en_US/requirejs-config.min.js HTTP/2.0" 200 3614 "https://www.anhosefittings.com/male-npt-an-male-flare-union.html?gclid=EAIaIQobChMI-4ztgbXS7QIVDAmGCh3U6giNEAQYBCABEgLC_fD_BwE" "Mozilla/5.0 (iPhone; CPU iPhone OS 13_1_3 like Mac OS X) AppleWebKit/605.1.15 (KHTML, like Gecko) Version/13.0.1 Mobile/15E148 Safari/604.1"
107.72.178.200 - - [16/Dec/2020:06:38:44 -0500] "GET /static/version1607992673/frontend/IR/anhosefittings/en_US/mage/polyfill.min.js HTTP/2.0" 200 779 "https://www.anhosefittings.com/male-npt-an-male-flare-union.html?gclid=EAIaIQobChMI-4ztgbXS7QIVDAmGCh3U6giNEAQYBCABEgLC_fD_BwE" "Mozilla/5.0 (iPhone; CPU iPhone OS 13_1_3 like Mac OS X) AppleWebKit/605.1.15 (KHTML, like Gecko) Version/13.0.1 Mobile/15E148 Safari/604.1"
107.72.178.200 - - [16/Dec/2020:06:38:44 -0500] "GET /static/version1607992673/frontend/IR/anhosefittings/en_US/js/bundle/bundle0.min.js HTTP/2.0" 200 247140 "https://www.anhosefittings.com/male-npt-an-male-flare-union.html?gclid=EAIaIQobChMI-4ztgbXS7QIVDAmGCh3U6giNEAQYBCABEgLC_fD_BwE" "Mozilla/5.0 (iPhone; CPU iPhone OS 13_1_3 like Mac OS X) AppleWebKit/605.1.15 (KHTML, like Gecko) Version/13.0.1 Mobile/15E148 Safari/604.1"
107.72.178.200 - - [16/Dec/2020:06:38:45 -0500] "GET /static/version1607992673/frontend/IR/anhosefittings/en_US/js/bundle/bundle1.min.js HTTP/2.0" 200 226423 "https://www.anhosefittings.com/male-npt-an-male-flare-union.html?gclid=EAIaIQobChMI-4ztgbXS7QIVDAmGCh3U6giNEAQYBCABEgLC_fD_BwE" "Mozilla/5.0 (iPhone; CPU iPhone OS 13_1_3 like Mac OS X) AppleWebKit/605.1.15 (KHTML, like Gecko) Version/13.0.1 Mobile/15E148 Safari/604.1"
107.72.178.200 - - [16/Dec/2020:06:38:45 -0500] "GET /static/version1607992673/frontend/IR/anhosefittings/en_US/js/bundle/bundle10.min.js HTTP/2.0" 200 209632 "https://www.anhosefittings.com/male-npt-an-male-flare-union.html?gclid=EAIaIQobChMI-4ztgbXS7QIVDAmGCh3U6giNEAQYBCABEgLC_fD_BwE" "Mozilla/5.0 (iPhone; CPU iPhone OS 13_1_3 like Mac OS X) AppleWebKit/605.1.15 (KHTML, like Gecko) Version/13.0.1 Mobile/15E148 Safari/604.1"
107.72.178.200 - - [16/Dec/2020:06:38:45 -0500] "GET /static/version1607992673/frontend/IR/anhosefittings/en_US/js/bundle/bundle3.min.js HTTP/2.0" 200 204773 "https://www.anhosefittings.com/male-npt-an-male-flare-union.html?gclid=EAIaIQobChMI-4ztgbXS7QIVDAmGCh3U6giNEAQYBCABEgLC_fD_BwE" "Mozilla/5.0 (iPhone; CPU iPhone OS 13_1_3 like Mac OS X) AppleWebKit/605.1.15 (KHTML, like Gecko) Version/13.0.1 Mobile/15E148 Safari/604.1"
66.249.66.79 - - [16/Dec/2020:06:38:45 -0500] "GET /static/version1607992673/frontend/IR/improvedracing/en_US/js-translation.json HTTP/1.1" 200 139 "https://www.improvedracing.com/oil-pickup-tube-for-silverado-tahoe-express-12563961.html" "Mozilla/5.0 (compatible; Googlebot/2.1; +http://www.google.com/bot.html)"
107.72.178.200 - - [16/Dec/2020:06:38:45 -0500] "GET /static/version1607992673/frontend/IR/anhosefittings/en_US/js/bundle/bundle5.min.js HTTP/2.0" 200 245595 "https://www.anhosefittings.com/male-npt-an-male-flare-union.html?gclid=EAIaIQobChMI-4ztgbXS7QIVDAmGCh3U6giNEAQYBCABEgLC_fD_BwE" "Mozilla/5.0 (iPhone; CPU iPhone OS 13_1_3 like Mac OS X) AppleWebKit/605.1.15 (KHTML, like Gecko) Version/13.0.1 Mobile/15E148 Safari/604.1"
107.72.178.200 - - [16/Dec/2020:06:38:45 -0500] "GET /static/version1607992673/frontend/IR/anhosefittings/en_US/js/bundle/bundle6.min.js HTTP/2.0" 200 257362 "https://www.anhosefittings.com/male-npt-an-male-flare-union.html?gclid=EAIaIQobChMI-4ztgbXS7QIVDAmGCh3U6giNEAQYBCABEgLC_fD_BwE" "Mozilla/5.0 (iPhone; CPU iPhone OS 13_1_3 like Mac OS X) AppleWebKit/605.1.15 (KHTML, like Gecko) Version/13.0.1 Mobile/15E148 Safari/604.1"
107.72.178.200 - - [16/Dec/2020:06:38:45 -0500] "GET /static/version1607992673/frontend/IR/anhosefittings/en_US/js/bundle/bundle8.min.js HTTP/2.0" 200 257149 "https://www.anhosefittings.com/male-npt-an-male-flare-union.html?gclid=EAIaIQobChMI-4ztgbXS7QIVDAmGCh3U6giNEAQYBCABEgLC_fD_BwE" "Mozilla/5.0 (iPhone; CPU iPhone OS 13_1_3 like Mac OS X) AppleWebKit/605.1.15 (KHTML, like Gecko) Version/13.0.1 Mobile/15E148 Safari/604.1"
107.72.178.200 - - [16/Dec/2020:06:38:45 -0500] "GET /static/version1607992673/frontend/IR/anhosefittings/en_US/js/bundle/bundle9.min.js HTTP/2.0" 200 259841 "https://www.anhosefittings.com/male-npt-an-male-flare-union.html?gclid=EAIaIQobChMI-4ztgbXS7QIVDAmGCh3U6giNEAQYBCABEgLC_fD_BwE" "Mozilla/5.0 (iPhone; CPU iPhone OS 13_1_3 like Mac OS X) AppleWebKit/605.1.15 (KHTML, like Gecko) Version/13.0.1 Mobile/15E148 Safari/604.1"
107.72.178.200 - - [16/Dec/2020:06:38:45 -0500] "GET /static/version1607992673/frontend/IR/anhosefittings/en_US/js/bundle/bundle2.min.js HTTP/2.0" 200 299793 "https://www.anhosefittings.com/male-npt-an-male-flare-union.html?gclid=EAIaIQobChMI-4ztgbXS7QIVDAmGCh3U6giNEAQYBCABEgLC_fD_BwE" "Mozilla/5.0 (iPhone; CPU iPhone OS 13_1_3 like Mac OS X) AppleWebKit/605.1.15 (KHTML, like Gecko) Version/13.0.1 Mobile/15E148 Safari/604.1"
107.72.178.200 - - [16/Dec/2020:06:38:45 -0500] "GET /static/version1607992673/frontend/IR/anhosefittings/en_US/js/bundle/bundle4.min.js HTTP/2.0" 200 362646 "https://www.anhosefittings.com/male-npt-an-male-flare-union.html?gclid=EAIaIQobChMI-4ztgbXS7QIVDAmGCh3U6giNEAQYBCABEgLC_fD_BwE" "Mozilla/5.0 (iPhone; CPU iPhone OS 13_1_3 like Mac OS X) AppleWebKit/605.1.15 (KHTML, like Gecko) Version/13.0.1 Mobile/15E148 Safari/604.1"
107.72.178.200 - - [16/Dec/2020:06:38:45 -0500] "GET /static/version1607992673/frontend/IR/anhosefittings/en_US/js/bundle/bundle7.min.js HTTP/2.0" 200 286359 "https://www.anhosefittings.com/male-npt-an-male-flare-union.html?gclid=EAIaIQobChMI-4ztgbXS7QIVDAmGCh3U6giNEAQYBCABEgLC_fD_BwE" "Mozilla/5.0 (iPhone; CPU iPhone OS 13_1_3 like Mac OS X) AppleWebKit/605.1.15 (KHTML, like Gecko) Version/13.0.1 Mobile/15E148 Safari/604.1"
107.72.178.200 - - [16/Dec/2020:06:38:45 -0500] "GET /media/logo/stores/1/logo.png HTTP/2.0" 200 13719 "https://www.anhosefittings.com/male-npt-an-male-flare-union.html?gclid=EAIaIQobChMI-4ztgbXS7QIVDAmGCh3U6giNEAQYBCABEgLC_fD_BwE" "Mozilla/5.0 (iPhone; CPU iPhone OS 13_1_3 like Mac OS X) AppleWebKit/605.1.15 (KHTML, like Gecko) Version/13.0.1 Mobile/15E148 Safari/604.1"
107.72.178.200 - - [16/Dec/2020:06:38:45 -0500] "GET /static/version1607992673/frontend/IR/anhosefittings/en_US/images/icon-banner-discount.png HTTP/2.0" 200 7530 "https://www.anhosefittings.com/male-npt-an-male-flare-union.html?gclid=EAIaIQobChMI-4ztgbXS7QIVDAmGCh3U6giNEAQYBCABEgLC_fD_BwE" "Mozilla/5.0 (iPhone; CPU iPhone OS 13_1_3 like Mac OS X) AppleWebKit/605.1.15 (KHTML, like Gecko) Version/13.0.1 Mobile/15E148 Safari/604.1"
107.72.178.200 - - [16/Dec/2020:06:38:45 -0500] "GET /static/version1607992673/frontend/IR/anhosefittings/en_US/images/icon-banner-365-return.png HTTP/2.0" 200 6900 "https://www.anhosefittings.com/male-npt-an-male-flare-union.html?gclid=EAIaIQobChMI-4ztgbXS7QIVDAmGCh3U6giNEAQYBCABEgLC_fD_BwE" "Mozilla/5.0 (iPhone; CPU iPhone OS 13_1_3 like Mac OS X) AppleWebKit/605.1.15 (KHTML, like Gecko) Version/13.0.1 Mobile/15E148 Safari/604.1"
107.72.178.200 - - [16/Dec/2020:06:38:45 -0500] "GET /static/version1607992673/frontend/IR/anhosefittings/en_US/images/icon-banner-free-shipping.png HTTP/2.0" 200 5072 "https://www.anhosefittings.com/male-npt-an-male-flare-union.html?gclid=EAIaIQobChMI-4ztgbXS7QIVDAmGCh3U6giNEAQYBCABEgLC_fD_BwE" "Mozilla/5.0 (iPhone; CPU iPhone OS 13_1_3 like Mac OS X) AppleWebKit/605.1.15 (KHTML, like Gecko) Version/13.0.1 Mobile/15E148 Safari/604.1"
107.72.178.200 - - [16/Dec/2020:06:38:45 -0500] "GET /static/version1607992673/frontend/IR/anhosefittings/en_US/images/loader-1.gif HTTP/2.0" 200 17255 "https://www.anhosefittings.com/male-npt-an-male-flare-union.html?gclid=EAIaIQobChMI-4ztgbXS7QIVDAmGCh3U6giNEAQYBCABEgLC_fD_BwE" "Mozilla/5.0 (iPhone; CPU iPhone OS 13_1_3 like Mac OS X) AppleWebKit/605.1.15 (KHTML, like Gecko) Version/13.0.1 Mobile/15E148 Safari/604.1"
107.72.178.200 - - [16/Dec/2020:06:38:46 -0500] "GET /static/version1607992673/frontend/IR/anhosefittings/en_US/js-translation.json HTTP/2.0" 200 139 "https://www.anhosefittings.com/male-npt-an-male-flare-union.html?gclid=EAIaIQobChMI-4ztgbXS7QIVDAmGCh3U6giNEAQYBCABEgLC_fD_BwE" "Mozilla/5.0 (iPhone; CPU iPhone OS 13_1_3 like Mac OS X) AppleWebKit/605.1.15 (KHTML, like Gecko) Version/13.0.1 Mobile/15E148 Safari/604.1"
107.72.178.200 - - [16/Dec/2020:06:38:47 -0500] "GET /static/version1607992673/frontend/IR/anhosefittings/en_US/IhnsGroup_Testimonials/css/fonts/glyphicons-halflings-regular.woff2 HTTP/2.0" 200 18028 "https://www.anhosefittings.com/male-npt-an-male-flare-union.html?gclid=EAIaIQobChMI-4ztgbXS7QIVDAmGCh3U6giNEAQYBCABEgLC_fD_BwE" "Mozilla/5.0 (iPhone; CPU iPhone OS 13_1_3 like Mac OS X) AppleWebKit/605.1.15 (KHTML, like Gecko) Version/13.0.1 Mobile/15E148 Safari/604.1"
107.72.178.200 - - [16/Dec/2020:06:38:47 -0500] "GET /customer/section/load/?sections=gtm&force_new_section_timestamp=false&_=1608118726950 HTTP/2.0" 200 64 "https://www.anhosefittings.com/male-npt-an-male-flare-union.html?gclid=EAIaIQobChMI-4ztgbXS7QIVDAmGCh3U6giNEAQYBCABEgLC_fD_BwE" "Mozilla/5.0 (iPhone; CPU iPhone OS 13_1_3 like Mac OS X) AppleWebKit/605.1.15 (KHTML, like Gecko) Version/13.0.1 Mobile/15E148 Safari/604.1"
107.72.178.200 - - [16/Dec/2020:06:38:47 -0500] "GET /static/version1607992673/frontend/IR/anhosefittings/en_US/mage/gallery/gallery.png HTTP/2.0" 200 4996 "https://www.anhosefittings.com/male-npt-an-male-flare-union.html?gclid=EAIaIQobChMI-4ztgbXS7QIVDAmGCh3U6giNEAQYBCABEgLC_fD_BwE" "Mozilla/5.0 (iPhone; CPU iPhone OS 13_1_3 like Mac OS X) AppleWebKit/605.1.15 (KHTML, like Gecko) Version/13.0.1 Mobile/15E148 Safari/604.1"
107.72.178.200 - - [16/Dec/2020:06:38:47 -0500] "GET /media/catalog/product/p/m/pm-10-08_1_lrg.jpg HTTP/2.0" 200 40787 "https://www.anhosefittings.com/male-npt-an-male-flare-union.html?gclid=EAIaIQobChMI-4ztgbXS7QIVDAmGCh3U6giNEAQYBCABEgLC_fD_BwE" "Mozilla/5.0 (iPhone; CPU iPhone OS 13_1_3 like Mac OS X) AppleWebKit/605.1.15 (KHTML, like Gecko) Version/13.0.1 Mobile/15E148 Safari/604.1"
107.72.178.200 - - [16/Dec/2020:06:38:50 -0500] "GET /media/favicon/stores/1/touch-icon-ipad-retina.png HTTP/2.0" 200 5746 "https://www.anhosefittings.com/male-npt-an-male-flare-union.html?gclid=EAIaIQobChMI-4ztgbXS7QIVDAmGCh3U6giNEAQYBCABEgLC_fD_BwE" "Mozilla/5.0 (iPhone; CPU iPhone OS 13_1_3 like Mac OS X) AppleWebKit/605.1.15 (KHTML, like Gecko) Version/13.0.1 Mobile/15E148 Safari/604.1"
50.236.92.146 - - [16/Dec/2020:06:38:56 -0500] "GET /oil-pans.html HTTP/2.0" 200 18704 "https://www.improvedracing.com/oil-cooling.html" "Mozilla/5.0 (Windows NT 10.0; Win64; x64) AppleWebKit/537.36 (KHTML, like Gecko) Chrome/87.0.4280.88 Safari/537.36"
50.236.92.146 - - [16/Dec/2020:06:38:57 -0500] "GET /customer/section/load/?sections=gtm&force_new_section_timestamp=false&_=1608118755684 HTTP/2.0" 200 64 "https://www.improvedracing.com/oil-pans.html" "Mozilla/5.0 (Windows NT 10.0; Win64; x64) AppleWebKit/537.36 (KHTML, like Gecko) Chrome/87.0.4280.88 Safari/537.36"
179.43.128.174 - - [16/Dec/2020:06:39:05 -0500] "GET /index.php/offinews/adminhtml_category/index/ HTTP/1.1" 301 52230 "-" "Mozilla/5.0 (Windows NT 5.1; rv:28.0) Gecko/20100101 Firefox/28.0"
179.43.128.174 - - [16/Dec/2020:06:39:06 -0500] "GET /catalogsearch/result/?q=offinews+admin+category+index HTTP/1.1" 200 57743 "-" "Mozilla/5.0 (Windows NT 5.1; rv:28.0) Gecko/20100101 Firefox/28.0"
50.236.92.146 - - [16/Dec/2020:06:39:11 -0500] "GET /oil-pans.html?p=2&_=1608118755685 HTTP/2.0" 200 18811 "https://www.improvedracing.com/oil-pans.html" "Mozilla/5.0 (Windows NT 10.0; Win64; x64) AppleWebKit/537.36 (KHTML, like Gecko) Chrome/87.0.4280.88 Safari/537.36"
69.162.124.232 - - [16/Dec/2020:06:39:12 -0500] "HEAD /fittings.html HTTP/1.1" 200 0 "https://www.anhosefittings.com/fittings.html" "Mozilla/5.0+(compatible; UptimeRobot/2.0; http://www.uptimerobot.com/)"
207.46.13.137 - - [16/Dec/2020:06:39:12 -0500] "GET /fittings.html?angle=197&applications=406&cat=9&hose_applications=475&portbtype=216 HTTP/1.1" 200 13695 "-" "Mozilla/5.0 (compatible; bingbot/2.0; +http://www.bing.com/bingbot.htm)"
50.236.92.146 - - [16/Dec/2020:06:39:19 -0500] "GET /oil-pans.html?_=1608118755686&p=3 HTTP/2.0" 200 18314 "https://www.improvedracing.com/oil-pans.html" "Mozilla/5.0 (Windows NT 10.0; Win64; x64) AppleWebKit/537.36 (KHTML, like Gecko) Chrome/87.0.4280.88 Safari/537.36"
50.236.92.146 - - [16/Dec/2020:06:39:20 -0500] "GET /media/catalog/product/cache/7e6550ed27b496de68f484d9d76ec807/1/2/12559505_lrg.jpg HTTP/2.0" 200 3296 "https://www.improvedracing.com/oil-pans.html" "Mozilla/5.0 (Windows NT 10.0; Win64; x64) AppleWebKit/537.36 (KHTML, like Gecko) Chrome/87.0.4280.88 Safari/537.36"
50.236.92.146 - - [16/Dec/2020:06:39:20 -0500] "GET /media/catalog/product/cache/7e6550ed27b496de68f484d9d76ec807/1/2/12551587_1_lg.jpg HTTP/2.0" 200 4888 "https://www.improvedracing.com/oil-pans.html" "Mozilla/5.0 (Windows NT 10.0; Win64; x64) AppleWebKit/537.36 (KHTML, like Gecko) Chrome/87.0.4280.88 Safari/537.36"
50.236.92.146 - - [16/Dec/2020:06:39:20 -0500] "GET /media/catalog/product/cache/7e6550ed27b496de68f484d9d76ec807/1/2/12551581_1_lrg.jpg HTTP/2.0" 200 1998 "https://www.improvedracing.com/oil-pans.html" "Mozilla/5.0 (Windows NT 10.0; Win64; x64) AppleWebKit/537.36 (KHTML, like Gecko) Chrome/87.0.4280.88 Safari/537.36"
50.236.92.146 - - [16/Dec/2020:06:39:20 -0500] "GET /media/catalog/product/cache/7e6550ed27b496de68f484d9d76ec807/1/9/19244049_lrg.jpg HTTP/2.0" 200 3121 "https://www.improvedracing.com/oil-pans.html" "Mozilla/5.0 (Windows NT 10.0; Win64; x64) AppleWebKit/537.36 (KHTML, like Gecko) Chrome/87.0.4280.88 Safari/537.36"
50.236.92.146 - - [16/Dec/2020:06:39:20 -0500] "GET /media/catalog/product/cache/7e6550ed27b496de68f484d9d76ec807/n/o/no-image_ml.jpg HTTP/2.0" 200 4145 "https://www.improvedracing.com/oil-pans.html" "Mozilla/5.0 (Windows NT 10.0; Win64; x64) AppleWebKit/537.36 (KHTML, like Gecko) Chrome/87.0.4280.88 Safari/537.36"
82.166.195.73 - - [16/Dec/2020:06:39:28 -0500] "GET / HTTP/1.1" 200 17254 "-" "Mozilla/5.0 (Windows NT 6.1; WOW64; rv:39.0) Gecko/20100101 Firefox/75.0"
114.119.147.113 - - [16/Dec/2020:06:39:28 -0500] "GET /catalogsearch/result/index?cooler_rows=597&cooler_type=578&q=s%2Bc%2B2 HTTP/1.1" 200 17296 "-" "Mozilla/5.0 (Linux; Android 7.0;) AppleWebKit/537.36 (KHTML, like Gecko) Mobile Safari/537.36 (compatible; PetalBot;+https://aspiegel.com/petalbot)"
114.119.150.203 - - [16/Dec/2020:06:39:28 -0500] "GET /hose-assemblies.html?angle=197&color=282&heat_shield_hose_size=273&hose_applications=478&inner_diameter=259 HTTP/1.1" 200 12704 "-" "Mozilla/5.0 (Linux; Android 7.0;) AppleWebKit/537.36 (KHTML, like Gecko) Mobile Safari/537.36 (compatible; PetalBot;+https://aspiegel.com/petalbot)"
157.55.39.57 - - [16/Dec/2020:06:39:29 -0500] "GET /hose-assemblies.html?angle=197&color=282&heat_shield_hose_size=275&hose_applications=475&portbtype=215 HTTP/1.1" 200 12873 "-" "Mozilla/5.0 (compatible; bingbot/2.0; +http://www.bing.com/bingbot.htm)"
45.177.77.101 - - [16/Dec/2020:06:39:30 -0500] "GET / HTTP/2.0" 200 13007 "-" "Mozilla/5.0 (Windows NT 10.0; Win64; x64) AppleWebKit/537.36 (KHTML, like Gecko) Chrome/87.0.4280.88 Safari/537.36"
45.177.77.101 - - [16/Dec/2020:06:39:31 -0500] "GET /customer/section/load/?sections=gtm&force_new_section_timestamp=false&_=1608118770669 HTTP/2.0" 200 64 "https://www.anhosefittings.com/" "Mozilla/5.0 (Windows NT 10.0; Win64; x64) AppleWebKit/537.36 (KHTML, like Gecko) Chrome/87.0.4280.88 Safari/537.36"
45.177.77.101 - - [16/Dec/2020:06:39:33 -0500] "GET /media/favicon/stores/1/touch-icon-ipad-retina.png HTTP/2.0" 200 5746 "https://www.anhosefittings.com/" "Mozilla/5.0 (Windows NT 10.0; Win64; x64) AppleWebKit/537.36 (KHTML, like Gecko) Chrome/87.0.4280.88 Safari/537.36"
45.177.77.101 - - [16/Dec/2020:06:39:43 -0500] "GET /fittings.html HTTP/2.0" 200 19601 "https://www.anhosefittings.com/" "Mozilla/5.0 (Windows NT 10.0; Win64; x64) AppleWebKit/537.36 (KHTML, like Gecko) Chrome/87.0.4280.88 Safari/537.36"
45.177.77.101 - - [16/Dec/2020:06:39:43 -0500] "GET /media/catalog/product/cache/7e6550ed27b496de68f484d9d76ec807/t/f/tf-04-s_8_lrg.jpg HTTP/2.0" 200 4188 "https://www.anhosefittings.com/fittings.html" "Mozilla/5.0 (Windows NT 10.0; Win64; x64) AppleWebKit/537.36 (KHTML, like Gecko) Chrome/87.0.4280.88 Safari/537.36"
45.177.77.101 - - [16/Dec/2020:06:39:43 -0500] "GET /media/catalog/product/cache/7e6550ed27b496de68f484d9d76ec807/p/l/pl-180-10_1_lrg.jpg HTTP/2.0" 200 3865 "https://www.anhosefittings.com/fittings.html" "Mozilla/5.0 (Windows NT 10.0; Win64; x64) AppleWebKit/537.36 (KHTML, like Gecko) Chrome/87.0.4280.88 Safari/537.36"
45.177.77.101 - - [16/Dec/2020:06:39:43 -0500] "GET /media/catalog/product/cache/7e6550ed27b496de68f484d9d76ec807/o/m/om-045-08-10_2_lrg.jpg HTTP/2.0" 200 3617 "https://www.anhosefittings.com/fittings.html" "Mozilla/5.0 (Windows NT 10.0; Win64; x64) AppleWebKit/537.36 (KHTML, like Gecko) Chrome/87.0.4280.88 Safari/537.36"
45.177.77.101 - - [16/Dec/2020:06:39:43 -0500] "GET /media/catalog/product/cache/7e6550ed27b496de68f484d9d76ec807/p/o/po-m16_2_lrg_5.jpg HTTP/2.0" 200 1585 "https://www.anhosefittings.com/fittings.html" "Mozilla/5.0 (Windows NT 10.0; Win64; x64) AppleWebKit/537.36 (KHTML, like Gecko) Chrome/87.0.4280.88 Safari/537.36"
45.177.77.101 - - [16/Dec/2020:06:39:43 -0500] "GET /media/catalog/product/cache/7e6550ed27b496de68f484d9d76ec807/o/c/oc-10_1_lrg_1.jpg HTTP/2.0" 200 2234 "https://www.anhosefittings.com/fittings.html" "Mozilla/5.0 (Windows NT 10.0; Win64; x64) AppleWebKit/537.36 (KHTML, like Gecko) Chrome/87.0.4280.88 Safari/537.36"
45.177.77.101 - - [16/Dec/2020:06:39:43 -0500] "GET /media/catalog/product/cache/7e6550ed27b496de68f484d9d76ec807/f/o/fo_1_lrg.jpg HTTP/2.0" 200 1721 "https://www.anhosefittings.com/fittings.html" "Mozilla/5.0 (Windows NT 10.0; Win64; x64) AppleWebKit/537.36 (KHTML, like Gecko) Chrome/87.0.4280.88 Safari/537.36"
45.177.77.101 - - [16/Dec/2020:06:39:45 -0500] "GET /customer/section/load/?sections=gtm&force_new_section_timestamp=false&_=1608118784134 HTTP/2.0" 200 64 "https://www.anhosefittings.com/fittings.html" "Mozilla/5.0 (Windows NT 10.0; Win64; x64) AppleWebKit/537.36 (KHTML, like Gecko) Chrome/87.0.4280.88 Safari/537.36"
45.177.77.101 - - [16/Dec/2020:06:39:46 -0500] "GET /engine.html HTTP/2.0" 200 18757 "https://www.improvedracing.com/" "Mozilla/5.0 (Windows NT 10.0; Win64; x64) AppleWebKit/537.36 (KHTML, like Gecko) Chrome/87.0.4280.88 Safari/537.36"
184.101.131.104 - - [16/Dec/2020:06:39:46 -0500] "GET /media/catalog/product/e/g/egm-501_7_lrg.jpg HTTP/2.0" 200 53497 "https://www.improvedracing.com/gm-gen-iii-iv-ls-engine-billet-rear-galley-plug-barbell.html" "Mozilla/5.0 (Linux; Android 10; SM-N970U Build/QP1A.190711.020; wv) AppleWebKit/537.36 (KHTML, like Gecko) Version/4.0 Chrome/87.0.4280.101 Mobile Safari/537.36 [FB_IAB/FB4A;FBAV/299.0.0.51.236;]"
45.177.77.101 - - [16/Dec/2020:06:39:46 -0500] "GET /media/catalog/product/cache/7e6550ed27b496de68f484d9d76ec807/e/n/env-600_1_lrg_1.jpg HTTP/2.0" 200 8140 "https://www.improvedracing.com/engine.html" "Mozilla/5.0 (Windows NT 10.0; Win64; x64) AppleWebKit/537.36 (KHTML, like Gecko) Chrome/87.0.4280.88 Safari/537.36"
45.177.77.101 - - [16/Dec/2020:06:39:46 -0500] "GET /media/catalog/product/cache/7e6550ed27b496de68f484d9d76ec807/e/g/egm-116_26_lrg_1.jpg HTTP/2.0" 200 6177 "https://www.improvedracing.com/engine.html" "Mozilla/5.0 (Windows NT 10.0; Win64; x64) AppleWebKit/537.36 (KHTML, like Gecko) Chrome/87.0.4280.88 Safari/537.36"
45.177.77.101 - - [16/Dec/2020:06:39:46 -0500] "GET /media/catalog/product/cache/7e6550ed27b496de68f484d9d76ec807/e/g/egm-502_1_lrg.jpg HTTP/2.0" 200 2141 "https://www.improvedracing.com/engine.html" "Mozilla/5.0 (Windows NT 10.0; Win64; x64) AppleWebKit/537.36 (KHTML, like Gecko) Chrome/87.0.4280.88 Safari/537.36"
45.177.77.101 - - [16/Dec/2020:06:39:47 -0500] "GET /media/catalog/product/cache/7e6550ed27b496de68f484d9d76ec807/1/2/12602544-kit.jpg HTTP/2.0" 200 4334 "https://www.improvedracing.com/engine.html" "Mozilla/5.0 (Windows NT 10.0; Win64; x64) AppleWebKit/537.36 (KHTML, like Gecko) Chrome/87.0.4280.88 Safari/537.36"
45.177.77.101 - - [16/Dec/2020:06:39:47 -0500] "GET /media/catalog/product/cache/7e6550ed27b496de68f484d9d76ec807/1/2/12602540_1_lrg.jpg HTTP/2.0" 200 3951 "https://www.improvedracing.com/engine.html" "Mozilla/5.0 (Windows NT 10.0; Win64; x64) AppleWebKit/537.36 (KHTML, like Gecko) Chrome/87.0.4280.88 Safari/537.36"
45.177.77.101 - - [16/Dec/2020:06:39:47 -0500] "GET /media/catalog/product/cache/7e6550ed27b496de68f484d9d76ec807/1/2/12577927-kit_1_lrg_1.jpg HTTP/2.0" 200 6834 "https://www.improvedracing.com/engine.html" "Mozilla/5.0 (Windows NT 10.0; Win64; x64) AppleWebKit/537.36 (KHTML, like Gecko) Chrome/87.0.4280.88 Safari/537.36"
45.177.77.101 - - [16/Dec/2020:06:39:47 -0500] "GET /media/catalog/product/cache/7e6550ed27b496de68f484d9d76ec807/r/h/rhr_2_lrg_1.jpg HTTP/2.0" 200 2760 "https://www.improvedracing.com/engine.html" "Mozilla/5.0 (Windows NT 10.0; Win64; x64) AppleWebKit/537.36 (KHTML, like Gecko) Chrome/87.0.4280.88 Safari/537.36"
45.177.77.101 - - [16/Dec/2020:06:39:47 -0500] "GET /static/version1607992673/frontend/IR/improvedracing/en_US/Sparsh_AjaxInfiniteScroll/js/infinitescroll.min.js HTTP/2.0" 200 6678 "https://www.improvedracing.com/engine.html" "Mozilla/5.0 (Windows NT 10.0; Win64; x64) AppleWebKit/537.36 (KHTML, like Gecko) Chrome/87.0.4280.88 Safari/537.36"
50.236.92.146 - - [16/Dec/2020:06:39:48 -0500] "GET /oil-pans.html?_=1608118755687&p=4 HTTP/2.0" 200 18425 "https://www.improvedracing.com/oil-pans.html" "Mozilla/5.0 (Windows NT 10.0; Win64; x64) AppleWebKit/537.36 (KHTML, like Gecko) Chrome/87.0.4280.88 Safari/537.36"
50.236.92.146 - - [16/Dec/2020:06:39:48 -0500] "GET /media/catalog/product/cache/7e6550ed27b496de68f484d9d76ec807/1/1/11609746_1_lrg.jpg HTTP/2.0" 200 3438 "https://www.improvedracing.com/oil-pans.html" "Mozilla/5.0 (Windows NT 10.0; Win64; x64) AppleWebKit/537.36 (KHTML, like Gecko) Chrome/87.0.4280.88 Safari/537.36"
50.236.92.146 - - [16/Dec/2020:06:39:48 -0500] "GET /media/catalog/product/cache/7e6550ed27b496de68f484d9d76ec807/1/2/12558189_lrg.jpg HTTP/2.0" 200 4785 "https://www.improvedracing.com/oil-pans.html" "Mozilla/5.0 (Windows NT 10.0; Win64; x64) AppleWebKit/537.36 (KHTML, like Gecko) Chrome/87.0.4280.88 Safari/537.36"
50.236.92.146 - - [16/Dec/2020:06:39:48 -0500] "GET /media/catalog/product/cache/7e6550ed27b496de68f484d9d76ec807/1/2/12611129_lrg.jpg HTTP/2.0" 200 4847 "https://www.improvedracing.com/oil-pans.html" "Mozilla/5.0 (Windows NT 10.0; Win64; x64) AppleWebKit/537.36 (KHTML, like Gecko) Chrome/87.0.4280.88 Safari/537.36"
50.236.92.146 - - [16/Dec/2020:06:39:48 -0500] "GET /media/catalog/product/cache/7e6550ed27b496de68f484d9d76ec807/1/2/12558253_2_lrg.jpg HTTP/2.0" 200 5242 "https://www.improvedracing.com/oil-pans.html" "Mozilla/5.0 (Windows NT 10.0; Win64; x64) AppleWebKit/537.36 (KHTML, like Gecko) Chrome/87.0.4280.88 Safari/537.36"
50.236.92.146 - - [16/Dec/2020:06:39:48 -0500] "GET /media/catalog/product/cache/7e6550ed27b496de68f484d9d76ec807/1/2/12551577_1_lrg.jpg HTTP/2.0" 200 2265 "https://www.improvedracing.com/oil-pans.html" "Mozilla/5.0 (Windows NT 10.0; Win64; x64) AppleWebKit/537.36 (KHTML, like Gecko) Chrome/87.0.4280.88 Safari/537.36"
50.236.92.146 - - [16/Dec/2020:06:39:48 -0500] "GET /media/catalog/product/cache/7e6550ed27b496de68f484d9d76ec807/1/2/12558251_1_lrg.jpg HTTP/2.0" 200 2586 "https://www.improvedracing.com/oil-pans.html" "Mozilla/5.0 (Windows NT 10.0; Win64; x64) AppleWebKit/537.36 (KHTML, like Gecko) Chrome/87.0.4280.88 Safari/537.36"
207.46.13.42 - - [16/Dec/2020:06:39:49 -0500] "GET /customer/account/login/referer/aHR0cHM6Ly93d3cuYW5ob3NlZml0dGluZ3MuY29tL2ZpdHRpbmdzLmh0bWw_YW5nbGU9MjAxJmNhdD05JTJDNDYlMkMxMSUyQzE5JTJDMTMlMkMyMg%2C%2C/ HTTP/1.1" 200 9942 "-" "Mozilla/5.0 (compatible; bingbot/2.0; +http://www.bing.com/bingbot.htm)"
207.46.13.42 - - [16/Dec/2020:06:39:50 -0500] "GET /hose.html?certifications=447&hose_applications=478&inner_diameter=400 HTTP/1.1" 200 13732 "-" "Mozilla/5.0 (compatible; bingbot/2.0; +http://www.bing.com/bingbot.htm)"
184.101.131.104 - - [16/Dec/2020:06:39:50 -0500] "GET /media/catalog/product/e/g/egm-501_r2_lrg.jpg HTTP/2.0" 200 163282 "https://www.improvedracing.com/gm-gen-iii-iv-ls-engine-billet-rear-galley-plug-barbell.html" "Mozilla/5.0 (Linux; Android 10; SM-N970U Build/QP1A.190711.020; wv) AppleWebKit/537.36 (KHTML, like Gecko) Version/4.0 Chrome/87.0.4280.101 Mobile Safari/537.36 [FB_IAB/FB4A;FBAV/299.0.0.51.236;]"
45.177.77.101 - - [16/Dec/2020:06:39:51 -0500] "GET /fittings/push-lock-hose-end-fittings.html HTTP/2.0" 200 17759 "https://www.anhosefittings.com/fittings.html" "Mozilla/5.0 (Windows NT 10.0; Win64; x64) AppleWebKit/537.36 (KHTML, like Gecko) Chrome/87.0.4280.88 Safari/537.36"
207.46.13.42 - - [16/Dec/2020:06:39:51 -0500] "GET /fittings.html?cat=13%2C19%2C46%2C20%2C10&hose_applications=481&seal_size=815 HTTP/1.1" 200 14486 "-" "Mozilla/5.0 (compatible; bingbot/2.0; +http://www.bing.com/bingbot.htm)"
45.177.77.101 - - [16/Dec/2020:06:39:51 -0500] "GET /media/catalog/product/cache/7e6550ed27b496de68f484d9d76ec807/p/l/pl-060-10_3_lrg.jpg HTTP/2.0" 200 3655 "https://www.anhosefittings.com/fittings/push-lock-hose-end-fittings.html" "Mozilla/5.0 (Windows NT 10.0; Win64; x64) AppleWebKit/537.36 (KHTML, like Gecko) Chrome/87.0.4280.88 Safari/537.36"
45.177.77.101 - - [16/Dec/2020:06:39:51 -0500] "GET /media/catalog/product/cache/7e6550ed27b496de68f484d9d76ec807/p/l/pl-120-10_2_lrg_1.jpg HTTP/2.0" 200 3040 "https://www.anhosefittings.com/fittings/push-lock-hose-end-fittings.html" "Mozilla/5.0 (Windows NT 10.0; Win64; x64) AppleWebKit/537.36 (KHTML, like Gecko) Chrome/87.0.4280.88 Safari/537.36"
