216.244.66.194 - - [16/Dec/2020:06:27:23 -0500] "GET /customer/account/login/referer/aHR0cHM6Ly93d3cuYW5ob3NlZml0dGluZ3MuY29tL2NhdGFsb2dzZWFyY2gvcmVzdWx0L2luZGV4Lz9ob3NlX2FwcGxpY2F0aW9ucz00NzglMkM0NzYmcT1GZW1hbGUrdG8rbWFsZQ%2C%2C/ HTTP/1.1" 200 45605 "-" "Mozilla/5.0 (compatible; DotBot/1.1; http://www.opensiteexplorer.org/dotbot, help@moz.com)"
157.55.39.196 - - [16/Dec/2020:06:27:24 -0500] "GET /fittings.html?angle=198&cat=11&color=282&hose_applications=482&portbtype=216 HTTP/1.1" 200 13818 "-" "Mozilla/5.0 (compatible; bingbot/2.0; +http://www.bing.com/bingbot.htm)"
157.55.39.57 - - [16/Dec/2020:06:27:26 -0500] "GET /customer/account/login/referer/aHR0cHM6Ly93d3cuYW5ob3NlZml0dGluZ3MuY29tL2ZpdHRpbmdzLmh0bWw_YW5nbGU9MTk4JmNhdD0yMiUyQzIzJmhvc2VfYXBwbGljYXRpb25zPTQ4MiZ0ZWVwb3J0dHlwZT0yMjI%2C/ HTTP/1.1" 200 9973 "-" "Mozilla/5.0 (compatible; bingbot/2.0; +http://www.bing.com/bingbot.htm)"
50.236.92.146 - - [16/Dec/2020:06:27:41 -0500] "POST /checkout/cart/add/uenc/aHR0cHM6Ly93d3cuaW1wcm92ZWRyYWNpbmcuY29tL29pbC1wdW1wcy5odG1s/product/1075/ HTTP/2.0" 200 22 "https://www.improvedracing.com/oil-pumps.html" "Mozilla/5.0 (Windows NT 10.0; Win64; x64) AppleWebKit/537.36 (KHTML, like Gecko) Chrome/87.0.4280.88 Safari/537.36"
50.236.92.146 - - [16/Dec/2020:06:27:41 -0500] "GET /customer/section/load/?sections=cart%2Cdirectory-data%2Cmgk_adcpopup%2Csignifyd-fingerprint%2Cgtm%2Cmessages&force_new_section_timestamp=true&_=1608117367439 HTTP/2.0" 200 13689 "https://www.improvedracing.com/oil-pumps.html" "Mozilla/5.0 (Windows NT 10.0; Win64; x64) AppleWebKit/537.36 (KHTML, like Gecko) Chrome/87.0.4280.88 Safari/537.36"
50.236.92.146 - - [16/Dec/2020:06:27:42 -0500] "GET /media/catalog/product/cache/c2fa610edf170ddde48ac62dec0e701e/e/g/egm-500_8_lrg.jpg HTTP/2.0" 200 2266 "https://www.improvedracing.com/oil-pumps.html" "Mozilla/5.0 (Windows NT 10.0; Win64; x64) AppleWebKit/537.36 (KHTML, like Gecko) Chrome/87.0.4280.88 Safari/537.36"
50.236.92.146 - - [16/Dec/2020:06:27:42 -0500] "GET /media/catalog/product/cache/01e0ae594057ec763f5aa527fb242644/1/0/10295_1_lrg.jpg HTTP/2.0" 200 2013 "https://www.improvedracing.com/oil-pumps.html" "Mozilla/5.0 (Windows NT 10.0; Win64; x64) AppleWebKit/537.36 (KHTML, like Gecko) Chrome/87.0.4280.88 Safari/537.36"
50.236.92.146 - - [16/Dec/2020:06:27:42 -0500] "GET /media/catalog/product/cache/01e0ae594057ec763f5aa527fb242644/1/0/10296_1_lrg.jpg HTTP/2.0" 200 1791 "https://www.improvedracing.com/oil-pumps.html" "Mozilla/5.0 (Windows NT 10.0; Win64; x64) AppleWebKit/537.36 (KHTML, like Gecko) Chrome/87.0.4280.88 Safari/537.36"
50.236.92.146 - - [16/Dec/2020:06:27:42 -0500] "GET /media/catalog/product/cache/01e0ae594057ec763f5aa527fb242644/k/a/kat-a5069-ls9_lrg.jpg HTTP/2.0" 200 2137 "https://www.improvedracing.com/oil-pumps.html" "Mozilla/5.0 (Windows NT 10.0; Win64; x64) AppleWebKit/537.36 (KHTML, like Gecko) Chrome/87.0.4280.88 Safari/537.36"
50.236.92.146 - - [16/Dec/2020:06:27:42 -0500] "GET /media/catalog/product/cache/01e0ae594057ec763f5aa527fb242644/1/0/10355_1_lrg.jpg HTTP/2.0" 200 1659 "https://www.improvedracing.com/oil-pumps.html" "Mozilla/5.0 (Windows NT 10.0; Win64; x64) AppleWebKit/537.36 (KHTML, like Gecko) Chrome/87.0.4280.88 Safari/537.36"
50.236.92.146 - - [16/Dec/2020:06:27:42 -0500] "GET /media/catalog/product/cache/01e0ae594057ec763f5aa527fb242644/1/2/12588670_lrg.jpg HTTP/2.0" 200 1151 "https://www.improvedracing.com/oil-pumps.html" "Mozilla/5.0 (Windows NT 10.0; Win64; x64) AppleWebKit/537.36 (KHTML, like Gecko) Chrome/87.0.4280.88 Safari/537.36"
50.236.92.146 - - [16/Dec/2020:06:27:42 -0500] "GET /media/catalog/product/cache/01e0ae594057ec763f5aa527fb242644/1/2/12586482_1_lrg.jpg HTTP/2.0" 200 1071 "https://www.improvedracing.com/oil-pumps.html" "Mozilla/5.0 (Windows NT 10.0; Win64; x64) AppleWebKit/537.36 (KHTML, like Gecko) Chrome/87.0.4280.88 Safari/537.36"
50.236.92.146 - - [16/Dec/2020:06:27:42 -0500] "GET /media/catalog/product/cache/01e0ae594057ec763f5aa527fb242644/u/p/up3_3_lrg.jpg HTTP/2.0" 200 1550 "https://www.improvedracing.com/oil-pumps.html" "Mozilla/5.0 (Windows NT 10.0; Win64; x64) AppleWebKit/537.36 (KHTML, like Gecko) Chrome/87.0.4280.88 Safari/537.36"
50.236.92.146 - - [16/Dec/2020:06:27:42 -0500] "GET /media/catalog/product/cache/01e0ae594057ec763f5aa527fb242644/4/8/48560t-9_5_lrg.jpg HTTP/2.0" 200 2288 "https://www.improvedracing.com/oil-pumps.html" "Mozilla/5.0 (Windows NT 10.0; Win64; x64) AppleWebKit/537.36 (KHTML, like Gecko) Chrome/87.0.4280.88 Safari/537.36"
216.244.66.194 - - [16/Dec/2020:06:27:51 -0500] "GET /customer/account/login/referer/aHR0cDovL3d3dy5hbmhvc2VmaXR0aW5ncy5jb20vP3BkZnhlaD0zMw%2C%2C/ HTTP/1.1" 200 45017 "-" "Mozilla/5.0 (compatible; DotBot/1.1; http://www.opensiteexplorer.org/dotbot, help@moz.com)"
114.119.150.203 - - [16/Dec/2020:06:27:55 -0500] "GET /hose-assemblies.html?inner_diameter=258&outer_layer_material=251&portbtype=215 HTTP/1.1" 200 13120 "-" "Mozilla/5.0 (Linux; Android 7.0;) AppleWebKit/537.36 (KHTML, like Gecko) Mobile Safari/537.36 (compatible; PetalBot;+https://aspiegel.com/petalbot)"
52.207.178.164 - - [16/Dec/2020:06:27:57 -0500] "HEAD /ptfe-90-degree-an-hose-end-fitting-10an.html HTTP/1.1" 404 0 "-" "Monit/5.25.1"
52.207.178.164 - - [16/Dec/2020:06:27:58 -0500] "HEAD / HTTP/1.1" 200 0 "-" "Monit/5.25.1"
157.55.39.103 - - [16/Dec/2020:06:28:04 -0500] "GET /customer/account/login/referer/aHR0cHM6Ly93d3cuYW5ob3NlZml0dGluZ3MuY29tL2ZpdHRpbmdzLmh0bWw_YXBwbGljYXRpb25zPTQwNyZ0aHJlYWRfc2l6ZT0xNzU4Mg%2C%2C/ HTTP/1.1" 200 9941 "-" "Mozilla/5.0 (compatible; bingbot/2.0; +http://www.bing.com/bingbot.htm)"
50.236.92.146 - - [16/Dec/2020:06:28:07 -0500] "GET /oil-pans.html HTTP/2.0" 200 18704 "https://www.improvedracing.com/oil-pumps.html" "Mozilla/5.0 (Windows NT 10.0; Win64; x64) AppleWebKit/537.36 (KHTML, like Gecko) Chrome/87.0.4280.88 Safari/537.36"
50.236.92.146 - - [16/Dec/2020:06:28:07 -0500] "GET /media/catalog/product/cache/7e6550ed27b496de68f484d9d76ec807/e/g/egm-203_11_lrg_1.jpg HTTP/2.0" 200 7197 "https://www.improvedracing.com/oil-pans.html" "Mozilla/5.0 (Windows NT 10.0; Win64; x64) AppleWebKit/537.36 (KHTML, like Gecko) Chrome/87.0.4280.88 Safari/537.36"
50.236.92.146 - - [16/Dec/2020:06:28:07 -0500] "GET /media/catalog/product/cache/7e6550ed27b496de68f484d9d76ec807/e/g/egm-206_1_lrg_1.jpg HTTP/2.0" 200 5463 "https://www.improvedracing.com/oil-pans.html" "Mozilla/5.0 (Windows NT 10.0; Win64; x64) AppleWebKit/537.36 (KHTML, like Gecko) Chrome/87.0.4280.88 Safari/537.36"
50.236.92.146 - - [16/Dec/2020:06:28:07 -0500] "GET /media/catalog/product/cache/7e6550ed27b496de68f484d9d76ec807/e/g/egm-205_1_lrg_1.jpg HTTP/2.0" 200 6047 "https://www.improvedracing.com/oil-pans.html" "Mozilla/5.0 (Windows NT 10.0; Win64; x64) AppleWebKit/537.36 (KHTML, like Gecko) Chrome/87.0.4280.88 Safari/537.36"
50.236.92.146 - - [16/Dec/2020:06:28:07 -0500] "GET /media/catalog/product/cache/7e6550ed27b496de68f484d9d76ec807/e/g/egm-204_1_lrg_1.jpg HTTP/2.0" 200 5252 "https://www.improvedracing.com/oil-pans.html" "Mozilla/5.0 (Windows NT 10.0; Win64; x64) AppleWebKit/537.36 (KHTML, like Gecko) Chrome/87.0.4280.88 Safari/537.36"
50.236.92.146 - - [16/Dec/2020:06:28:07 -0500] "GET /media/catalog/product/cache/7e6550ed27b496de68f484d9d76ec807/1/2/12628771_kit_1_lrg_1.jpg HTTP/2.0" 200 5314 "https://www.improvedracing.com/oil-pans.html" "Mozilla/5.0 (Windows NT 10.0; Win64; x64) AppleWebKit/537.36 (KHTML, like Gecko) Chrome/87.0.4280.88 Safari/537.36"
50.236.92.146 - - [16/Dec/2020:06:28:07 -0500] "GET /media/catalog/product/cache/7e6550ed27b496de68f484d9d76ec807/3/0/302-2_1_lrg_2_1.jpg HTTP/2.0" 200 6244 "https://www.improvedracing.com/oil-pans.html" "Mozilla/5.0 (Windows NT 10.0; Win64; x64) AppleWebKit/537.36 (KHTML, like Gecko) Chrome/87.0.4280.88 Safari/537.36"
50.236.92.146 - - [16/Dec/2020:06:28:07 -0500] "GET /media/catalog/product/cache/7e6550ed27b496de68f484d9d76ec807/3/0/302-1_1_lrg_2.jpg HTTP/2.0" 200 6643 "https://www.improvedracing.com/oil-pans.html" "Mozilla/5.0 (Windows NT 10.0; Win64; x64) AppleWebKit/537.36 (KHTML, like Gecko) Chrome/87.0.4280.88 Safari/537.36"
50.236.92.146 - - [16/Dec/2020:06:28:07 -0500] "GET /media/catalog/product/cache/7e6550ed27b496de68f484d9d76ec807/3/0/302-3_1_lrg_1.jpg HTTP/2.0" 200 4669 "https://www.improvedracing.com/oil-pans.html" "Mozilla/5.0 (Windows NT 10.0; Win64; x64) AppleWebKit/537.36 (KHTML, like Gecko) Chrome/87.0.4280.88 Safari/537.36"
50.236.92.146 - - [16/Dec/2020:06:28:07 -0500] "GET /customer/section/load/?sections=gtm&force_new_section_timestamp=false&_=1608118106351 HTTP/2.0" 200 64 "https://www.improvedracing.com/oil-pans.html" "Mozilla/5.0 (Windows NT 10.0; Win64; x64) AppleWebKit/537.36 (KHTML, like Gecko) Chrome/87.0.4280.88 Safari/537.36"
73.218.22.65 - - [16/Dec/2020:06:28:08 -0500] "GET /customer/account/login/referer/aHR0cHM6Ly93d3cuaW1wcm92ZWRyYWNpbmcuY29tL2N1c3RvbWVyL2FjY291bnQvaW5kZXgv/ HTTP/2.0" 302 20 "https://www.improvedracing.com/customer/account/create/" "Mozilla/5.0 (Linux; Android 7.0; SM-T813) AppleWebKit/537.36 (KHTML, like Gecko) Chrome/87.0.4280.101 Safari/537.36"
73.218.22.65 - - [16/Dec/2020:06:28:09 -0500] "GET /customer/account/ HTTP/2.0" 200 12057 "https://www.improvedracing.com/customer/account/create/" "Mozilla/5.0 (Linux; Android 7.0; SM-T813) AppleWebKit/537.36 (KHTML, like Gecko) Chrome/87.0.4280.101 Safari/537.36"
73.218.22.65 - - [16/Dec/2020:06:28:09 -0500] "GET /static/version1607992673/frontend/IR/improvedracing/en_US/css/styles-m.css HTTP/2.0" 200 59393 "https://www.improvedracing.com/customer/account/" "Mozilla/5.0 (Linux; Android 7.0; SM-T813) AppleWebKit/537.36 (KHTML, like Gecko) Chrome/87.0.4280.101 Safari/537.36"
73.218.22.65 - - [16/Dec/2020:06:28:09 -0500] "GET /static/version1607992673/frontend/IR/improvedracing/en_US/js/bundle/bundle1.min.js HTTP/2.0" 200 226423 "https://www.improvedracing.com/customer/account/" "Mozilla/5.0 (Linux; Android 7.0; SM-T813) AppleWebKit/537.36 (KHTML, like Gecko) Chrome/87.0.4280.101 Safari/537.36"
73.218.22.65 - - [16/Dec/2020:06:28:09 -0500] "GET /static/version1607992673/frontend/IR/improvedracing/en_US/js/bundle/bundle0.min.js HTTP/2.0" 200 247140 "https://www.improvedracing.com/customer/account/" "Mozilla/5.0 (Linux; Android 7.0; SM-T813) AppleWebKit/537.36 (KHTML, like Gecko) Chrome/87.0.4280.101 Safari/537.36"
73.218.22.65 - - [16/Dec/2020:06:28:09 -0500] "GET /static/version1607992673/frontend/IR/improvedracing/en_US/js/bundle/bundle10.min.js HTTP/2.0" 200 209632 "https://www.improvedracing.com/customer/account/" "Mozilla/5.0 (Linux; Android 7.0; SM-T813) AppleWebKit/537.36 (KHTML, like Gecko) Chrome/87.0.4280.101 Safari/537.36"
73.218.22.65 - - [16/Dec/2020:06:28:09 -0500] "GET /static/version1607992673/frontend/IR/improvedracing/en_US/js/bundle/bundle11.min.js HTTP/2.0" 200 44748 "https://www.improvedracing.com/customer/account/" "Mozilla/5.0 (Linux; Android 7.0; SM-T813) AppleWebKit/537.36 (KHTML, like Gecko) Chrome/87.0.4280.101 Safari/537.36"
73.218.22.65 - - [16/Dec/2020:06:28:10 -0500] "GET /static/version1607992673/frontend/IR/improvedracing/en_US/js/bundle/bundle5.min.js HTTP/2.0" 200 245692 "https://www.improvedracing.com/customer/account/" "Mozilla/5.0 (Linux; Android 7.0; SM-T813) AppleWebKit/537.36 (KHTML, like Gecko) Chrome/87.0.4280.101 Safari/537.36"
73.218.22.65 - - [16/Dec/2020:06:28:10 -0500] "GET /static/version1607992673/frontend/IR/improvedracing/en_US/js/bundle/bundle2.min.js HTTP/2.0" 200 299426 "https://www.improvedracing.com/customer/account/" "Mozilla/5.0 (Linux; Android 7.0; SM-T813) AppleWebKit/537.36 (KHTML, like Gecko) Chrome/87.0.4280.101 Safari/537.36"
73.218.22.65 - - [16/Dec/2020:06:28:10 -0500] "GET /static/version1607992673/frontend/IR/improvedracing/en_US/js/bundle/bundle3.min.js HTTP/2.0" 200 201543 "https://www.improvedracing.com/customer/account/" "Mozilla/5.0 (Linux; Android 7.0; SM-T813) AppleWebKit/537.36 (KHTML, like Gecko) Chrome/87.0.4280.101 Safari/537.36"
73.218.22.65 - - [16/Dec/2020:06:28:10 -0500] "GET /static/version1607992673/frontend/IR/improvedracing/en_US/js/bundle/bundle4.min.js HTTP/2.0" 200 359345 "https://www.improvedracing.com/customer/account/" "Mozilla/5.0 (Linux; Android 7.0; SM-T813) AppleWebKit/537.36 (KHTML, like Gecko) Chrome/87.0.4280.101 Safari/537.36"
73.218.22.65 - - [16/Dec/2020:06:28:10 -0500] "GET /static/version1607992673/frontend/IR/improvedracing/en_US/js/bundle/bundle6.min.js HTTP/2.0" 200 257362 "https://www.improvedracing.com/customer/account/" "Mozilla/5.0 (Linux; Android 7.0; SM-T813) AppleWebKit/537.36 (KHTML, like Gecko) Chrome/87.0.4280.101 Safari/537.36"
73.218.22.65 - - [16/Dec/2020:06:28:10 -0500] "GET /static/version1607992673/frontend/IR/improvedracing/en_US/js/bundle/bundle7.min.js HTTP/2.0" 200 286359 "https://www.improvedracing.com/customer/account/" "Mozilla/5.0 (Linux; Android 7.0; SM-T813) AppleWebKit/537.36 (KHTML, like Gecko) Chrome/87.0.4280.101 Safari/537.36"
73.218.22.65 - - [16/Dec/2020:06:28:10 -0500] "GET /static/version1607992673/frontend/IR/improvedracing/en_US/js/bundle/bundle8.min.js HTTP/2.0" 200 257149 "https://www.improvedracing.com/customer/account/" "Mozilla/5.0 (Linux; Android 7.0; SM-T813) AppleWebKit/537.36 (KHTML, like Gecko) Chrome/87.0.4280.101 Safari/537.36"
73.218.22.65 - - [16/Dec/2020:06:28:10 -0500] "GET /static/version1607992673/frontend/IR/improvedracing/en_US/js/bundle/bundle9.min.js HTTP/2.0" 200 259841 "https://www.improvedracing.com/customer/account/" "Mozilla/5.0 (Linux; Android 7.0; SM-T813) AppleWebKit/537.36 (KHTML, like Gecko) Chrome/87.0.4280.101 Safari/537.36"
73.218.22.65 - - [16/Dec/2020:06:28:10 -0500] "GET /static/version1607992673/frontend/IR/improvedracing/en_US/js/fontawesome-all.min.js HTTP/2.0" 200 294349 "https://www.improvedracing.com/customer/account/" "Mozilla/5.0 (Linux; Android 7.0; SM-T813) AppleWebKit/537.36 (KHTML, like Gecko) Chrome/87.0.4280.101 Safari/537.36"
40.77.167.10 - - [16/Dec/2020:06:28:10 -0500] "GET /oil-adapters/filter-relocation-kits.html HTTP/1.1" 200 14581 "-" "Mozilla/5.0 (compatible; bingbot/2.0; +http://www.bing.com/bingbot.htm)"
73.218.22.65 - - [16/Dec/2020:06:28:10 -0500] "GET /static/version1607992673/frontend/IR/improvedracing/en_US/webfonts/fa-solid-900.woff2 HTTP/2.0" 200 67400 "https://www.improvedracing.com/static/version1607992673/frontend/IR/improvedracing/en_US/css/fontawesome-all.min.css" "Mozilla/5.0 (Linux; Android 7.0; SM-T813) AppleWebKit/537.36 (KHTML, like Gecko) Chrome/87.0.4280.101 Safari/537.36"
73.218.22.65 - - [16/Dec/2020:06:28:11 -0500] "GET /static/version1607992673/frontend/IR/improvedracing/en_US/webfonts/fa-brands-400.woff2 HTTP/2.0" 200 65316 "https://www.improvedracing.com/static/version1607992673/frontend/IR/improvedracing/en_US/css/fontawesome-all.min.css" "Mozilla/5.0 (Linux; Android 7.0; SM-T813) AppleWebKit/537.36 (KHTML, like Gecko) Chrome/87.0.4280.101 Safari/537.36"
17.58.100.10 - - [16/Dec/2020:06:28:11 -0500] "GET /10an-custom-hose-assembly.html HTTP/1.1" 200 25290 "-" "Mozilla/5.0 (Macintosh; Intel Mac OS X 10_15_5) AppleWebKit/605.1.15 (KHTML, like Gecko) Version/13.1.1 Safari/605.1.15 (Applebot/0.1; +http://www.apple.com/go/applebot)"
73.218.22.65 - - [16/Dec/2020:06:28:12 -0500] "GET /customer/section/load/?sections=cart%2Cpersistent%2Cgtm&force_new_section_timestamp=false&_=1608118090889 HTTP/2.0" 200 1115 "https://www.improvedracing.com/customer/account/" "Mozilla/5.0 (Linux; Android 7.0; SM-T813) AppleWebKit/537.36 (KHTML, like Gecko) Chrome/87.0.4280.101 Safari/537.36"
216.244.66.194 - - [16/Dec/2020:06:28:14 -0500] "GET /catalogsearch/result/index/?hose_applications=481&q=fittings%20include HTTP/1.1" 200 215598 "-" "Mozilla/5.0 (compatible; DotBot/1.1; http://www.opensiteexplorer.org/dotbot, help@moz.com)"
40.77.167.10 - - [16/Dec/2020:06:28:15 -0500] "GET /plumbing/hose.html?certifications=448 HTTP/1.1" 200 15150 "-" "Mozilla/5.0 (compatible; bingbot/2.0; +http://www.bing.com/bingbot.htm)"
50.236.92.146 - - [16/Dec/2020:06:28:16 -0500] "GET /oil-pans.html?p=2&_=1608118106352 HTTP/2.0" 200 18805 "https://www.improvedracing.com/oil-pans.html" "Mozilla/5.0 (Windows NT 10.0; Win64; x64) AppleWebKit/537.36 (KHTML, like Gecko) Chrome/87.0.4280.88 Safari/537.36"
50.236.92.146 - - [16/Dec/2020:06:28:16 -0500] "GET /media/catalog/product/cache/7e6550ed27b496de68f484d9d76ec807/e/g/egm-740ac_5_lrg_1.jpg HTTP/2.0" 200 6492 "https://www.improvedracing.com/oil-pans.html" "Mozilla/5.0 (Windows NT 10.0; Win64; x64) AppleWebKit/537.36 (KHTML, like Gecko) Chrome/87.0.4280.88 Safari/537.36"
50.236.92.146 - - [16/Dec/2020:06:28:16 -0500] "GET /media/catalog/product/cache/7e6550ed27b496de68f484d9d76ec807/e/g/egm-730af_6_lrg_2.jpg HTTP/2.0" 200 5586 "https://www.improvedracing.com/oil-pans.html" "Mozilla/5.0 (Windows NT 10.0; Win64; x64) AppleWebKit/537.36 (KHTML, like Gecko) Chrome/87.0.4280.88 Safari/537.36"
50.236.92.146 - - [16/Dec/2020:06:28:16 -0500] "GET /media/catalog/product/cache/7e6550ed27b496de68f484d9d76ec807/e/g/egm-730_5_lrg_3.jpg HTTP/2.0" 200 6846 "https://www.improvedracing.com/oil-pans.html" "Mozilla/5.0 (Windows NT 10.0; Win64; x64) AppleWebKit/537.36 (KHTML, like Gecko) Chrome/87.0.4280.88 Safari/537.36"
50.236.92.146 - - [16/Dec/2020:06:28:16 -0500] "GET /media/catalog/product/cache/7e6550ed27b496de68f484d9d76ec807/e/g/egm-200_9_lrg_2.jpg HTTP/2.0" 200 6206 "https://www.improvedracing.com/oil-pans.html" "Mozilla/5.0 (Windows NT 10.0; Win64; x64) AppleWebKit/537.36 (KHTML, like Gecko) Chrome/87.0.4280.88 Safari/537.36"
50.236.92.146 - - [16/Dec/2020:06:28:16 -0500] "GET /media/catalog/product/cache/7e6550ed27b496de68f484d9d76ec807/h/s/hsc-1035-kit_1_lrg_1.jpg HTTP/2.0" 200 6501 "https://www.improvedracing.com/oil-pans.html" "Mozilla/5.0 (Windows NT 10.0; Win64; x64) AppleWebKit/537.36 (KHTML, like Gecko) Chrome/87.0.4280.88 Safari/537.36"
50.236.92.146 - - [16/Dec/2020:06:28:16 -0500] "GET /media/catalog/product/cache/7e6550ed27b496de68f484d9d76ec807/1/2/12630766_2_lrg.jpg HTTP/2.0" 200 3149 "https://www.improvedracing.com/oil-pans.html" "Mozilla/5.0 (Windows NT 10.0; Win64; x64) AppleWebKit/537.36 (KHTML, like Gecko) Chrome/87.0.4280.88 Safari/537.36"
50.236.92.146 - - [16/Dec/2020:06:28:16 -0500] "GET /media/catalog/product/cache/7e6550ed27b496de68f484d9d76ec807/1/2/12577903_1_lrg.jpg HTTP/2.0" 200 2288 "https://www.improvedracing.com/oil-pans.html" "Mozilla/5.0 (Windows NT 10.0; Win64; x64) AppleWebKit/537.36 (KHTML, like Gecko) Chrome/87.0.4280.88 Safari/537.36"
50.236.92.146 - - [16/Dec/2020:06:28:16 -0500] "GET /media/catalog/product/cache/7e6550ed27b496de68f484d9d76ec807/8/9/89017524-_1_lrg.jpg HTTP/2.0" 200 4922 "https://www.improvedracing.com/oil-pans.html" "Mozilla/5.0 (Windows NT 10.0; Win64; x64) AppleWebKit/537.36 (KHTML, like Gecko) Chrome/87.0.4280.88 Safari/537.36"
108.189.201.215 - - [16/Dec/2020:06:28:20 -0500] "POST /webgility/webgility-magento.php HTTP/1.1" 200 5478 "-" "Mozilla/4.0 (compatible; MSIE 7.0; Windows NT 6.2; WOW64; Trident/7.0; .NET4.0E; .NET4.0C; .NET CLR 3.5.30729; .NET CLR 2.0.50727; .NET CLR 3.0.30729; IPH 1.1.21.4019; Zoom 3.6.0; zoomrc 4.4.0)"
50.236.92.146 - - [16/Dec/2020:06:28:22 -0500] "GET /engine/gaskets-seals.html HTTP/2.0" 200 16694 "https://www.improvedracing.com/oil-pans.html" "Mozilla/5.0 (Windows NT 10.0; Win64; x64) AppleWebKit/537.36 (KHTML, like Gecko) Chrome/87.0.4280.88 Safari/537.36"
50.236.92.146 - - [16/Dec/2020:06:28:22 -0500] "GET /media/catalog/product/cache/7e6550ed27b496de68f484d9d76ec807/1/2/12610141_2_lrg.jpg HTTP/2.0" 200 4032 "https://www.improvedracing.com/engine/gaskets-seals.html" "Mozilla/5.0 (Windows NT 10.0; Win64; x64) AppleWebKit/537.36 (KHTML, like Gecko) Chrome/87.0.4280.88 Safari/537.36"
50.236.92.146 - - [16/Dec/2020:06:28:22 -0500] "GET /media/catalog/product/cache/7e6550ed27b496de68f484d9d76ec807/h/w/hwa-3014_1_lrg.jpg HTTP/2.0" 200 2114 "https://www.improvedracing.com/engine/gaskets-seals.html" "Mozilla/5.0 (Windows NT 10.0; Win64; x64) AppleWebKit/537.36 (KHTML, like Gecko) Chrome/87.0.4280.88 Safari/537.36"
50.236.92.146 - - [16/Dec/2020:06:28:22 -0500] "GET /media/catalog/product/cache/7e6550ed27b496de68f484d9d76ec807/8/9/89017587_ml.jpg HTTP/2.0" 200 5096 "https://www.improvedracing.com/engine/gaskets-seals.html" "Mozilla/5.0 (Windows NT 10.0; Win64; x64) AppleWebKit/537.36 (KHTML, like Gecko) Chrome/87.0.4280.88 Safari/537.36"
50.236.92.146 - - [16/Dec/2020:06:28:23 -0500] "GET /customer/section/load/?sections=gtm&force_new_section_timestamp=false&_=1608118121944 HTTP/2.0" 200 64 "https://www.improvedracing.com/engine/gaskets-seals.html" "Mozilla/5.0 (Windows NT 10.0; Win64; x64) AppleWebKit/537.36 (KHTML, like Gecko) Chrome/87.0.4280.88 Safari/537.36"
209.99.163.235 - - [16/Dec/2020:06:28:28 -0500] "GET /lsx-and-ls-oil-cooler-adapter-with-thermostat-rear-sump-.html HTTP/1.1" 200 114543 "-" "Dispatch/0.14.0-SNAPSHOT"
179.43.128.174 - - [16/Dec/2020:06:28:31 -0500] "GET /index.php/inquiry/adminhtml_inquiry/index/ HTTP/1.1" 301 42855 "-" "Mozilla/5.0 (X11; Ubuntu; Linux x8664; rv:31.0) Gecko/20100101 Firefox/31.0"
179.43.128.174 - - [16/Dec/2020:06:28:32 -0500] "GET /catalogsearch/result/?q=inquiry+admin+index HTTP/1.1" 200 43257 "-" "Mozilla/5.0 (X11; Ubuntu; Linux x8664; rv:31.0) Gecko/20100101 Firefox/31.0"
157.55.39.103 - - [16/Dec/2020:06:28:37 -0500] "GET /customer/account/login/referer/aHR0cHM6Ly93d3cuYW5ob3NlZml0dGluZ3MuY29tL2ZpdHRpbmdzLmh0bWw_YW5nbGU9MTk1JmFwcGxpY2F0aW9ucz00MDcmaG9zZV9hcHBsaWNhdGlvbnM9NDgzJnRlZXBvcnR0eXBlPTIyMg%2C%2C/ HTTP/1.1" 200 9980 "-" "Mozilla/5.0 (compatible; bingbot/2.0; +http://www.bing.com/bingbot.htm)"
50.236.92.146 - - [16/Dec/2020:06:28:37 -0500] "POST /checkout/cart/add/uenc/aHR0cHM6Ly93d3cuaW1wcm92ZWRyYWNpbmcuY29tL2VuZ2luZS9nYXNrZXRzLXNlYWxzLmh0bWw%2C/product/1083/ HTTP/2.0" 200 22 "https://www.improvedracing.com/engine/gaskets-seals.html" "Mozilla/5.0 (Windows NT 10.0; Win64; x64) AppleWebKit/537.36 (KHTML, like Gecko) Chrome/87.0.4280.88 Safari/537.36"
50.236.92.146 - - [16/Dec/2020:06:28:38 -0500] "GET /customer/section/load/?sections=cart%2Cdirectory-data%2Cmgk_adcpopup%2Csignifyd-fingerprint%2Cgtm%2Cmessages&force_new_section_timestamp=true&_=1608118121945 HTTP/2.0" 200 13931 "https://www.improvedracing.com/engine/gaskets-seals.html" "Mozilla/5.0 (Windows NT 10.0; Win64; x64) AppleWebKit/537.36 (KHTML, like Gecko) Chrome/87.0.4280.88 Safari/537.36"
50.236.92.146 - - [16/Dec/2020:06:28:38 -0500] "GET /media/catalog/product/cache/c2fa610edf170ddde48ac62dec0e701e/h/g/hga-1000_1_lrg.jpg HTTP/2.0" 200 3554 "https://www.improvedracing.com/engine/gaskets-seals.html" "Mozilla/5.0 (Windows NT 10.0; Win64; x64) AppleWebKit/537.36 (KHTML, like Gecko) Chrome/87.0.4280.88 Safari/537.36"
50.236.92.146 - - [16/Dec/2020:06:28:38 -0500] "GET /media/catalog/product/cache/01e0ae594057ec763f5aa527fb242644/e/g/egm-107_13_lrg.jpg HTTP/2.0" 200 1072 "https://www.improvedracing.com/engine/gaskets-seals.html" "Mozilla/5.0 (Windows NT 10.0; Win64; x64) AppleWebKit/537.36 (KHTML, like Gecko) Chrome/87.0.4280.88 Safari/537.36"
50.236.92.146 - - [16/Dec/2020:06:28:38 -0500] "GET /media/catalog/product/cache/01e0ae594057ec763f5aa527fb242644/1/2/12617944_lrg.jpg HTTP/2.0" 200 1033 "https://www.improvedracing.com/engine/gaskets-seals.html" "Mozilla/5.0 (Windows NT 10.0; Win64; x64) AppleWebKit/537.36 (KHTML, like Gecko) Chrome/87.0.4280.88 Safari/537.36"
50.236.92.146 - - [16/Dec/2020:06:28:38 -0500] "GET /media/catalog/product/cache/01e0ae594057ec763f5aa527fb242644/h/p/hpl-1001_1_lrg.jpg HTTP/2.0" 200 1329 "https://www.improvedracing.com/engine/gaskets-seals.html" "Mozilla/5.0 (Windows NT 10.0; Win64; x64) AppleWebKit/537.36 (KHTML, like Gecko) Chrome/87.0.4280.88 Safari/537.36"
50.236.92.146 - - [16/Dec/2020:06:28:38 -0500] "GET /media/catalog/product/cache/01e0ae594057ec763f5aa527fb242644/e/n/env-161_12_lrg_2.jpg HTTP/2.0" 200 1672 "https://www.improvedracing.com/engine/gaskets-seals.html" "Mozilla/5.0 (Windows NT 10.0; Win64; x64) AppleWebKit/537.36 (KHTML, like Gecko) Chrome/87.0.4280.88 Safari/537.36"
50.236.92.146 - - [16/Dec/2020:06:28:38 -0500] "GET /media/catalog/product/cache/01e0ae594057ec763f5aa527fb242644/1/2/12499217_lrg.jpg HTTP/2.0" 200 2132 "https://www.improvedracing.com/engine/gaskets-seals.html" "Mozilla/5.0 (Windows NT 10.0; Win64; x64) AppleWebKit/537.36 (KHTML, like Gecko) Chrome/87.0.4280.88 Safari/537.36"
50.236.92.146 - - [16/Dec/2020:06:28:38 -0500] "GET /media/catalog/product/cache/01e0ae594057ec763f5aa527fb242644/h/n/hnt-1018_5_lrg.jpg HTTP/2.0" 200 1527 "https://www.improvedracing.com/engine/gaskets-seals.html" "Mozilla/5.0 (Windows NT 10.0; Win64; x64) AppleWebKit/537.36 (KHTML, like Gecko) Chrome/87.0.4280.88 Safari/537.36"
50.236.92.146 - - [16/Dec/2020:06:28:38 -0500] "GET /media/catalog/product/cache/01e0ae594057ec763f5aa527fb242644/e/f/efr-800_1_lrg.jpg HTTP/2.0" 200 1541 "https://www.improvedracing.com/engine/gaskets-seals.html" "Mozilla/5.0 (Windows NT 10.0; Win64; x64) AppleWebKit/537.36 (KHTML, like Gecko) Chrome/87.0.4280.88 Safari/537.36"
50.236.92.146 - - [16/Dec/2020:06:28:38 -0500] "GET /media/catalog/product/cache/01e0ae594057ec763f5aa527fb242644/e/g/egm-106_6_lrg_2.jpg HTTP/2.0" 200 1737 "https://www.improvedracing.com/engine/gaskets-seals.html" "Mozilla/5.0 (Windows NT 10.0; Win64; x64) AppleWebKit/537.36 (KHTML, like Gecko) Chrome/87.0.4280.88 Safari/537.36"
50.236.92.146 - - [16/Dec/2020:06:28:40 -0500] "GET /static/version1607992673/frontend/IR/improvedracing/en_US/images/loader-2.gif HTTP/2.0" 200 2035 "https://www.improvedracing.com/engine/gaskets-seals.html" "Mozilla/5.0 (Windows NT 10.0; Win64; x64) AppleWebKit/537.36 (KHTML, like Gecko) Chrome/87.0.4280.88 Safari/537.36"
50.236.92.146 - - [16/Dec/2020:06:28:40 -0500] "POST /checkout/sidebar/updateItemQty/ HTTP/2.0" 200 36 "https://www.improvedracing.com/engine/gaskets-seals.html" "Mozilla/5.0 (Windows NT 10.0; Win64; x64) AppleWebKit/537.36 (KHTML, like Gecko) Chrome/87.0.4280.88 Safari/537.36"
50.236.92.146 - - [16/Dec/2020:06:28:41 -0500] "GET /customer/section/load/?sections=cart%2Cmessages&force_new_section_timestamp=true&_=1608118121946 HTTP/2.0" 200 1211 "https://www.improvedracing.com/engine/gaskets-seals.html" "Mozilla/5.0 (Windows NT 10.0; Win64; x64) AppleWebKit/537.36 (KHTML, like Gecko) Chrome/87.0.4280.88 Safari/537.36"
114.119.134.95 - - [16/Dec/2020:06:28:42 -0500] "GET /fittings.html?angle=195&color=282&hose_applications=481&portbtype=217 HTTP/1.1" 200 16280 "-" "Mozilla/5.0 (Linux; Android 7.0;) AppleWebKit/537.36 (KHTML, like Gecko) Mobile Safari/537.36 (compatible; PetalBot;+https://aspiegel.com/petalbot)"
157.55.39.196 - - [16/Dec/2020:06:28:45 -0500] "GET /customer/account/login/referer/aHR0cHM6Ly93d3cuYW5ob3NlZml0dGluZ3MuY29tL2ZpdHRpbmdzLmh0bWw_Y2F0PTEzJmhvc2VfYXBwbGljYXRpb25zPTQ3NSUyQzQ3NA%2C%2C/ HTTP/1.1" 200 9941 "-" "Mozilla/5.0 (compatible; bingbot/2.0; +http://www.bing.com/bingbot.htm)"
38.77.197.145 - - [16/Dec/2020:06:28:45 -0500] "GET /engine/gaskets-seals.html HTTP/1.1" 200 94353 "-" "Dispatch/0.14.0-SNAPSHOT"
216.244.66.194 - - [16/Dec/2020:06:28:46 -0500] "GET /catalogsearch/result/index/?p=2&q=08an%2Borb%2Bplug%2Bfemale%2Bsensor%2Bport HTTP/1.1" 200 72958 "-" "Mozilla/5.0 (compatible; DotBot/1.1; http://www.opensiteexplorer.org/dotbot, help@moz.com)"
50.236.92.146 - - [16/Dec/2020:06:28:47 -0500] "POST /checkout/sidebar/updateItemQty/ HTTP/2.0" 200 36 "https://www.improvedracing.com/engine/gaskets-seals.html" "Mozilla/5.0 (Windows NT 10.0; Win64; x64) AppleWebKit/537.36 (KHTML, like Gecko) Chrome/87.0.4280.88 Safari/537.36"
50.236.92.146 - - [16/Dec/2020:06:28:47 -0500] "GET /customer/section/load/?sections=cart%2Cmessages&force_new_section_timestamp=true&_=1608118121947 HTTP/2.0" 200 1211 "https://www.improvedracing.com/engine/gaskets-seals.html" "Mozilla/5.0 (Windows NT 10.0; Win64; x64) AppleWebKit/537.36 (KHTML, like Gecko) Chrome/87.0.4280.88 Safari/537.36"
207.46.13.137 - - [16/Dec/2020:06:29:02 -0500] "GET /catalogsearch/result/index/?angle=201&inner_diameter=259&p=3&q=straight+push+lock+an+hose+end+fitting HTTP/1.1" 200 12694 "-" "Mozilla/5.0 (compatible; bingbot/2.0; +http://www.bing.com/bingbot.htm)"
141.193.134.144 - - [16/Dec/2020:06:29:03 -0500] "GET /media/catalog/product/e/g/egm-501-flow-diagram_lrg.jpg HTTP/2.0" 200 280994 "https://www.google.com/" "Mozilla/5.0 (iPhone; CPU iPhone OS 13_7 like Mac OS X) AppleWebKit/605.1.15 (KHTML, like Gecko) Version/13.1.2 Mobile/15E148 Safari/604.1"
66.249.66.64 - - [16/Dec/2020:06:29:04 -0500] "GET /45-degree-3-8-male-npt-an-male-flare-union-10.html HTTP/1.1" 200 15548 "-" "Mozilla/5.0 (Linux; Android 6.0.1; Nexus 5X Build/MMB29P) AppleWebKit/537.36 (KHTML, like Gecko) Chrome/87.0.4280.90 Mobile Safari/537.36 (compatible; Googlebot/2.1; +http://www.google.com/bot.html)"
13.66.139.17 - - [16/Dec/2020:06:29:08 -0500] "GET /hose-assemblies.html?angle=197&heat_shield_hose_size=284&hose_applications=475&inner_diameter=258&portatype=214 HTTP/1.1" 200 12770 "-" "Mozilla/5.0 (compatible; bingbot/2.0; +http://www.bing.com/bingbot.htm)"
114.119.140.196 - - [16/Dec/2020:06:29:12 -0500] "GET /catalogsearch/result/index?cooler_core_height=650&cooler_core_width=657&hose_applications=474&q=oiling%2Bsystem%2Bcooler%2Badapters%2Bc%2B2%2B3%2B18 HTTP/1.1" 200 15909 "-" "Mozilla/5.0 (Linux; Android 7.0;) AppleWebKit/537.36 (KHTML, like Gecko) Mobile Safari/537.36 (compatible; PetalBot;+https://aspiegel.com/petalbot)"
50.236.92.146 - - [16/Dec/2020:06:29:12 -0500] "GET /engine/gaskets-seals.html?p=2&_=1608118121948 HTTP/2.0" 200 17423 "https://www.improvedracing.com/engine/gaskets-seals.html" "Mozilla/5.0 (Windows NT 10.0; Win64; x64) AppleWebKit/537.36 (KHTML, like Gecko) Chrome/87.0.4280.88 Safari/537.36"
50.236.92.146 - - [16/Dec/2020:06:29:12 -0500] "GET /media/catalog/product/cache/7e6550ed27b496de68f484d9d76ec807/1/2/12630223_lrg.jpg HTTP/2.0" 200 4977 "https://www.improvedracing.com/engine/gaskets-seals.html" "Mozilla/5.0 (Windows NT 10.0; Win64; x64) AppleWebKit/537.36 (KHTML, like Gecko) Chrome/87.0.4280.88 Safari/537.36"
50.236.92.146 - - [16/Dec/2020:06:29:12 -0500] "GET /media/catalog/product/cache/7e6550ed27b496de68f484d9d76ec807/1/2/12617944_lrg.jpg HTTP/2.0" 200 2382 "https://www.improvedracing.com/engine/gaskets-seals.html" "Mozilla/5.0 (Windows NT 10.0; Win64; x64) AppleWebKit/537.36 (KHTML, like Gecko) Chrome/87.0.4280.88 Safari/537.36"
50.236.92.146 - - [16/Dec/2020:06:29:12 -0500] "GET /media/catalog/product/cache/7e6550ed27b496de68f484d9d76ec807/1/2/12633904_lrg.jpg HTTP/2.0" 200 2587 "https://www.improvedracing.com/engine/gaskets-seals.html" "Mozilla/5.0 (Windows NT 10.0; Win64; x64) AppleWebKit/537.36 (KHTML, like Gecko) Chrome/87.0.4280.88 Safari/537.36"
50.236.92.146 - - [16/Dec/2020:06:29:12 -0500] "GET /media/catalog/product/cache/7e6550ed27b496de68f484d9d76ec807/1/2/12585673_lrg.jpg HTTP/2.0" 200 2831 "https://www.improvedracing.com/engine/gaskets-seals.html" "Mozilla/5.0 (Windows NT 10.0; Win64; x64) AppleWebKit/537.36 (KHTML, like Gecko) Chrome/87.0.4280.88 Safari/537.36"
50.236.92.146 - - [16/Dec/2020:06:29:12 -0500] "GET /media/catalog/product/cache/7e6550ed27b496de68f484d9d76ec807/1/2/12639249_lrg.jpg HTTP/2.0" 200 3174 "https://www.improvedracing.com/engine/gaskets-seals.html" "Mozilla/5.0 (Windows NT 10.0; Win64; x64) AppleWebKit/537.36 (KHTML, like Gecko) Chrome/87.0.4280.88 Safari/537.36"
50.236.92.146 - - [16/Dec/2020:06:29:12 -0500] "GET /media/catalog/product/cache/7e6550ed27b496de68f484d9d76ec807/8/9/89060436_lrg.jpg HTTP/2.0" 200 2844 "https://www.improvedracing.com/engine/gaskets-seals.html" "Mozilla/5.0 (Windows NT 10.0; Win64; x64) AppleWebKit/537.36 (KHTML, like Gecko) Chrome/87.0.4280.88 Safari/537.36"
50.236.92.146 - - [16/Dec/2020:06:29:12 -0500] "GET /media/catalog/product/cache/7e6550ed27b496de68f484d9d76ec807/1/2/12499217_lrg.jpg HTTP/2.0" 200 9449 "https://www.improvedracing.com/engine/gaskets-seals.html" "Mozilla/5.0 (Windows NT 10.0; Win64; x64) AppleWebKit/537.36 (KHTML, like Gecko) Chrome/87.0.4280.88 Safari/537.36"
50.236.92.146 - - [16/Dec/2020:06:29:12 -0500] "GET /media/catalog/product/cache/7e6550ed27b496de68f484d9d76ec807/1/2/12637683_ml.jpg HTTP/2.0" 200 2890 "https://www.improvedracing.com/engine/gaskets-seals.html" "Mozilla/5.0 (Windows NT 10.0; Win64; x64) AppleWebKit/537.36 (KHTML, like Gecko) Chrome/87.0.4280.88 Safari/537.36"
69.162.124.232 - - [16/Dec/2020:06:29:16 -0500] "HEAD /fittings.html HTTP/1.1" 200 0 "https://www.anhosefittings.com/fittings.html" "Mozilla/5.0+(compatible; UptimeRobot/2.0; http://www.uptimerobot.com/)"
216.244.66.194 - - [16/Dec/2020:06:29:16 -0500] "GET /customer/account/login/referer/aHR0cDovL3d3dy5hbmhvc2VmaXR0aW5ncy5jb20vMS0yLWZlbWFsZS0xLW1hbGUtbnB0LXBpcGUtcmVkdWNlci5odG1s/ HTTP/1.1" 200 45241 "-" "Mozilla/5.0 (compatible; DotBot/1.1; http://www.opensiteexplorer.org/dotbot, help@moz.com)"
107.77.169.50 - - [16/Dec/2020:06:29:41 -0500] "GET /customer/account/login/referer/aHR0cHM6Ly93d3cuYW5ob3NlZml0dGluZ3MuY29tL2N1c3RvbWVyL2FjY291bnQvaW5kZXgv/ HTTP/2.0" 302 20 "https://www.anhosefittings.com/customer/account/forgotpassword/" "Mozilla/5.0 (iPhone; CPU iPhone OS 13_6_1 like Mac OS X) AppleWebKit/605.1.15 (KHTML, like Gecko) Version/13.1.2 Mobile/15E148 Safari/604.1"
107.77.169.50 - - [16/Dec/2020:06:29:41 -0500] "GET /customer/account/ HTTP/2.0" 200 9805 "https://www.anhosefittings.com/customer/account/forgotpassword/" "Mozilla/5.0 (iPhone; CPU iPhone OS 13_6_1 like Mac OS X) AppleWebKit/605.1.15 (KHTML, like Gecko) Version/13.1.2 Mobile/15E148 Safari/604.1"
107.77.169.50 - - [16/Dec/2020:06:29:42 -0500] "GET /customer/section/load/?sections=gtm&force_new_section_timestamp=false&_=1608118182135 HTTP/2.0" 200 64 "https://www.anhosefittings.com/customer/account/" "Mozilla/5.0 (iPhone; CPU iPhone OS 13_6_1 like Mac OS X) AppleWebKit/605.1.15 (KHTML, like Gecko) Version/13.1.2 Mobile/15E148 Safari/604.1"
157.55.39.57 - - [16/Dec/2020:06:29:44 -0500] "GET /customer/account/login/referer/aHR0cHM6Ly93d3cuYW5ob3NlZml0dGluZ3MuY29tL2NhdGFsb2dzZWFyY2gvcmVzdWx0L2luZGV4Lz9hbmdsZT0xOTcmaW5uZXJfZGlhbWV0ZXI9MjYwJnE9c3RyYWlnaHQrcHVzaCtvbitiYXJiZWQrYW4raG9zZStlbmQrZml0dGluZw%2C%2C/ HTTP/1.1" 200 10016 "-" "Mozilla/5.0 (compatible; bingbot/2.0; +http://www.bing.com/bingbot.htm)"
66.249.66.80 - - [16/Dec/2020:06:29:46 -0500] "GET /oil-cooling.html?cooler_core_height=648&cooler_core_thickness=642&cooler_core_width=657&cooler_rows=586&hose_applications=475&portatype=208&portbtype=618 HTTP/1.1" 499 0 "-" "Mozilla/5.0 (Linux; Android 6.0.1; Nexus 5X Build/MMB29P) AppleWebKit/537.36 (KHTML, like Gecko) Chrome/87.0.4280.90 Mobile Safari/537.36 (compatible; Googlebot/2.1; +http://www.google.com/bot.html)"
66.249.66.79 - - [16/Dec/2020:06:29:48 -0500] "GET /images/products/DF-090-10_1_lrg.jpg HTTP/1.1" 404 10795 "-" "Googlebot-Image/1.0"
157.55.39.103 - - [16/Dec/2020:06:29:50 -0500] "GET /fittings.html?angle=195&hose_applications=481&portbtype=618%2C218%2C299 HTTP/1.1" 499 0 "-" "Mozilla/5.0 (compatible; bingbot/2.0; +http://www.bing.com/bingbot.htm)"
79.25.243.193 - - [16/Dec/2020:06:29:52 -0500] "GET / HTTP/1.1" 400 657 "-" "Mozilla/5.0 (Windows NT 6.1; WOW64) AppleWebKit/537.36 (KHTML, like Gecko) Chrome/52.0.2743.116 Safari/537.36"
207.46.13.137 - - [16/Dec/2020:06:29:54 -0500] "GET /hose-assemblies.html?color=282&heat_shield_hose_size=272&hose_applications=475&portbtype=216 HTTP/1.1" 499 0 "-" "Mozilla/5.0 (compatible; bingbot/2.0; +http://www.bing.com/bingbot.htm)"
108.189.201.215 - - [16/Dec/2020:06:29:54 -0500] "POST /webgility/webgility-magento.php HTTP/1.1" 200 3345 "-" "Mozilla/4.0 (compatible; MSIE 7.0; Windows NT 6.2; WOW64; Trident/7.0; .NET4.0E; .NET4.0C; .NET CLR 3.5.30729; .NET CLR 2.0.50727; .NET CLR 3.0.30729; IPH 1.1.21.4019; Zoom 3.6.0; zoomrc 4.4.0)"
52.207.178.164 - - [16/Dec/2020:06:29:58 -0500] "HEAD /ptfe-90-degree-an-hose-end-fitting-10an.html HTTP/1.1" 404 0 "-" "Monit/5.25.1"
52.207.178.164 - - [16/Dec/2020:06:29:58 -0500] "HEAD / HTTP/1.1" 200 0 "-" "Monit/5.25.1"
66.249.92.128 - - [16/Dec/2020:06:29:59 -0500] "GET /static/version1607992673/frontend/IR/anhosefittings/en_US/fonts/Luma-Icons.woff2 HTTP/1.1" 200 3272 "https://www.anhosefittings.com/an-swivel-seal-straight-hose-end-to-male-npt-fitting-8-6.html" "Mozilla/5.0 (iPhone; CPU iPhone OS 9_1 like Mac OS X) AppleWebKit/601.1.46 (KHTML, like Gecko) Version/9.0 Mobile/13B143 Safari/601.1 (compatible; AdsBot-Google-Mobile; +http://www.google.com/mobile/adsbot.html)"
66.249.92.159 - - [16/Dec/2020:06:30:00 -0500] "GET /static/version1607992673/frontend/IR/anhosefittings/en_US/IhnsGroup_Clider/css/mp.css HTTP/1.1" 200 22040 "https://www.anhosefittings.com/an-swivel-seal-straight-hose-end-to-male-npt-fitting-8-6.html" "Mozilla/5.0 (iPhone; CPU iPhone OS 9_1 like Mac OS X) AppleWebKit/601.1.46 (KHTML, like Gecko) Version/9.0 Mobile/13B143 Safari/601.1 (compatible; AdsBot-Google-Mobile; +http://www.google.com/mobile/adsbot.html)"
66.249.92.159 - - [16/Dec/2020:06:30:01 -0500] "GET /static/version1607992673/frontend/IR/anhosefittings/en_US/requirejs/require.min.js HTTP/1.1" 200 7673 "https://www.anhosefittings.com/an-swivel-seal-straight-hose-end-to-male-npt-fitting-8-6.html" "Mozilla/5.0 (iPhone; CPU iPhone OS 9_1 like Mac OS X) AppleWebKit/601.1.46 (KHTML, like Gecko) Version/9.0 Mobile/13B143 Safari/601.1 (compatible; AdsBot-Google-Mobile; +http://www.google.com/mobile/adsbot.html)"
66.249.92.159 - - [16/Dec/2020:06:30:01 -0500] "GET /static/version1607992673/frontend/IR/anhosefittings/en_US/js/bundle/bundle9.min.js HTTP/1.1" 200 259918 "https://www.anhosefittings.com/an-swivel-seal-straight-hose-end-to-male-npt-fitting-8-6.html" "Mozilla/5.0 (iPhone; CPU iPhone OS 9_1 like Mac OS X) AppleWebKit/601.1.46 (KHTML, like Gecko) Version/9.0 Mobile/13B143 Safari/601.1 (compatible; AdsBot-Google-Mobile; +http://www.google.com/mobile/adsbot.html)"
66.249.92.128 - - [16/Dec/2020:06:30:02 -0500] "GET /static/version1607992673/frontend/IR/anhosefittings/en_US/requirejs-config.min.js HTTP/1.1" 200 3626 "https://www.anhosefittings.com/an-swivel-seal-straight-hose-end-to-male-npt-fitting-8-6.html" "Mozilla/5.0 (iPhone; CPU iPhone OS 9_1 like Mac OS X) AppleWebKit/601.1.46 (KHTML, like Gecko) Version/9.0 Mobile/13B143 Safari/601.1 (compatible; AdsBot-Google-Mobile; +http://www.google.com/mobile/adsbot.html)"
66.249.92.159 - - [16/Dec/2020:06:30:04 -0500] "GET /static/version1607992673/frontend/IR/anhosefittings/en_US/js/bundle/bundle3.min.js HTTP/1.1" 200 204842 "https://www.anhosefittings.com/an-swivel-seal-straight-hose-end-to-male-npt-fitting-8-6.html" "Mozilla/5.0 (iPhone; CPU iPhone OS 9_1 like Mac OS X) AppleWebKit/601.1.46 (KHTML, like Gecko) Version/9.0 Mobile/13B143 Safari/601.1 (compatible; AdsBot-Google-Mobile; +http://www.google.com/mobile/adsbot.html)"
216.244.66.194 - - [16/Dec/2020:06:30:05 -0500] "GET /catalogsearch/result/index/?inner_diameter=471&q=150+degree+push+lock+an+hose+end+fitting+8 HTTP/1.1" 499 0 "-" "Mozilla/5.0 (compatible; DotBot/1.1; http://www.opensiteexplorer.org/dotbot, help@moz.com)"
66.249.92.159 - - [16/Dec/2020:06:30:05 -0500] "GET /static/version1607992673/frontend/IR/anhosefittings/en_US/fonts/opensans/semibold/opensans-600.woff2 HTTP/1.1" 200 17980 "https://www.anhosefittings.com/an-swivel-seal-straight-hose-end-to-male-npt-fitting-8-6.html" "Mozilla/5.0 (iPhone; CPU iPhone OS 9_1 like Mac OS X) AppleWebKit/601.1.46 (KHTML, like Gecko) Version/9.0 Mobile/13B143 Safari/601.1 (compatible; AdsBot-Google-Mobile; +http://www.google.com/mobile/adsbot.html)"
66.249.92.159 - - [16/Dec/2020:06:30:06 -0500] "GET /static/version1607992673/frontend/IR/anhosefittings/en_US/js/bundle/bundle11.min.js HTTP/1.1" 200 44769 "https://www.anhosefittings.com/an-swivel-seal-straight-hose-end-to-male-npt-fitting-8-6.html" "Mozilla/5.0 (iPhone; CPU iPhone OS 9_1 like Mac OS X) AppleWebKit/601.1.46 (KHTML, like Gecko) Version/9.0 Mobile/13B143 Safari/601.1 (compatible; AdsBot-Google-Mobile; +http://www.google.com/mobile/adsbot.html)"
66.249.92.159 - - [16/Dec/2020:06:30:07 -0500] "GET /static/version1607992673/frontend/IR/anhosefittings/en_US/fonts/opensans/bold/opensans-700.woff2 HTTP/1.1" 200 17668 "https://www.anhosefittings.com/an-swivel-seal-straight-hose-end-to-male-npt-fitting-8-6.html" "Mozilla/5.0 (iPhone; CPU iPhone OS 9_1 like Mac OS X) AppleWebKit/601.1.46 (KHTML, like Gecko) Version/9.0 Mobile/13B143 Safari/601.1 (compatible; AdsBot-Google-Mobile; +http://www.google.com/mobile/adsbot.html)"
66.249.92.159 - - [16/Dec/2020:06:30:08 -0500] "GET /static/version1607992673/frontend/IR/anhosefittings/en_US/js/bundle/bundle5.min.js HTTP/1.1" 200 245672 "https://www.anhosefittings.com/an-swivel-seal-straight-hose-end-to-male-npt-fitting-8-6.html" "Mozilla/5.0 (iPhone; CPU iPhone OS 9_1 like Mac OS X) AppleWebKit/601.1.46 (KHTML, like Gecko) Version/9.0 Mobile/13B143 Safari/601.1 (compatible; AdsBot-Google-Mobile; +http://www.google.com/mobile/adsbot.html)"
179.43.128.174 - - [16/Dec/2020:06:30:09 -0500] "GET /index.php/inquiry/adminhtml_inquiry/index/ HTTP/1.1" 301 52228 "-" "Mozilla/5.0 (Windows NT 6.1) AppleWebKit/537.36 (KHTML like Gecko) Chrome/28.0.1500.72 Safari/537.36"
66.249.92.159 - - [16/Dec/2020:06:30:10 -0500] "GET /customer/section/load/?sections=gtm&force_new_section_timestamp=false&_=1608116400065 HTTP/1.1" 200 75 "https://www.anhosefittings.com/an-swivel-seal-straight-hose-end-to-male-npt-fitting-8-6.html" "Mozilla/5.0 (iPhone; CPU iPhone OS 9_1 like Mac OS X) AppleWebKit/601.1.46 (KHTML, like Gecko) Version/9.0 Mobile/13B143 Safari/601.1 (compatible; AdsBot-Google-Mobile; +http://www.google.com/mobile/adsbot.html)"
114.119.131.199 - - [16/Dec/2020:06:30:15 -0500] "GET /customer/account/login/referer/aHR0cHM6Ly93d3cuYW5ob3NlZml0dGluZ3MuY29tL2hvc2UtYXNzZW1ibGllcy5odG1sP2FuZ2xlPTE5OCZjZXJ0aWZpY2F0aW9ucz00NDgmY29sb3I9MjgyJmNvbmR1Y3RpdmU9MTc1MTYmaGVhdF9zaGllbGRfaG9zZV9zaXplPTI3MSZob3NlX2FwcGxpY2F0aW9ucz00ODImb3V0ZXJfbGF5ZXJfbWF0ZXJpYWw9MjUw HTTP/1.1" 200 10087 "-" "Mozilla/5.0 (Linux; Android 7.0;) AppleWebKit/537.36 (KHTML, like Gecko) Mobile Safari/537.36 (compatible; PetalBot;+https://aspiegel.com/petalbot)"
50.236.92.146 - - [16/Dec/2020:06:30:20 -0500] "GET /oil-adapters.html HTTP/2.0" 499 0 "https://www.improvedracing.com/engine/gaskets-seals.html" "Mozilla/5.0 (Windows NT 10.0; Win64; x64) AppleWebKit/537.36 (KHTML, like Gecko) Chrome/87.0.4280.88 Safari/537.36"
216.244.66.236 - - [16/Dec/2020:06:30:28 -0500] "GET /robots.txt HTTP/1.1" 200 11 "-" "Mozilla/5.0 (compatible; DotBot/1.1; http://www.opensiteexplorer.org/dotbot, help@moz.com)"
207.46.13.137 - - [16/Dec/2020:06:30:34 -0500] "GET /hose-assemblies.html?angle=196&certifications=447&heat_shield_hose_size=272&hose_applications=479&inner_diameter=256&portatype=214 HTTP/1.1" 499 0 "-" "Mozilla/5.0 (compatible; bingbot/2.0; +http://www.bing.com/bingbot.htm)"
157.55.39.103 - - [16/Dec/2020:06:30:35 -0500] "GET /customer/account/login/referer/aHR0cHM6Ly93d3cuYW5ob3NlZml0dGluZ3MuY29tL2ZpdHRpbmdzLmh0bWw_Y2F0PTQ2JTJDMjIlMkMxMiUyQzE5Jmhvc2VfYXBwbGljYXRpb25zPTQ4Mg%2C%2C/ HTTP/1.1" 200 9955 "-" "Mozilla/5.0 (compatible; bingbot/2.0; +http://www.bing.com/bingbot.htm)"
69.162.124.228 - - [16/Dec/2020:06:30:37 -0500] "HEAD / HTTP/1.1" 200 0 "http://www.improvedracing.com" "Mozilla/5.0+(compatible; UptimeRobot/2.0; http://www.uptimerobot.com/)"
179.43.128.174 - - [16/Dec/2020:06:30:38 -0500] "GET /catalogsearch/result/?q=inquiry+admin+index HTTP/1.1" 499 0 "-" "Mozilla/5.0 (Windows NT 6.1) AppleWebKit/537.36 (KHTML like Gecko) Chrome/28.0.1500.72 Safari/537.36"
114.119.144.222 - - [16/Dec/2020:06:30:44 -0500] "GET /hose-assemblies.html?angle=198&conductive=17516&heat_shield_hose_size=271&hose_applications=758&inner_diameter=256&outer_layer_material=250&portatype=214 HTTP/1.1" 499 0 "-" "Mozilla/5.0 (Linux; Android 7.0;) AppleWebKit/537.36 (KHTML, like Gecko) Mobile Safari/537.36 (compatible; PetalBot;+https://aspiegel.com/petalbot)"
157.55.39.196 - - [16/Dec/2020:06:30:55 -0500] "GET /fittings.html?angle=198&portbtype=217%2C219 HTTP/1.1" 499 0 "-" "Mozilla/5.0 (compatible; bingbot/2.0; +http://www.bing.com/bingbot.htm)"
216.244.66.194 - - [16/Dec/2020:06:30:55 -0500] "GET /catalogsearch/result/index/?inner_diameter=526&q=straight%2Bpush%2Block%2Ban%2Bhose%2Bend%2Bfitting HTTP/1.1" 499 0 "-" "Mozilla/5.0 (compatible; DotBot/1.1; http://www.opensiteexplorer.org/dotbot, help@moz.com)"
66.249.92.159 - - [16/Dec/2020:06:30:57 -0500] "GET /static/version1607992673/frontend/IR/anhosefittings/en_US/fonts/opensans/bold/opensans-700.woff2 HTTP/1.1" 200 17668 "https://www.anhosefittings.com/an-swivel-seal-straight-hose-end-to-male-npt-fitting-8-6.html" "Mozilla/5.0 (iPhone; CPU iPhone OS 9_1 like Mac OS X) AppleWebKit/601.1.46 (KHTML, like Gecko) Version/9.0 Mobile/13B143 Safari/601.1 (compatible; AdsBot-Google-Mobile; +http://www.google.com/mobile/adsbot.html)"
66.249.92.159 - - [16/Dec/2020:06:30:57 -0500] "GET /static/version1607992673/frontend/IR/anhosefittings/en_US/js/bundle/bundle9.min.js HTTP/1.1" 200 259918 "https://www.anhosefittings.com/an-swivel-seal-straight-hose-end-to-male-npt-fitting-8-6.html" "Mozilla/5.0 (iPhone; CPU iPhone OS 9_1 like Mac OS X) AppleWebKit/601.1.46 (KHTML, like Gecko) Version/9.0 Mobile/13B143 Safari/601.1 (compatible; AdsBot-Google-Mobile; +http://www.google.com/mobile/adsbot.html)"
66.249.92.159 - - [16/Dec/2020:06:30:58 -0500] "GET /static/version1607992673/frontend/IR/anhosefittings/en_US/IhnsGroup_Clider/css/mp.css HTTP/1.1" 200 22040 "https://www.anhosefittings.com/an-swivel-seal-straight-hose-end-to-male-npt-fitting-8-6.html" "Mozilla/5.0 (iPhone; CPU iPhone OS 9_1 like Mac OS X) AppleWebKit/601.1.46 (KHTML, like Gecko) Version/9.0 Mobile/13B143 Safari/601.1 (compatible; AdsBot-Google-Mobile; +http://www.google.com/mobile/adsbot.html)"
66.249.92.159 - - [16/Dec/2020:06:30:59 -0500] "GET /static/version1607992673/frontend/IR/anhosefittings/en_US/fonts/opensans/light/opensans-300.woff2 HTTP/1.1" 200 17436 "https://www.anhosefittings.com/an-swivel-seal-straight-hose-end-to-male-npt-fitting-8-6.html" "Mozilla/5.0 (iPhone; CPU iPhone OS 9_1 like Mac OS X) AppleWebKit/601.1.46 (KHTML, like Gecko) Version/9.0 Mobile/13B143 Safari/601.1 (compatible; AdsBot-Google-Mobile; +http://www.google.com/mobile/adsbot.html)"
66.249.92.159 - - [16/Dec/2020:06:31:00 -0500] "GET /static/version1607992673/frontend/IR/anhosefittings/en_US/fonts/opensans/semibold/opensans-600.woff2 HTTP/1.1" 200 17980 "https://www.anhosefittings.com/an-swivel-seal-straight-hose-end-to-male-npt-fitting-8-6.html" "Mozilla/5.0 (iPhone; CPU iPhone OS 9_1 like Mac OS X) AppleWebKit/601.1.46 (KHTML, like Gecko) Version/9.0 Mobile/13B143 Safari/601.1 (compatible; AdsBot-Google-Mobile; +http://www.google.com/mobile/adsbot.html)"
66.249.92.159 - - [16/Dec/2020:06:31:01 -0500] "GET /static/version1607992673/frontend/IR/anhosefittings/en_US/css/font-awesome.css HTTP/1.1" 200 6939 "https://www.anhosefittings.com/an-swivel-seal-straight-hose-end-to-male-npt-fitting-8-6.html" "Mozilla/5.0 (iPhone; CPU iPhone OS 9_1 like Mac OS X) AppleWebKit/601.1.46 (KHTML, like Gecko) Version/9.0 Mobile/13B143 Safari/601.1 (compatible; AdsBot-Google-Mobile; +http://www.google.com/mobile/adsbot.html)"
66.249.92.159 - - [16/Dec/2020:06:31:02 -0500] "GET /static/version1607992673/frontend/IR/anhosefittings/en_US/js/bundle/bundle11.min.js HTTP/1.1" 200 44769 "https://www.anhosefittings.com/an-swivel-seal-straight-hose-end-to-male-npt-fitting-8-6.html" "Mozilla/5.0 (iPhone; CPU iPhone OS 9_1 like Mac OS X) AppleWebKit/601.1.46 (KHTML, like Gecko) Version/9.0 Mobile/13B143 Safari/601.1 (compatible; AdsBot-Google-Mobile; +http://www.google.com/mobile/adsbot.html)"
66.249.92.159 - - [16/Dec/2020:06:31:04 -0500] "GET /static/version1607992673/frontend/IR/anhosefittings/en_US/js/bundle/bundle3.min.js HTTP/1.1" 200 204842 "https://www.anhosefittings.com/an-swivel-seal-straight-hose-end-to-male-npt-fitting-8-6.html" "Mozilla/5.0 (iPhone; CPU iPhone OS 9_1 like Mac OS X) AppleWebKit/601.1.46 (KHTML, like Gecko) Version/9.0 Mobile/13B143 Safari/601.1 (compatible; AdsBot-Google-Mobile; +http://www.google.com/mobile/adsbot.html)"
114.119.134.95 - - [16/Dec/2020:06:31:04 -0500] "GET /customer/account/login/referer/aHR0cHM6Ly93d3cuYW5ob3NlZml0dGluZ3MuY29tL2hvc2UtYXNzZW1ibGllcy5odG1sP2FuZ2xlPTE5NiZjZXJ0aWZpY2F0aW9ucz00NDcmY29sb3I9MjgyJmNvbmR1Y3RpdmU9MTc1MTYmaGVhdF9zaGllbGRfaG9zZV9zaXplPTI3MiZob3NlX2FwcGxpY2F0aW9ucz00ODImaW5uZXJfZGlhbWV0ZXI9MjU2Jm91dGVyX2xheWVyX21hdGVyaWFsPTI1MCZwb3J0YnR5cGU9MjE2 HTTP/1.1" 200 10137 "-" "Mozilla/5.0 (Linux; Android 7.0;) AppleWebKit/537.36 (KHTML, like Gecko) Mobile Safari/537.36 (compatible; PetalBot;+https://aspiegel.com/petalbot)"
66.249.92.159 - - [16/Dec/2020:06:31:05 -0500] "GET /static/version1607992673/frontend/IR/anhosefittings/en_US/mage/requirejs/static.min.js HTTP/1.1" 200 1237 "https://www.anhosefittings.com/an-swivel-seal-straight-hose-end-to-male-npt-fitting-8-6.html" "Mozilla/5.0 (iPhone; CPU iPhone OS 9_1 like Mac OS X) AppleWebKit/601.1.46 (KHTML, like Gecko) Version/9.0 Mobile/13B143 Safari/601.1 (compatible; AdsBot-Google-Mobile; +http://www.google.com/mobile/adsbot.html)"
66.249.92.159 - - [16/Dec/2020:06:31:06 -0500] "GET /static/version1607992673/frontend/IR/anhosefittings/en_US/requirejs-config.min.js HTTP/1.1" 200 3626 "https://www.anhosefittings.com/an-swivel-seal-straight-hose-end-to-male-npt-fitting-8-6.html" "Mozilla/5.0 (iPhone; CPU iPhone OS 9_1 like Mac OS X) AppleWebKit/601.1.46 (KHTML, like Gecko) Version/9.0 Mobile/13B143 Safari/601.1 (compatible; AdsBot-Google-Mobile; +http://www.google.com/mobile/adsbot.html)"
174.228.135.210 - - [16/Dec/2020:06:31:10 -0500] "GET /media/favicon/stores/2/favicon.ico HTTP/2.0" 200 1150 "https://www.improvedracing.com/1997-2004-c5-corvette-performance-oil-cooler-kit.html" "Mozilla/5.0 (iPhone; CPU iPhone OS 14_2 like Mac OS X) AppleWebKit/605.1.15 (KHTML, like Gecko) Version/14.0.1 Mobile/15E148 Safari/604.1"
