184.101.131.104 - - [16/Dec/2020:06:41:12 -0500] "GET /media/catalog/product/cache/01e0ae594057ec763f5aa527fb242644/1/2/12561663_3_lrg.jpg HTTP/2.0" 200 1148 "https://www.improvedracing.com/gm-gen-iii-iv-ls-engine-billet-rear-galley-plug-barbell.html" "Mozilla/5.0 (Linux; Android 10; SM-N970U Build/QP1A.190711.020; wv) AppleWebKit/537.36 (KHTML, like Gecko) Version/4.0 Chrome/87.0.4280.101 Mobile Safari/537.36 [FB_IAB/FB4A;FBAV/299.0.0.51.236;]"
50.236.92.146 - - [16/Dec/2020:06:41:14 -0500] "GET /melling-10295-standard-volume-high-pressure-ls-oil-pump.html HTTP/2.0" 200 18851 "https://www.improvedracing.com/oil-pumps.html" "Mozilla/5.0 (Windows NT 10.0; Win64; x64) AppleWebKit/537.36 (KHTML, like Gecko) Chrome/87.0.4280.88 Safari/537.36"
50.236.92.146 - - [16/Dec/2020:06:41:14 -0500] "GET /static/version1607992673/frontend/IR/improvedracing/en_US/mage/gallery/gallery.css HTTP/2.0" 200 10611 "https://www.improvedracing.com/melling-10295-standard-volume-high-pressure-ls-oil-pump.html" "Mozilla/5.0 (Windows NT 10.0; Win64; x64) AppleWebKit/537.36 (KHTML, like Gecko) Chrome/87.0.4280.88 Safari/537.36"
50.236.92.146 - - [16/Dec/2020:06:41:14 -0500] "GET /static/version1607992673/frontend/IR/improvedracing/en_US/IhnsGroup_OptionBundle/main.css HTTP/2.0" 200 1821 "https://www.improvedracing.com/melling-10295-standard-volume-high-pressure-ls-oil-pump.html" "Mozilla/5.0 (Windows NT 10.0; Win64; x64) AppleWebKit/537.36 (KHTML, like Gecko) Chrome/87.0.4280.88 Safari/537.36"
50.236.92.146 - - [16/Dec/2020:06:41:14 -0500] "GET /static/version1607992673/frontend/IR/improvedracing/en_US/IhnsGroup_OptionBundle/oxcolorbox.css HTTP/2.0" 200 1362 "https://www.improvedracing.com/melling-10295-standard-volume-high-pressure-ls-oil-pump.html" "Mozilla/5.0 (Windows NT 10.0; Win64; x64) AppleWebKit/537.36 (KHTML, like Gecko) Chrome/87.0.4280.88 Safari/537.36"
50.236.92.146 - - [16/Dec/2020:06:41:14 -0500] "GET /static/version1607992673/frontend/IR/improvedracing/en_US/IhnsGroup_OptionBundle/tooltipster.css HTTP/2.0" 200 1691 "https://www.improvedracing.com/melling-10295-standard-volume-high-pressure-ls-oil-pump.html" "Mozilla/5.0 (Windows NT 10.0; Win64; x64) AppleWebKit/537.36 (KHTML, like Gecko) Chrome/87.0.4280.88 Safari/537.36"
50.236.92.146 - - [16/Dec/2020:06:41:14 -0500] "GET /static/version1607992673/frontend/IR/improvedracing/en_US/IhnsGroup_OptionBundle/tooltipster-shadow.css HTTP/2.0" 200 261 "https://www.improvedracing.com/melling-10295-standard-volume-high-pressure-ls-oil-pump.html" "Mozilla/5.0 (Windows NT 10.0; Win64; x64) AppleWebKit/537.36 (KHTML, like Gecko) Chrome/87.0.4280.88 Safari/537.36"
50.236.92.146 - - [16/Dec/2020:06:41:14 -0500] "GET /media/catalog/product/cache/defcc39459a17b73b03dd3a53ed700ce/1/0/10296_1_lrg.jpg HTTP/2.0" 200 3081 "https://www.improvedracing.com/melling-10295-standard-volume-high-pressure-ls-oil-pump.html" "Mozilla/5.0 (Windows NT 10.0; Win64; x64) AppleWebKit/537.36 (KHTML, like Gecko) Chrome/87.0.4280.88 Safari/537.36"
50.236.92.146 - - [16/Dec/2020:06:41:14 -0500] "GET /media/catalog/product/cache/defcc39459a17b73b03dd3a53ed700ce/1/0/10355_1_lrg.jpg HTTP/2.0" 200 3443 "https://www.improvedracing.com/melling-10295-standard-volume-high-pressure-ls-oil-pump.html" "Mozilla/5.0 (Windows NT 10.0; Win64; x64) AppleWebKit/537.36 (KHTML, like Gecko) Chrome/87.0.4280.88 Safari/537.36"
50.236.92.146 - - [16/Dec/2020:06:41:14 -0500] "GET /media/catalog/product/cache/defcc39459a17b73b03dd3a53ed700ce/m/2/m295_1_lrg.jpg HTTP/2.0" 200 3374 "https://www.improvedracing.com/melling-10295-standard-volume-high-pressure-ls-oil-pump.html" "Mozilla/5.0 (Windows NT 10.0; Win64; x64) AppleWebKit/537.36 (KHTML, like Gecko) Chrome/87.0.4280.88 Safari/537.36"
50.236.92.146 - - [16/Dec/2020:06:41:14 -0500] "GET /media/wysiwyg/IR-Product-Content-Images/mellingFlowChart_1_lg.png HTTP/2.0" 200 120844 "https://www.improvedracing.com/" "Mozilla/5.0 (Windows NT 10.0; Win64; x64) AppleWebKit/537.36 (KHTML, like Gecko) Chrome/87.0.4280.88 Safari/537.36"
50.236.92.146 - - [16/Dec/2020:06:41:14 -0500] "GET /static/version1607992673/frontend/IR/improvedracing/en_US/mage/gallery/gallery.png HTTP/2.0" 200 4996 "https://www.improvedracing.com/static/version1607992673/frontend/IR/improvedracing/en_US/mage/gallery/gallery.css" "Mozilla/5.0 (Windows NT 10.0; Win64; x64) AppleWebKit/537.36 (KHTML, like Gecko) Chrome/87.0.4280.88 Safari/537.36"
50.236.92.146 - - [16/Dec/2020:06:41:15 -0500] "GET /media/catalog/product/1/0/10295_1_lrg.jpg HTTP/2.0" 200 227805 "https://www.improvedracing.com/melling-10295-standard-volume-high-pressure-ls-oil-pump.html" "Mozilla/5.0 (Windows NT 10.0; Win64; x64) AppleWebKit/537.36 (KHTML, like Gecko) Chrome/87.0.4280.88 Safari/537.36"
50.236.92.146 - - [16/Dec/2020:06:41:15 -0500] "GET /customer/section/load/?sections=gtm&force_new_section_timestamp=false&_=1608118893214 HTTP/2.0" 200 64 "https://www.improvedracing.com/melling-10295-standard-volume-high-pressure-ls-oil-pump.html" "Mozilla/5.0 (Windows NT 10.0; Win64; x64) AppleWebKit/537.36 (KHTML, like Gecko) Chrome/87.0.4280.88 Safari/537.36"
66.249.66.95 - - [16/Dec/2020:06:41:18 -0500] "GET /catalogsearch/result/index/?inner_diameter=259&q=90+degree+push+on+barbed+an+hose+end+fitting+12an HTTP/1.1" 200 13016 "-" "Mozilla/5.0 (Linux; Android 6.0.1; Nexus 5X Build/MMB29P) AppleWebKit/537.36 (KHTML, like Gecko) Chrome/87.0.4280.90 Mobile Safari/537.36 (compatible; Googlebot/2.1; +http://www.google.com/bot.html)"
174.230.17.17 - - [16/Dec/2020:06:41:24 -0500] "GET /oil-cooling/oil-coolers.html?fbclid=IwAR3EMcSCB4MFS0dGs3zKy1Iz9p6g9RARpp5qeWkkAJi8BxP7GAo9ffjnvp0 HTTP/2.0" 200 20206 "http://m.facebook.com/" "Mozilla/5.0 (Linux; Android 10; LM-G820 Build/QKQ1.190929.002; wv) AppleWebKit/537.36 (KHTML, like Gecko) Version/4.0 Chrome/83.0.4103.83 Mobile Safari/537.36 [FB_IAB/FB4A;FBAV/296.0.0.44.119;]"
174.230.17.17 - - [16/Dec/2020:06:41:24 -0500] "GET /customer/section/load/?sections=gtm&force_new_section_timestamp=false&_=1608118884755 HTTP/2.0" 200 64 "https://www.improvedracing.com/oil-cooling/oil-coolers.html?fbclid=IwAR3EMcSCB4MFS0dGs3zKy1Iz9p6g9RARpp5qeWkkAJi8BxP7GAo9ffjnvp0" "Mozilla/5.0 (Linux; Android 10; LM-G820 Build/QKQ1.190929.002; wv) AppleWebKit/537.36 (KHTML, like Gecko) Version/4.0 Chrome/83.0.4103.83 Mobile Safari/537.36 [FB_IAB/FB4A;FBAV/296.0.0.44.119;]"
107.77.221.194 - - [16/Dec/2020:06:41:36 -0500] "POST /checkout/cart/add/uenc/aHR0cHM6Ly93d3cuaW1wcm92ZWRyYWNpbmcuY29tL2xzLW9pbC1wYW4tbG9uZy1ib2x0LTEyNTU0OTkwLmh0bWw_Z2NsaWQ9Q2p3S0NBaUFfZWItQlJCMkVpd0FHQm5YWGtBb3ExOWRyYTJuU3NuV1l5WTNVV1d0eF9ITmpxYml3NGxUcksxN1BlRVdmSE5Na0pDZjFSb0MxUHdRQXZEX0J3RQ%2C%2C/product/1118/ HTTP/2.0" 200 22 "https://www.improvedracing.com/ls-oil-pan-long-bolt-12554990.html?gclid=CjwKCAiA_eb-BRB2EiwAGBnXXkAoq19dra2nSsnWYyY3UWWtx_HNjqbiw4lTrK17PeEWfHNMkJCf1RoC1PwQAvD_BwE" "Mozilla/5.0 (iPhone; CPU iPhone OS 14_2 like Mac OS X) AppleWebKit/605.1.15 (KHTML, like Gecko) CriOS/87.0.4280.77 Mobile/15E148 Safari/604.1"
107.77.221.194 - - [16/Dec/2020:06:41:37 -0500] "GET /customer/section/load/?sections=cart%2Cdirectory-data%2Cmgk_adcpopup%2Csignifyd-fingerprint%2Cgtm%2Cmessages&force_new_section_timestamp=true&_=1608118855643 HTTP/2.0" 200 13752 "https://www.improvedracing.com/ls-oil-pan-long-bolt-12554990.html?gclid=CjwKCAiA_eb-BRB2EiwAGBnXXkAoq19dra2nSsnWYyY3UWWtx_HNjqbiw4lTrK17PeEWfHNMkJCf1RoC1PwQAvD_BwE" "Mozilla/5.0 (iPhone; CPU iPhone OS 14_2 like Mac OS X) AppleWebKit/605.1.15 (KHTML, like Gecko) CriOS/87.0.4280.77 Mobile/15E148 Safari/604.1"
107.77.221.194 - - [16/Dec/2020:06:41:37 -0500] "GET /media/catalog/product/cache/c2fa610edf170ddde48ac62dec0e701e/1/2/12554990_1_lrg.jpg HTTP/2.0" 200 2149 "https://www.improvedracing.com/ls-oil-pan-long-bolt-12554990.html?gclid=CjwKCAiA_eb-BRB2EiwAGBnXXkAoq19dra2nSsnWYyY3UWWtx_HNjqbiw4lTrK17PeEWfHNMkJCf1RoC1PwQAvD_BwE" "Mozilla/5.0 (iPhone; CPU iPhone OS 14_2 like Mac OS X) AppleWebKit/605.1.15 (KHTML, like Gecko) CriOS/87.0.4280.77 Mobile/15E148 Safari/604.1"
107.77.221.194 - - [16/Dec/2020:06:41:37 -0500] "GET /media/catalog/product/cache/01e0ae594057ec763f5aa527fb242644/1/2/12577903_1_lrg.jpg HTTP/2.0" 200 979 "https://www.improvedracing.com/ls-oil-pan-long-bolt-12554990.html?gclid=CjwKCAiA_eb-BRB2EiwAGBnXXkAoq19dra2nSsnWYyY3UWWtx_HNjqbiw4lTrK17PeEWfHNMkJCf1RoC1PwQAvD_BwE" "Mozilla/5.0 (iPhone; CPU iPhone OS 14_2 like Mac OS X) AppleWebKit/605.1.15 (KHTML, like Gecko) CriOS/87.0.4280.77 Mobile/15E148 Safari/604.1"
107.77.221.194 - - [16/Dec/2020:06:41:37 -0500] "GET /media/catalog/product/cache/01e0ae594057ec763f5aa527fb242644/8/9/89017524-_1_lrg.jpg HTTP/2.0" 200 1540 "https://www.improvedracing.com/ls-oil-pan-long-bolt-12554990.html?gclid=CjwKCAiA_eb-BRB2EiwAGBnXXkAoq19dra2nSsnWYyY3UWWtx_HNjqbiw4lTrK17PeEWfHNMkJCf1RoC1PwQAvD_BwE" "Mozilla/5.0 (iPhone; CPU iPhone OS 14_2 like Mac OS X) AppleWebKit/605.1.15 (KHTML, like Gecko) CriOS/87.0.4280.77 Mobile/15E148 Safari/604.1"
107.77.221.194 - - [16/Dec/2020:06:41:37 -0500] "GET /media/catalog/product/cache/01e0ae594057ec763f5aa527fb242644/h/g/hga-1000_1_lrg.jpg HTTP/2.0" 200 1461 "https://www.improvedracing.com/ls-oil-pan-long-bolt-12554990.html?gclid=CjwKCAiA_eb-BRB2EiwAGBnXXkAoq19dra2nSsnWYyY3UWWtx_HNjqbiw4lTrK17PeEWfHNMkJCf1RoC1PwQAvD_BwE" "Mozilla/5.0 (iPhone; CPU iPhone OS 14_2 like Mac OS X) AppleWebKit/605.1.15 (KHTML, like Gecko) CriOS/87.0.4280.77 Mobile/15E148 Safari/604.1"
107.77.221.194 - - [16/Dec/2020:06:41:37 -0500] "GET /media/catalog/product/cache/01e0ae594057ec763f5aa527fb242644/h/s/hsc-1035-kit_1_lrg_1.jpg HTTP/2.0" 200 1779 "https://www.improvedracing.com/ls-oil-pan-long-bolt-12554990.html?gclid=CjwKCAiA_eb-BRB2EiwAGBnXXkAoq19dra2nSsnWYyY3UWWtx_HNjqbiw4lTrK17PeEWfHNMkJCf1RoC1PwQAvD_BwE" "Mozilla/5.0 (iPhone; CPU iPhone OS 14_2 like Mac OS X) AppleWebKit/605.1.15 (KHTML, like Gecko) CriOS/87.0.4280.77 Mobile/15E148 Safari/604.1"
107.77.221.194 - - [16/Dec/2020:06:41:37 -0500] "GET /media/catalog/product/cache/01e0ae594057ec763f5aa527fb242644/1/2/12551587_1_lg.jpg HTTP/2.0" 200 1495 "https://www.improvedracing.com/ls-oil-pan-long-bolt-12554990.html?gclid=CjwKCAiA_eb-BRB2EiwAGBnXXkAoq19dra2nSsnWYyY3UWWtx_HNjqbiw4lTrK17PeEWfHNMkJCf1RoC1PwQAvD_BwE" "Mozilla/5.0 (iPhone; CPU iPhone OS 14_2 like Mac OS X) AppleWebKit/605.1.15 (KHTML, like Gecko) CriOS/87.0.4280.77 Mobile/15E148 Safari/604.1"
107.77.221.194 - - [16/Dec/2020:06:41:37 -0500] "GET /media/catalog/product/cache/01e0ae594057ec763f5aa527fb242644/1/2/12559505_lrg.jpg HTTP/2.0" 200 1207 "https://www.improvedracing.com/ls-oil-pan-long-bolt-12554990.html?gclid=CjwKCAiA_eb-BRB2EiwAGBnXXkAoq19dra2nSsnWYyY3UWWtx_HNjqbiw4lTrK17PeEWfHNMkJCf1RoC1PwQAvD_BwE" "Mozilla/5.0 (iPhone; CPU iPhone OS 14_2 like Mac OS X) AppleWebKit/605.1.15 (KHTML, like Gecko) CriOS/87.0.4280.77 Mobile/15E148 Safari/604.1"
107.77.221.194 - - [16/Dec/2020:06:41:37 -0500] "GET /media/catalog/product/cache/01e0ae594057ec763f5aa527fb242644/h/n/hnt-1018_5_lrg.jpg HTTP/2.0" 200 1527 "https://www.improvedracing.com/ls-oil-pan-long-bolt-12554990.html?gclid=CjwKCAiA_eb-BRB2EiwAGBnXXkAoq19dra2nSsnWYyY3UWWtx_HNjqbiw4lTrK17PeEWfHNMkJCf1RoC1PwQAvD_BwE" "Mozilla/5.0 (iPhone; CPU iPhone OS 14_2 like Mac OS X) AppleWebKit/605.1.15 (KHTML, like Gecko) CriOS/87.0.4280.77 Mobile/15E148 Safari/604.1"
107.77.221.194 - - [16/Dec/2020:06:41:37 -0500] "GET /media/catalog/product/cache/01e0ae594057ec763f5aa527fb242644/1/2/12630766_2_lrg.jpg HTTP/2.0" 200 1067 "https://www.improvedracing.com/ls-oil-pan-long-bolt-12554990.html?gclid=CjwKCAiA_eb-BRB2EiwAGBnXXkAoq19dra2nSsnWYyY3UWWtx_HNjqbiw4lTrK17PeEWfHNMkJCf1RoC1PwQAvD_BwE" "Mozilla/5.0 (iPhone; CPU iPhone OS 14_2 like Mac OS X) AppleWebKit/605.1.15 (KHTML, like Gecko) CriOS/87.0.4280.77 Mobile/15E148 Safari/604.1"
107.77.221.194 - - [16/Dec/2020:06:41:41 -0500] "GET /static/version1607992673/frontend/IR/improvedracing/en_US/images/loader-2.gif HTTP/2.0" 200 2035 "https://www.improvedracing.com/ls-oil-pan-long-bolt-12554990.html?gclid=CjwKCAiA_eb-BRB2EiwAGBnXXkAoq19dra2nSsnWYyY3UWWtx_HNjqbiw4lTrK17PeEWfHNMkJCf1RoC1PwQAvD_BwE" "Mozilla/5.0 (iPhone; CPU iPhone OS 14_2 like Mac OS X) AppleWebKit/605.1.15 (KHTML, like Gecko) CriOS/87.0.4280.77 Mobile/15E148 Safari/604.1"
107.77.221.194 - - [16/Dec/2020:06:41:42 -0500] "POST /checkout/sidebar/updateItemQty/ HTTP/2.0" 200 36 "https://www.improvedracing.com/ls-oil-pan-long-bolt-12554990.html?gclid=CjwKCAiA_eb-BRB2EiwAGBnXXkAoq19dra2nSsnWYyY3UWWtx_HNjqbiw4lTrK17PeEWfHNMkJCf1RoC1PwQAvD_BwE" "Mozilla/5.0 (iPhone; CPU iPhone OS 14_2 like Mac OS X) AppleWebKit/605.1.15 (KHTML, like Gecko) CriOS/87.0.4280.77 Mobile/15E148 Safari/604.1"
107.77.221.194 - - [16/Dec/2020:06:41:43 -0500] "GET /customer/section/load/?sections=cart%2Cmessages&force_new_section_timestamp=true&_=1608118855644 HTTP/2.0" 200 1066 "https://www.improvedracing.com/ls-oil-pan-long-bolt-12554990.html?gclid=CjwKCAiA_eb-BRB2EiwAGBnXXkAoq19dra2nSsnWYyY3UWWtx_HNjqbiw4lTrK17PeEWfHNMkJCf1RoC1PwQAvD_BwE" "Mozilla/5.0 (iPhone; CPU iPhone OS 14_2 like Mac OS X) AppleWebKit/605.1.15 (KHTML, like Gecko) CriOS/87.0.4280.77 Mobile/15E148 Safari/604.1"
184.101.131.104 - - [16/Dec/2020:06:41:44 -0500] "GET /gm-gen-iii-iv-ls-engine-billet-rear-galley-plug-barbell.html HTTP/2.0" 200 18035 "-" "Mozilla/5.0 (Linux; Android 10; SM-N970U) AppleWebKit/537.36 (KHTML, like Gecko) Chrome/87.0.4280.101 Mobile Safari/537.36"
184.101.131.104 - - [16/Dec/2020:06:41:44 -0500] "GET /static/version1607992673/frontend/IR/improvedracing/en_US/fonts/opensans/light/opensans-300.woff2 HTTP/2.0" 200 17436 "https://www.improvedracing.com/gm-gen-iii-iv-ls-engine-billet-rear-galley-plug-barbell.html" "Mozilla/5.0 (Linux; Android 10; SM-N970U) AppleWebKit/537.36 (KHTML, like Gecko) Chrome/87.0.4280.101 Mobile Safari/537.36"
184.101.131.104 - - [16/Dec/2020:06:41:44 -0500] "GET /static/version1607992673/frontend/IR/improvedracing/en_US/fonts/opensans/regular/opensans-400.woff2 HTTP/2.0" 200 17848 "https://www.improvedracing.com/gm-gen-iii-iv-ls-engine-billet-rear-galley-plug-barbell.html" "Mozilla/5.0 (Linux; Android 10; SM-N970U) AppleWebKit/537.36 (KHTML, like Gecko) Chrome/87.0.4280.101 Mobile Safari/537.36"
184.101.131.104 - - [16/Dec/2020:06:41:44 -0500] "GET /static/version1607992673/frontend/IR/improvedracing/en_US/fonts/opensans/semibold/opensans-600.woff2 HTTP/2.0" 200 17980 "https://www.improvedracing.com/gm-gen-iii-iv-ls-engine-billet-rear-galley-plug-barbell.html" "Mozilla/5.0 (Linux; Android 10; SM-N970U) AppleWebKit/537.36 (KHTML, like Gecko) Chrome/87.0.4280.101 Mobile Safari/537.36"
184.101.131.104 - - [16/Dec/2020:06:41:44 -0500] "GET /static/version1607992673/frontend/IR/improvedracing/en_US/fonts/opensans/bold/opensans-700.woff2 HTTP/2.0" 200 17668 "https://www.improvedracing.com/gm-gen-iii-iv-ls-engine-billet-rear-galley-plug-barbell.html" "Mozilla/5.0 (Linux; Android 10; SM-N970U) AppleWebKit/537.36 (KHTML, like Gecko) Chrome/87.0.4280.101 Mobile Safari/537.36"
184.101.131.104 - - [16/Dec/2020:06:41:44 -0500] "GET /static/version1607992673/frontend/IR/improvedracing/en_US/fonts/Luma-Icons.woff2 HTTP/2.0" 200 3272 "https://www.improvedracing.com/gm-gen-iii-iv-ls-engine-billet-rear-galley-plug-barbell.html" "Mozilla/5.0 (Linux; Android 10; SM-N970U) AppleWebKit/537.36 (KHTML, like Gecko) Chrome/87.0.4280.101 Mobile Safari/537.36"
184.101.131.104 - - [16/Dec/2020:06:41:44 -0500] "GET /static/version1607992673/frontend/IR/improvedracing/en_US/mage/calendar.css HTTP/2.0" 200 1359 "https://www.improvedracing.com/gm-gen-iii-iv-ls-engine-billet-rear-galley-plug-barbell.html" "Mozilla/5.0 (Linux; Android 10; SM-N970U) AppleWebKit/537.36 (KHTML, like Gecko) Chrome/87.0.4280.101 Mobile Safari/537.36"
184.101.131.104 - - [16/Dec/2020:06:41:44 -0500] "GET /static/version1607992673/frontend/IR/improvedracing/en_US/css/styles-m.css HTTP/2.0" 200 59393 "https://www.improvedracing.com/gm-gen-iii-iv-ls-engine-billet-rear-galley-plug-barbell.html" "Mozilla/5.0 (Linux; Android 10; SM-N970U) AppleWebKit/537.36 (KHTML, like Gecko) Chrome/87.0.4280.101 Mobile Safari/537.36"
184.101.131.104 - - [16/Dec/2020:06:41:44 -0500] "GET /static/version1607992673/frontend/IR/improvedracing/en_US/css/bootstrap.css HTTP/2.0" 200 7186 "https://www.improvedracing.com/gm-gen-iii-iv-ls-engine-billet-rear-galley-plug-barbell.html" "Mozilla/5.0 (Linux; Android 10; SM-N970U) AppleWebKit/537.36 (KHTML, like Gecko) Chrome/87.0.4280.101 Mobile Safari/537.36"
184.101.131.104 - - [16/Dec/2020:06:41:44 -0500] "GET /static/version1607992673/frontend/IR/improvedracing/en_US/css/fontawesome-all.min.css HTTP/2.0" 200 8873 "https://www.improvedracing.com/gm-gen-iii-iv-ls-engine-billet-rear-galley-plug-barbell.html" "Mozilla/5.0 (Linux; Android 10; SM-N970U) AppleWebKit/537.36 (KHTML, like Gecko) Chrome/87.0.4280.101 Mobile Safari/537.36"
184.101.131.104 - - [16/Dec/2020:06:41:44 -0500] "GET /static/version1607992673/frontend/IR/improvedracing/en_US/IhnsGroup_Clider/css/mp.css HTTP/2.0" 200 22027 "https://www.improvedracing.com/gm-gen-iii-iv-ls-engine-billet-rear-galley-plug-barbell.html" "Mozilla/5.0 (Linux; Android 10; SM-N970U) AppleWebKit/537.36 (KHTML, like Gecko) Chrome/87.0.4280.101 Mobile Safari/537.36"
184.101.131.104 - - [16/Dec/2020:06:41:44 -0500] "GET /static/version1607992673/frontend/IR/improvedracing/en_US/IhnsGroup_Testimonials/css/mp.css HTTP/2.0" 200 22027 "https://www.improvedracing.com/gm-gen-iii-iv-ls-engine-billet-rear-galley-plug-barbell.html" "Mozilla/5.0 (Linux; Android 10; SM-N970U) AppleWebKit/537.36 (KHTML, like Gecko) Chrome/87.0.4280.101 Mobile Safari/537.36"
184.101.131.104 - - [16/Dec/2020:06:41:44 -0500] "GET /static/version1607992673/frontend/IR/improvedracing/en_US/mage/gallery/gallery.css HTTP/2.0" 200 10611 "https://www.improvedracing.com/gm-gen-iii-iv-ls-engine-billet-rear-galley-plug-barbell.html" "Mozilla/5.0 (Linux; Android 10; SM-N970U) AppleWebKit/537.36 (KHTML, like Gecko) Chrome/87.0.4280.101 Mobile Safari/537.36"
184.101.131.104 - - [16/Dec/2020:06:41:44 -0500] "GET /static/version1607992673/frontend/IR/improvedracing/en_US/IhnsGroup_OptionBundle/main.css HTTP/2.0" 200 1821 "https://www.improvedracing.com/gm-gen-iii-iv-ls-engine-billet-rear-galley-plug-barbell.html" "Mozilla/5.0 (Linux; Android 10; SM-N970U) AppleWebKit/537.36 (KHTML, like Gecko) Chrome/87.0.4280.101 Mobile Safari/537.36"
184.101.131.104 - - [16/Dec/2020:06:41:44 -0500] "GET /static/version1607992673/frontend/IR/improvedracing/en_US/IhnsGroup_OptionBundle/oxcolorbox.css HTTP/2.0" 200 1362 "https://www.improvedracing.com/gm-gen-iii-iv-ls-engine-billet-rear-galley-plug-barbell.html" "Mozilla/5.0 (Linux; Android 10; SM-N970U) AppleWebKit/537.36 (KHTML, like Gecko) Chrome/87.0.4280.101 Mobile Safari/537.36"
184.101.131.104 - - [16/Dec/2020:06:41:44 -0500] "GET /static/version1607992673/frontend/IR/improvedracing/en_US/IhnsGroup_OptionBundle/tooltipster.css HTTP/2.0" 200 1691 "https://www.improvedracing.com/gm-gen-iii-iv-ls-engine-billet-rear-galley-plug-barbell.html" "Mozilla/5.0 (Linux; Android 10; SM-N970U) AppleWebKit/537.36 (KHTML, like Gecko) Chrome/87.0.4280.101 Mobile Safari/537.36"
184.101.131.104 - - [16/Dec/2020:06:41:44 -0500] "GET /static/version1607992673/frontend/IR/improvedracing/en_US/IhnsGroup_OptionBundle/tooltipster-shadow.css HTTP/2.0" 200 261 "https://www.improvedracing.com/gm-gen-iii-iv-ls-engine-billet-rear-galley-plug-barbell.html" "Mozilla/5.0 (Linux; Android 10; SM-N970U) AppleWebKit/537.36 (KHTML, like Gecko) Chrome/87.0.4280.101 Mobile Safari/537.36"
184.101.131.104 - - [16/Dec/2020:06:41:44 -0500] "GET /static/version1607992673/frontend/IR/improvedracing/en_US/IhnsGroup_PAttachments/attachment.css HTTP/2.0" 200 499 "https://www.improvedracing.com/gm-gen-iii-iv-ls-engine-billet-rear-galley-plug-barbell.html" "Mozilla/5.0 (Linux; Android 10; SM-N970U) AppleWebKit/537.36 (KHTML, like Gecko) Chrome/87.0.4280.101 Mobile Safari/537.36"
184.101.131.104 - - [16/Dec/2020:06:41:44 -0500] "GET /static/version1607992673/frontend/IR/improvedracing/en_US/requirejs/require.min.js HTTP/2.0" 200 7660 "https://www.improvedracing.com/gm-gen-iii-iv-ls-engine-billet-rear-galley-plug-barbell.html" "Mozilla/5.0 (Linux; Android 10; SM-N970U) AppleWebKit/537.36 (KHTML, like Gecko) Chrome/87.0.4280.101 Mobile Safari/537.36"
184.101.131.104 - - [16/Dec/2020:06:41:44 -0500] "GET /static/version1607992673/frontend/IR/improvedracing/en_US/requirejs-min-resolver.min.js HTTP/2.0" 200 459 "https://www.improvedracing.com/gm-gen-iii-iv-ls-engine-billet-rear-galley-plug-barbell.html" "Mozilla/5.0 (Linux; Android 10; SM-N970U) AppleWebKit/537.36 (KHTML, like Gecko) Chrome/87.0.4280.101 Mobile Safari/537.36"
157.55.39.103 - - [16/Dec/2020:06:41:45 -0500] "GET /catalogsearch/result/index/?hose_applications=481&inner_diameter=258&q=heat+shielding HTTP/1.1" 200 12813 "-" "Mozilla/5.0 (compatible; bingbot/2.0; +http://www.bing.com/bingbot.htm)"
184.101.131.104 - - [16/Dec/2020:06:41:45 -0500] "GET /static/version1607992673/frontend/IR/improvedracing/en_US/js/bundle/bundle0.min.js HTTP/2.0" 200 247140 "https://www.improvedracing.com/gm-gen-iii-iv-ls-engine-billet-rear-galley-plug-barbell.html" "Mozilla/5.0 (Linux; Android 10; SM-N970U) AppleWebKit/537.36 (KHTML, like Gecko) Chrome/87.0.4280.101 Mobile Safari/537.36"
66.249.92.128 - - [16/Dec/2020:06:41:45 -0500] "GET /static/version1607992673/frontend/IR/anhosefittings/en_US/fonts/opensans/regular/opensans-400.woff2 HTTP/1.1" 200 17848 "https://www.anhosefittings.com/lightweight-nylon-braided-viton-hose-for-fuel-and-oil-12an.html" "Mozilla/5.0 (iPhone; CPU iPhone OS 9_1 like Mac OS X) AppleWebKit/601.1.46 (KHTML, like Gecko) Version/9.0 Mobile/13B143 Safari/601.1 (compatible; AdsBot-Google-Mobile; +http://www.google.com/mobile/adsbot.html)"
184.101.131.104 - - [16/Dec/2020:06:41:46 -0500] "GET /static/version1607992673/frontend/IR/improvedracing/en_US/js/bundle/bundle1.min.js HTTP/2.0" 200 226423 "https://www.improvedracing.com/gm-gen-iii-iv-ls-engine-billet-rear-galley-plug-barbell.html" "Mozilla/5.0 (Linux; Android 10; SM-N970U) AppleWebKit/537.36 (KHTML, like Gecko) Chrome/87.0.4280.101 Mobile Safari/537.36"
184.101.131.104 - - [16/Dec/2020:06:41:46 -0500] "GET /static/version1607992673/frontend/IR/improvedracing/en_US/js/bundle/bundle10.min.js HTTP/2.0" 200 209632 "https://www.improvedracing.com/gm-gen-iii-iv-ls-engine-billet-rear-galley-plug-barbell.html" "Mozilla/5.0 (Linux; Android 10; SM-N970U) AppleWebKit/537.36 (KHTML, like Gecko) Chrome/87.0.4280.101 Mobile Safari/537.36"
184.101.131.104 - - [16/Dec/2020:06:41:46 -0500] "GET /static/version1607992673/frontend/IR/improvedracing/en_US/js/bundle/bundle11.min.js HTTP/2.0" 200 44748 "https://www.improvedracing.com/gm-gen-iii-iv-ls-engine-billet-rear-galley-plug-barbell.html" "Mozilla/5.0 (Linux; Android 10; SM-N970U) AppleWebKit/537.36 (KHTML, like Gecko) Chrome/87.0.4280.101 Mobile Safari/537.36"
66.249.92.128 - - [16/Dec/2020:06:41:46 -0500] "GET /static/version1607992673/frontend/IR/anhosefittings/en_US/mage/calendar.css HTTP/1.1" 200 1371 "https://www.anhosefittings.com/lightweight-nylon-braided-viton-hose-for-fuel-and-oil-12an.html" "Mozilla/5.0 (iPhone; CPU iPhone OS 9_1 like Mac OS X) AppleWebKit/601.1.46 (KHTML, like Gecko) Version/9.0 Mobile/13B143 Safari/601.1 (compatible; AdsBot-Google-Mobile; +http://www.google.com/mobile/adsbot.html)"
184.101.131.104 - - [16/Dec/2020:06:41:47 -0500] "GET /static/version1607992673/frontend/IR/improvedracing/en_US/js/bundle/bundle2.min.js HTTP/2.0" 200 299426 "https://www.improvedracing.com/gm-gen-iii-iv-ls-engine-billet-rear-galley-plug-barbell.html" "Mozilla/5.0 (Linux; Android 10; SM-N970U) AppleWebKit/537.36 (KHTML, like Gecko) Chrome/87.0.4280.101 Mobile Safari/537.36"
66.249.92.159 - - [16/Dec/2020:06:41:47 -0500] "GET /static/version1607992673/frontend/IR/anhosefittings/en_US/IhnsGroup_Testimonials/css/mp.css HTTP/1.1" 200 22040 "https://www.anhosefittings.com/lightweight-nylon-braided-viton-hose-for-fuel-and-oil-12an.html" "Mozilla/5.0 (iPhone; CPU iPhone OS 9_1 like Mac OS X) AppleWebKit/601.1.46 (KHTML, like Gecko) Version/9.0 Mobile/13B143 Safari/601.1 (compatible; AdsBot-Google-Mobile; +http://www.google.com/mobile/adsbot.html)"
184.101.131.104 - - [16/Dec/2020:06:41:47 -0500] "GET /static/version1607992673/frontend/IR/improvedracing/en_US/js/bundle/bundle3.min.js HTTP/2.0" 200 201543 "https://www.improvedracing.com/gm-gen-iii-iv-ls-engine-billet-rear-galley-plug-barbell.html" "Mozilla/5.0 (Linux; Android 10; SM-N970U) AppleWebKit/537.36 (KHTML, like Gecko) Chrome/87.0.4280.101 Mobile Safari/537.36"
66.249.92.128 - - [16/Dec/2020:06:41:48 -0500] "GET /static/version1607992673/frontend/IR/anhosefittings/en_US/css/styles-m.css HTTP/1.1" 200 58754 "https://www.anhosefittings.com/lightweight-nylon-braided-viton-hose-for-fuel-and-oil-12an.html" "Mozilla/5.0 (iPhone; CPU iPhone OS 9_1 like Mac OS X) AppleWebKit/601.1.46 (KHTML, like Gecko) Version/9.0 Mobile/13B143 Safari/601.1 (compatible; AdsBot-Google-Mobile; +http://www.google.com/mobile/adsbot.html)"
184.101.131.104 - - [16/Dec/2020:06:41:48 -0500] "GET /static/version1607992673/frontend/IR/improvedracing/en_US/js/bundle/bundle5.min.js HTTP/2.0" 200 245692 "https://www.improvedracing.com/gm-gen-iii-iv-ls-engine-billet-rear-galley-plug-barbell.html" "Mozilla/5.0 (Linux; Android 10; SM-N970U) AppleWebKit/537.36 (KHTML, like Gecko) Chrome/87.0.4280.101 Mobile Safari/537.36"
184.101.131.104 - - [16/Dec/2020:06:41:48 -0500] "GET /static/version1607992673/frontend/IR/improvedracing/en_US/js/bundle/bundle4.min.js HTTP/2.0" 200 359345 "https://www.improvedracing.com/gm-gen-iii-iv-ls-engine-billet-rear-galley-plug-barbell.html" "Mozilla/5.0 (Linux; Android 10; SM-N970U) AppleWebKit/537.36 (KHTML, like Gecko) Chrome/87.0.4280.101 Mobile Safari/537.36"
66.249.92.128 - - [16/Dec/2020:06:41:48 -0500] "GET /static/version1607992673/frontend/IR/anhosefittings/en_US/mage/gallery/gallery.css HTTP/1.1" 200 9870 "https://www.anhosefittings.com/lightweight-nylon-braided-viton-hose-for-fuel-and-oil-12an.html" "Mozilla/5.0 (iPhone; CPU iPhone OS 9_1 like Mac OS X) AppleWebKit/601.1.46 (KHTML, like Gecko) Version/9.0 Mobile/13B143 Safari/601.1 (compatible; AdsBot-Google-Mobile; +http://www.google.com/mobile/adsbot.html)"
184.101.131.104 - - [16/Dec/2020:06:41:49 -0500] "GET /static/version1607992673/frontend/IR/improvedracing/en_US/js/bundle/bundle6.min.js HTTP/2.0" 200 257362 "https://www.improvedracing.com/gm-gen-iii-iv-ls-engine-billet-rear-galley-plug-barbell.html" "Mozilla/5.0 (Linux; Android 10; SM-N970U) AppleWebKit/537.36 (KHTML, like Gecko) Chrome/87.0.4280.101 Mobile Safari/537.36"
184.101.131.104 - - [16/Dec/2020:06:41:49 -0500] "GET /static/version1607992673/frontend/IR/improvedracing/en_US/js/bundle/bundle7.min.js HTTP/2.0" 200 286359 "https://www.improvedracing.com/gm-gen-iii-iv-ls-engine-billet-rear-galley-plug-barbell.html" "Mozilla/5.0 (Linux; Android 10; SM-N970U) AppleWebKit/537.36 (KHTML, like Gecko) Chrome/87.0.4280.101 Mobile Safari/537.36"
66.249.92.128 - - [16/Dec/2020:06:41:49 -0500] "GET /static/version1607992673/frontend/IR/anhosefittings/en_US/IhnsGroup_OptionBundle/tooltipster-shadow.css HTTP/1.1" 200 261 "https://www.anhosefittings.com/lightweight-nylon-braided-viton-hose-for-fuel-and-oil-12an.html" "Mozilla/5.0 (iPhone; CPU iPhone OS 9_1 like Mac OS X) AppleWebKit/601.1.46 (KHTML, like Gecko) Version/9.0 Mobile/13B143 Safari/601.1 (compatible; AdsBot-Google-Mobile; +http://www.google.com/mobile/adsbot.html)"
216.244.66.236 - - [16/Dec/2020:06:41:50 -0500] "GET /an-fittings/an-adapter-fittings-c-0_2_3_12_38.html?keywords=&sort=4 HTTP/1.1" 301 52397 "-" "Mozilla/5.0 (compatible; DotBot/1.1; http://www.opensiteexplorer.org/dotbot, help@moz.com)"
184.101.131.104 - - [16/Dec/2020:06:41:50 -0500] "GET /static/version1607992673/frontend/IR/improvedracing/en_US/js/bundle/bundle8.min.js HTTP/2.0" 200 257149 "https://www.improvedracing.com/gm-gen-iii-iv-ls-engine-billet-rear-galley-plug-barbell.html" "Mozilla/5.0 (Linux; Android 10; SM-N970U) AppleWebKit/537.36 (KHTML, like Gecko) Chrome/87.0.4280.101 Mobile Safari/537.36"
184.101.131.104 - - [16/Dec/2020:06:41:50 -0500] "GET /static/version1607992673/frontend/IR/improvedracing/en_US/mage/requirejs/static.min.js HTTP/2.0" 200 1225 "https://www.improvedracing.com/gm-gen-iii-iv-ls-engine-billet-rear-galley-plug-barbell.html" "Mozilla/5.0 (Linux; Android 10; SM-N970U) AppleWebKit/537.36 (KHTML, like Gecko) Chrome/87.0.4280.101 Mobile Safari/537.36"
184.101.131.104 - - [16/Dec/2020:06:41:50 -0500] "GET /static/version1607992673/frontend/IR/improvedracing/en_US/mage/requirejs/mixins.min.js HTTP/2.0" 200 1082 "https://www.improvedracing.com/gm-gen-iii-iv-ls-engine-billet-rear-galley-plug-barbell.html" "Mozilla/5.0 (Linux; Android 10; SM-N970U) AppleWebKit/537.36 (KHTML, like Gecko) Chrome/87.0.4280.101 Mobile Safari/537.36"
184.101.131.104 - - [16/Dec/2020:06:41:50 -0500] "GET /static/version1607992673/frontend/IR/improvedracing/en_US/requirejs-config.min.js HTTP/2.0" 200 3614 "https://www.improvedracing.com/gm-gen-iii-iv-ls-engine-billet-rear-galley-plug-barbell.html" "Mozilla/5.0 (Linux; Android 10; SM-N970U) AppleWebKit/537.36 (KHTML, like Gecko) Chrome/87.0.4280.101 Mobile Safari/537.36"
184.101.131.104 - - [16/Dec/2020:06:41:50 -0500] "GET /static/version1607992673/frontend/IR/improvedracing/en_US/mage/polyfill.min.js HTTP/2.0" 200 779 "https://www.improvedracing.com/gm-gen-iii-iv-ls-engine-billet-rear-galley-plug-barbell.html" "Mozilla/5.0 (Linux; Android 10; SM-N970U) AppleWebKit/537.36 (KHTML, like Gecko) Chrome/87.0.4280.101 Mobile Safari/537.36"
66.249.92.159 - - [16/Dec/2020:06:41:50 -0500] "GET /static/version1607992673/frontend/IR/anhosefittings/en_US/mage/requirejs/static.min.js HTTP/1.1" 200 1237 "https://www.anhosefittings.com/lightweight-nylon-braided-viton-hose-for-fuel-and-oil-12an.html" "Mozilla/5.0 (iPhone; CPU iPhone OS 9_1 like Mac OS X) AppleWebKit/601.1.46 (KHTML, like Gecko) Version/9.0 Mobile/13B143 Safari/601.1 (compatible; AdsBot-Google-Mobile; +http://www.google.com/mobile/adsbot.html)"
184.101.131.104 - - [16/Dec/2020:06:41:50 -0500] "GET /static/version1607992673/frontend/IR/improvedracing/en_US/js/bundle/bundle9.min.js HTTP/2.0" 200 259841 "https://www.improvedracing.com/gm-gen-iii-iv-ls-engine-billet-rear-galley-plug-barbell.html" "Mozilla/5.0 (Linux; Android 10; SM-N970U) AppleWebKit/537.36 (KHTML, like Gecko) Chrome/87.0.4280.101 Mobile Safari/537.36"
184.101.131.104 - - [16/Dec/2020:06:41:51 -0500] "GET /static/version1607992673/frontend/IR/improvedracing/en_US/js/fontawesome-all.min.js HTTP/2.0" 200 294349 "https://www.improvedracing.com/gm-gen-iii-iv-ls-engine-billet-rear-galley-plug-barbell.html" "Mozilla/5.0 (Linux; Android 10; SM-N970U) AppleWebKit/537.36 (KHTML, like Gecko) Chrome/87.0.4280.101 Mobile Safari/537.36"
66.249.92.159 - - [16/Dec/2020:06:41:51 -0500] "GET /static/version1607992673/frontend/IR/anhosefittings/en_US/mage/requirejs/mixins.min.js HTTP/1.1" 200 1094 "https://www.anhosefittings.com/lightweight-nylon-braided-viton-hose-for-fuel-and-oil-12an.html" "Mozilla/5.0 (iPhone; CPU iPhone OS 9_1 like Mac OS X) AppleWebKit/601.1.46 (KHTML, like Gecko) Version/9.0 Mobile/13B143 Safari/601.1 (compatible; AdsBot-Google-Mobile; +http://www.google.com/mobile/adsbot.html)"
184.101.131.104 - - [16/Dec/2020:06:41:51 -0500] "GET /static/version1607992673/frontend/IR/improvedracing/en_US/js-translation.json HTTP/2.0" 200 139 "https://www.improvedracing.com/gm-gen-iii-iv-ls-engine-billet-rear-galley-plug-barbell.html" "Mozilla/5.0 (Linux; Android 10; SM-N970U) AppleWebKit/537.36 (KHTML, like Gecko) Chrome/87.0.4280.101 Mobile Safari/537.36"
184.101.131.104 - - [16/Dec/2020:06:41:52 -0500] "GET /media/logo/stores/2/logo.png HTTP/2.0" 200 10831 "https://www.improvedracing.com/gm-gen-iii-iv-ls-engine-billet-rear-galley-plug-barbell.html" "Mozilla/5.0 (Linux; Android 10; SM-N970U) AppleWebKit/537.36 (KHTML, like Gecko) Chrome/87.0.4280.101 Mobile Safari/537.36"
184.101.131.104 - - [16/Dec/2020:06:41:52 -0500] "GET /static/version1607992673/frontend/IR/improvedracing/en_US/images/loader-1.gif HTTP/2.0" 200 17255 "https://www.improvedracing.com/gm-gen-iii-iv-ls-engine-billet-rear-galley-plug-barbell.html" "Mozilla/5.0 (Linux; Android 10; SM-N970U) AppleWebKit/537.36 (KHTML, like Gecko) Chrome/87.0.4280.101 Mobile Safari/537.36"
184.101.131.104 - - [16/Dec/2020:06:41:52 -0500] "GET /static/version1607992673/frontend/IR/improvedracing/en_US/css/styles-l.css HTTP/2.0" 200 24410 "https://www.improvedracing.com/gm-gen-iii-iv-ls-engine-billet-rear-galley-plug-barbell.html" "Mozilla/5.0 (Linux; Android 10; SM-N970U) AppleWebKit/537.36 (KHTML, like Gecko) Chrome/87.0.4280.101 Mobile Safari/537.36"
184.101.131.104 - - [16/Dec/2020:06:41:52 -0500] "GET /static/version1607992673/frontend/IR/improvedracing/en_US/css/print.css HTTP/2.0" 200 7235 "https://www.improvedracing.com/gm-gen-iii-iv-ls-engine-billet-rear-galley-plug-barbell.html" "Mozilla/5.0 (Linux; Android 10; SM-N970U) AppleWebKit/537.36 (KHTML, like Gecko) Chrome/87.0.4280.101 Mobile Safari/537.36"
184.101.131.104 - - [16/Dec/2020:06:41:52 -0500] "GET /static/version1607992673/frontend/IR/improvedracing/en_US/webfonts/fa-regular-400.woff2 HTTP/2.0" 200 14868 "https://www.improvedracing.com/static/version1607992673/frontend/IR/improvedracing/en_US/css/fontawesome-all.min.css" "Mozilla/5.0 (Linux; Android 10; SM-N970U) AppleWebKit/537.36 (KHTML, like Gecko) Chrome/87.0.4280.101 Mobile Safari/537.36"
184.101.131.104 - - [16/Dec/2020:06:41:52 -0500] "GET /static/version1607992673/frontend/IR/improvedracing/en_US/webfonts/fa-solid-900.woff2 HTTP/2.0" 200 67400 "https://www.improvedracing.com/static/version1607992673/frontend/IR/improvedracing/en_US/css/fontawesome-all.min.css" "Mozilla/5.0 (Linux; Android 10; SM-N970U) AppleWebKit/537.36 (KHTML, like Gecko) Chrome/87.0.4280.101 Mobile Safari/537.36"
184.101.131.104 - - [16/Dec/2020:06:41:52 -0500] "GET /static/version1607992673/frontend/IR/improvedracing/en_US/IhnsGroup_Testimonials/css/fonts/glyphicons-halflings-regular.woff2 HTTP/2.0" 200 18028 "https://www.improvedracing.com/static/version1607992673/frontend/IR/improvedracing/en_US/IhnsGroup_Testimonials/css/mp.css" "Mozilla/5.0 (Linux; Android 10; SM-N970U) AppleWebKit/537.36 (KHTML, like Gecko) Chrome/87.0.4280.101 Mobile Safari/537.36"
184.101.131.104 - - [16/Dec/2020:06:41:52 -0500] "GET /static/version1607992673/frontend/IR/improvedracing/en_US/webfonts/fa-brands-400.woff2 HTTP/2.0" 200 65316 "https://www.improvedracing.com/static/version1607992673/frontend/IR/improvedracing/en_US/css/fontawesome-all.min.css" "Mozilla/5.0 (Linux; Android 10; SM-N970U) AppleWebKit/537.36 (KHTML, like Gecko) Chrome/87.0.4280.101 Mobile Safari/537.36"
66.249.92.159 - - [16/Dec/2020:06:41:52 -0500] "GET /static/version1607992673/frontend/IR/anhosefittings/en_US/IhnsGroup_OptionBundle/main.css HTTP/1.1" 200 1833 "https://www.anhosefittings.com/lightweight-nylon-braided-viton-hose-for-fuel-and-oil-12an.html" "Mozilla/5.0 (iPhone; CPU iPhone OS 9_1 like Mac OS X) AppleWebKit/601.1.46 (KHTML, like Gecko) Version/9.0 Mobile/13B143 Safari/601.1 (compatible; AdsBot-Google-Mobile; +http://www.google.com/mobile/adsbot.html)"
184.101.131.104 - - [16/Dec/2020:06:41:52 -0500] "GET /customer/section/load/?sections=gtm&force_new_section_timestamp=false&_=1608118911156 HTTP/2.0" 200 64 "https://www.improvedracing.com/gm-gen-iii-iv-ls-engine-billet-rear-galley-plug-barbell.html" "Mozilla/5.0 (Linux; Android 10; SM-N970U) AppleWebKit/537.36 (KHTML, like Gecko) Chrome/87.0.4280.101 Mobile Safari/537.36"
184.101.131.104 - - [16/Dec/2020:06:41:53 -0500] "GET /static/version1607992673/frontend/IR/improvedracing/en_US/mage/gallery/gallery.png HTTP/2.0" 200 4996 "https://www.improvedracing.com/static/version1607992673/frontend/IR/improvedracing/en_US/mage/gallery/gallery.css" "Mozilla/5.0 (Linux; Android 10; SM-N970U) AppleWebKit/537.36 (KHTML, like Gecko) Chrome/87.0.4280.101 Mobile Safari/537.36"
184.101.131.104 - - [16/Dec/2020:06:41:53 -0500] "GET /media/catalog/product/e/g/egm-501_4_lrg.jpg HTTP/2.0" 200 43761 "https://www.improvedracing.com/gm-gen-iii-iv-ls-engine-billet-rear-galley-plug-barbell.html" "Mozilla/5.0 (Linux; Android 10; SM-N970U) AppleWebKit/537.36 (KHTML, like Gecko) Chrome/87.0.4280.101 Mobile Safari/537.36"
184.101.131.104 - - [16/Dec/2020:06:41:53 -0500] "GET /media/catalog/product/e/g/egm-501-flow-diagram_lrg.jpg HTTP/2.0" 200 280994 "https://www.improvedracing.com/gm-gen-iii-iv-ls-engine-billet-rear-galley-plug-barbell.html" "Mozilla/5.0 (Linux; Android 10; SM-N970U) AppleWebKit/537.36 (KHTML, like Gecko) Chrome/87.0.4280.101 Mobile Safari/537.36"
184.101.131.104 - - [16/Dec/2020:06:41:53 -0500] "GET /media/catalog/product/e/g/egm-501_5_lrg.jpg HTTP/2.0" 200 52194 "https://www.improvedracing.com/gm-gen-iii-iv-ls-engine-billet-rear-galley-plug-barbell.html" "Mozilla/5.0 (Linux; Android 10; SM-N970U) AppleWebKit/537.36 (KHTML, like Gecko) Chrome/87.0.4280.101 Mobile Safari/537.36"
184.101.131.104 - - [16/Dec/2020:06:41:53 -0500] "GET /media/catalog/product/cache/defcc39459a17b73b03dd3a53ed700ce/e/g/egm-501_4_lrg.jpg HTTP/2.0" 200 1983 "https://www.improvedracing.com/gm-gen-iii-iv-ls-engine-billet-rear-galley-plug-barbell.html" "Mozilla/5.0 (Linux; Android 10; SM-N970U) AppleWebKit/537.36 (KHTML, like Gecko) Chrome/87.0.4280.101 Mobile Safari/537.36"
66.249.92.159 - - [16/Dec/2020:06:41:53 -0500] "GET /static/version1607992673/frontend/IR/anhosefittings/en_US/IhnsGroup_PAttachments/attachment.css HTTP/1.1" 200 511 "https://www.anhosefittings.com/lightweight-nylon-braided-viton-hose-for-fuel-and-oil-12an.html" "Mozilla/5.0 (iPhone; CPU iPhone OS 9_1 like Mac OS X) AppleWebKit/601.1.46 (KHTML, like Gecko) Version/9.0 Mobile/13B143 Safari/601.1 (compatible; AdsBot-Google-Mobile; +http://www.google.com/mobile/adsbot.html)"
184.101.131.104 - - [16/Dec/2020:06:41:54 -0500] "GET /media/catalog/product/cache/defcc39459a17b73b03dd3a53ed700ce/e/g/egm-501_5_lrg.jpg HTTP/2.0" 200 2185 "https://www.improvedracing.com/gm-gen-iii-iv-ls-engine-billet-rear-galley-plug-barbell.html" "Mozilla/5.0 (Linux; Android 10; SM-N970U) AppleWebKit/537.36 (KHTML, like Gecko) Chrome/87.0.4280.101 Mobile Safari/537.36"
184.101.131.104 - - [16/Dec/2020:06:41:54 -0500] "GET /media/catalog/product/cache/defcc39459a17b73b03dd3a53ed700ce/e/g/egm-501_7_lrg.jpg HTTP/2.0" 200 2335 "https://www.improvedracing.com/gm-gen-iii-iv-ls-engine-billet-rear-galley-plug-barbell.html" "Mozilla/5.0 (Linux; Android 10; SM-N970U) AppleWebKit/537.36 (KHTML, like Gecko) Chrome/87.0.4280.101 Mobile Safari/537.36"
184.101.131.104 - - [16/Dec/2020:06:41:54 -0500] "GET /media/catalog/product/cache/defcc39459a17b73b03dd3a53ed700ce/e/g/egm-501_r2_lrg.jpg HTTP/2.0" 200 5217 "https://www.improvedracing.com/gm-gen-iii-iv-ls-engine-billet-rear-galley-plug-barbell.html" "Mozilla/5.0 (Linux; Android 10; SM-N970U) AppleWebKit/537.36 (KHTML, like Gecko) Chrome/87.0.4280.101 Mobile Safari/537.36"
184.101.131.104 - - [16/Dec/2020:06:41:54 -0500] "GET /media/catalog/product/cache/defcc39459a17b73b03dd3a53ed700ce/e/g/egm-501_r3_lrg.jpg HTTP/2.0" 200 6084 "https://www.improvedracing.com/gm-gen-iii-iv-ls-engine-billet-rear-galley-plug-barbell.html" "Mozilla/5.0 (Linux; Android 10; SM-N970U) AppleWebKit/537.36 (KHTML, like Gecko) Chrome/87.0.4280.101 Mobile Safari/537.36"
184.101.131.104 - - [16/Dec/2020:06:41:54 -0500] "GET /media/catalog/product/cache/defcc39459a17b73b03dd3a53ed700ce/e/g/egm-501-flow-diagram_lrg.jpg HTTP/2.0" 200 8183 "https://www.improvedracing.com/gm-gen-iii-iv-ls-engine-billet-rear-galley-plug-barbell.html" "Mozilla/5.0 (Linux; Android 10; SM-N970U) AppleWebKit/537.36 (KHTML, like Gecko) Chrome/87.0.4280.101 Mobile Safari/537.36"
66.249.92.159 - - [16/Dec/2020:06:41:54 -0500] "GET /static/version1607992673/frontend/IR/anhosefittings/en_US/css/font-awesome.css HTTP/1.1" 200 6939 "https://www.anhosefittings.com/lightweight-nylon-braided-viton-hose-for-fuel-and-oil-12an.html" "Mozilla/5.0 (iPhone; CPU iPhone OS 9_1 like Mac OS X) AppleWebKit/601.1.46 (KHTML, like Gecko) Version/9.0 Mobile/13B143 Safari/601.1 (compatible; AdsBot-Google-Mobile; +http://www.google.com/mobile/adsbot.html)"
66.249.92.159 - - [16/Dec/2020:06:41:55 -0500] "GET /static/version1607992673/frontend/IR/anhosefittings/en_US/fonts/opensans/bold/opensans-700.woff2 HTTP/1.1" 200 17668 "https://www.anhosefittings.com/lightweight-nylon-braided-viton-hose-for-fuel-and-oil-12an.html" "Mozilla/5.0 (iPhone; CPU iPhone OS 9_1 like Mac OS X) AppleWebKit/601.1.46 (KHTML, like Gecko) Version/9.0 Mobile/13B143 Safari/601.1 (compatible; AdsBot-Google-Mobile; +http://www.google.com/mobile/adsbot.html)"
207.46.13.137 - - [16/Dec/2020:06:41:55 -0500] "GET /fittings.html?angle=195&color=435&p=3 HTTP/1.1" 200 23068 "-" "Mozilla/5.0 (compatible; bingbot/2.0; +http://www.bing.com/bingbot.htm)"
66.249.92.159 - - [16/Dec/2020:06:41:56 -0500] "GET /static/version1607992673/frontend/IR/anhosefittings/en_US/js/bundle/bundle5.min.js HTTP/1.1" 200 245672 "https://www.anhosefittings.com/lightweight-nylon-braided-viton-hose-for-fuel-and-oil-12an.html" "Mozilla/5.0 (iPhone; CPU iPhone OS 9_1 like Mac OS X) AppleWebKit/601.1.46 (KHTML, like Gecko) Version/9.0 Mobile/13B143 Safari/601.1 (compatible; AdsBot-Google-Mobile; +http://www.google.com/mobile/adsbot.html)"
66.249.92.159 - - [16/Dec/2020:06:41:57 -0500] "GET /static/version1607992673/frontend/IR/anhosefittings/en_US/js/bundle/bundle3.min.js HTTP/1.1" 200 204842 "https://www.anhosefittings.com/lightweight-nylon-braided-viton-hose-for-fuel-and-oil-12an.html" "Mozilla/5.0 (iPhone; CPU iPhone OS 9_1 like Mac OS X) AppleWebKit/601.1.46 (KHTML, like Gecko) Version/9.0 Mobile/13B143 Safari/601.1 (compatible; AdsBot-Google-Mobile; +http://www.google.com/mobile/adsbot.html)"
157.55.39.249 - - [16/Dec/2020:06:41:58 -0500] "GET /fittings.html?cat=20&color=435&hose_applications=483&portatype=209 HTTP/1.1" 200 13991 "-" "Mozilla/5.0 (compatible; bingbot/2.0; +http://www.bing.com/bingbot.htm)"
66.249.92.159 - - [16/Dec/2020:06:41:58 -0500] "GET /static/version1607992673/frontend/IR/anhosefittings/en_US/css/styles-l.css HTTP/1.1" 200 23710 "https://www.anhosefittings.com/lightweight-nylon-braided-viton-hose-for-fuel-and-oil-12an.html" "Mozilla/5.0 (iPhone; CPU iPhone OS 9_1 like Mac OS X) AppleWebKit/601.1.46 (KHTML, like Gecko) Version/9.0 Mobile/13B143 Safari/601.1 (compatible; AdsBot-Google-Mobile; +http://www.google.com/mobile/adsbot.html)"
66.249.92.159 - - [16/Dec/2020:06:41:59 -0500] "GET /static/version1607992673/frontend/IR/anhosefittings/en_US/css/print.css HTTP/1.1" 200 6495 "https://www.anhosefittings.com/lightweight-nylon-braided-viton-hose-for-fuel-and-oil-12an.html" "Mozilla/5.0 (iPhone; CPU iPhone OS 9_1 like Mac OS X) AppleWebKit/601.1.46 (KHTML, like Gecko) Version/9.0 Mobile/13B143 Safari/601.1 (compatible; AdsBot-Google-Mobile; +http://www.google.com/mobile/adsbot.html)"
52.207.178.164 - - [16/Dec/2020:06:42:00 -0500] "HEAD /ptfe-90-degree-an-hose-end-fitting-10an.html HTTP/1.1" 404 0 "-" "Monit/5.25.1"
185.138.122.196 - - [16/Dec/2020:06:42:00 -0500] "GET /?fbclid=IwAR1P8Tw3rDr5EO23g0Ag6excnMjkM9TQIOO5tRIvWcpdwLxCrZfNhupdrjg HTTP/2.0" 200 17549 "https://l.facebook.com/" "Mozilla/5.0 (Windows NT 10.0; Win64; x64; rv:83.0) Gecko/20100101 Firefox/83.0"
52.207.178.164 - - [16/Dec/2020:06:42:00 -0500] "HEAD / HTTP/1.1" 200 0 "-" "Monit/5.25.1"
185.138.122.196 - - [16/Dec/2020:06:42:01 -0500] "GET /static/version1607992673/frontend/IR/improvedracing/en_US/mage/calendar.css HTTP/2.0" 200 1359 "https://www.improvedracing.com/?fbclid=IwAR1P8Tw3rDr5EO23g0Ag6excnMjkM9TQIOO5tRIvWcpdwLxCrZfNhupdrjg" "Mozilla/5.0 (Windows NT 10.0; Win64; x64; rv:83.0) Gecko/20100101 Firefox/83.0"
185.138.122.196 - - [16/Dec/2020:06:42:01 -0500] "GET /static/version1607992673/frontend/IR/improvedracing/en_US/css/styles-m.css HTTP/2.0" 200 59393 "https://www.improvedracing.com/?fbclid=IwAR1P8Tw3rDr5EO23g0Ag6excnMjkM9TQIOO5tRIvWcpdwLxCrZfNhupdrjg" "Mozilla/5.0 (Windows NT 10.0; Win64; x64; rv:83.0) Gecko/20100101 Firefox/83.0"
185.138.122.196 - - [16/Dec/2020:06:42:01 -0500] "GET /static/version1607992673/frontend/IR/improvedracing/en_US/css/bootstrap.css HTTP/2.0" 200 7186 "https://www.improvedracing.com/?fbclid=IwAR1P8Tw3rDr5EO23g0Ag6excnMjkM9TQIOO5tRIvWcpdwLxCrZfNhupdrjg" "Mozilla/5.0 (Windows NT 10.0; Win64; x64; rv:83.0) Gecko/20100101 Firefox/83.0"
185.138.122.196 - - [16/Dec/2020:06:42:01 -0500] "GET /static/version1607992673/frontend/IR/improvedracing/en_US/css/fontawesome-all.min.css HTTP/2.0" 200 8873 "https://www.improvedracing.com/?fbclid=IwAR1P8Tw3rDr5EO23g0Ag6excnMjkM9TQIOO5tRIvWcpdwLxCrZfNhupdrjg" "Mozilla/5.0 (Windows NT 10.0; Win64; x64; rv:83.0) Gecko/20100101 Firefox/83.0"
185.138.122.196 - - [16/Dec/2020:06:42:01 -0500] "GET /static/version1607992673/frontend/IR/improvedracing/en_US/IhnsGroup_Clider/css/mp.css HTTP/2.0" 200 22027 "https://www.improvedracing.com/?fbclid=IwAR1P8Tw3rDr5EO23g0Ag6excnMjkM9TQIOO5tRIvWcpdwLxCrZfNhupdrjg" "Mozilla/5.0 (Windows NT 10.0; Win64; x64; rv:83.0) Gecko/20100101 Firefox/83.0"
185.138.122.196 - - [16/Dec/2020:06:42:01 -0500] "GET /static/version1607992673/frontend/IR/improvedracing/en_US/IhnsGroup_Testimonials/css/mp.css HTTP/2.0" 200 22027 "https://www.improvedracing.com/?fbclid=IwAR1P8Tw3rDr5EO23g0Ag6excnMjkM9TQIOO5tRIvWcpdwLxCrZfNhupdrjg" "Mozilla/5.0 (Windows NT 10.0; Win64; x64; rv:83.0) Gecko/20100101 Firefox/83.0"
185.138.122.196 - - [16/Dec/2020:06:42:01 -0500] "GET /static/version1607992673/frontend/IR/improvedracing/en_US/IhnsGroup_CategoryImageGrid/cat-image-grid.css HTTP/2.0" 200 532 "https://www.improvedracing.com/?fbclid=IwAR1P8Tw3rDr5EO23g0Ag6excnMjkM9TQIOO5tRIvWcpdwLxCrZfNhupdrjg" "Mozilla/5.0 (Windows NT 10.0; Win64; x64; rv:83.0) Gecko/20100101 Firefox/83.0"
185.138.122.196 - - [16/Dec/2020:06:42:01 -0500] "GET /static/version1607992673/frontend/IR/improvedracing/en_US/IhnsGroup_PAttachments/attachment.css HTTP/2.0" 200 499 "https://www.improvedracing.com/?fbclid=IwAR1P8Tw3rDr5EO23g0Ag6excnMjkM9TQIOO5tRIvWcpdwLxCrZfNhupdrjg" "Mozilla/5.0 (Windows NT 10.0; Win64; x64; rv:83.0) Gecko/20100101 Firefox/83.0"
66.249.92.130 - - [16/Dec/2020:06:42:01 -0500] "GET /customer/section/load/?sections=gtm&force_new_section_timestamp=false&_=1608116400095 HTTP/1.1" 200 75 "https://www.anhosefittings.com/lightweight-nylon-braided-viton-hose-for-fuel-and-oil-12an.html" "Mozilla/5.0 (iPhone; CPU iPhone OS 9_1 like Mac OS X) AppleWebKit/601.1.46 (KHTML, like Gecko) Version/9.0 Mobile/13B143 Safari/601.1 (compatible; AdsBot-Google-Mobile; +http://www.google.com/mobile/adsbot.html)"
66.249.66.81 - - [16/Dec/2020:06:42:02 -0500] "GET /images/products/12570471_lrg.jpg HTTP/1.1" 404 10793 "-" "Googlebot-Image/1.0"
185.138.122.196 - - [16/Dec/2020:06:42:03 -0500] "GET /static/version1607992673/frontend/IR/improvedracing/en_US/css/styles-l.css HTTP/2.0" 200 24410 "https://www.improvedracing.com/?fbclid=IwAR1P8Tw3rDr5EO23g0Ag6excnMjkM9TQIOO5tRIvWcpdwLxCrZfNhupdrjg" "Mozilla/5.0 (Windows NT 10.0; Win64; x64; rv:83.0) Gecko/20100101 Firefox/83.0"
185.138.122.196 - - [16/Dec/2020:06:42:03 -0500] "GET /static/version1607992673/frontend/IR/improvedracing/en_US/css/print.css HTTP/2.0" 200 7235 "https://www.improvedracing.com/?fbclid=IwAR1P8Tw3rDr5EO23g0Ag6excnMjkM9TQIOO5tRIvWcpdwLxCrZfNhupdrjg" "Mozilla/5.0 (Windows NT 10.0; Win64; x64; rv:83.0) Gecko/20100101 Firefox/83.0"
185.138.122.196 - - [16/Dec/2020:06:42:04 -0500] "GET /static/version1607992673/frontend/IR/improvedracing/en_US/requirejs/require.min.js HTTP/2.0" 200 7660 "https://www.improvedracing.com/?fbclid=IwAR1P8Tw3rDr5EO23g0Ag6excnMjkM9TQIOO5tRIvWcpdwLxCrZfNhupdrjg" "Mozilla/5.0 (Windows NT 10.0; Win64; x64; rv:83.0) Gecko/20100101 Firefox/83.0"
185.138.122.196 - - [16/Dec/2020:06:42:04 -0500] "GET /static/version1607992673/frontend/IR/improvedracing/en_US/requirejs-min-resolver.min.js HTTP/2.0" 200 459 "https://www.improvedracing.com/?fbclid=IwAR1P8Tw3rDr5EO23g0Ag6excnMjkM9TQIOO5tRIvWcpdwLxCrZfNhupdrjg" "Mozilla/5.0 (Windows NT 10.0; Win64; x64; rv:83.0) Gecko/20100101 Firefox/83.0"
114.119.150.203 - - [16/Dec/2020:06:42:05 -0500] "GET /customer/account/login/referer/aHR0cHM6Ly93d3cuYW5ob3NlZml0dGluZ3MuY29tL2hvc2UtYXNzZW1ibGllcy5odG1sP2FuZ2xlPTE5OCZicmFpZF9tYXRlcmlhbD00MDgmY29sb3I9MjgyJmlubmVyX2RpYW1ldGVyPTI1NiZvdXRlcl9sYXllcl9tYXRlcmlhbD0yNTAmcG9ydGF0eXBlPTIxNA,, HTTP/1.1" 200 10056 "-" "Mozilla/5.0 (Linux; Android 7.0;) AppleWebKit/537.36 (KHTML, like Gecko) Mobile Safari/537.36 (compatible; PetalBot;+https://aspiegel.com/petalbot)"
107.77.221.194 - - [16/Dec/2020:06:42:05 -0500] "GET /checkout/cart/ HTTP/2.0" 200 34393 "https://www.improvedracing.com/ls-oil-pan-long-bolt-12554990.html?gclid=CjwKCAiA_eb-BRB2EiwAGBnXXkAoq19dra2nSsnWYyY3UWWtx_HNjqbiw4lTrK17PeEWfHNMkJCf1RoC1PwQAvD_BwE" "Mozilla/5.0 (iPhone; CPU iPhone OS 14_2 like Mac OS X) AppleWebKit/605.1.15 (KHTML, like Gecko) CriOS/87.0.4280.77 Mobile/15E148 Safari/604.1"
107.77.221.194 - - [16/Dec/2020:06:42:05 -0500] "GET /static/version1607992673/frontend/IR/improvedracing/en_US/IhnsGroup_Testimonials/media/images/quotes.png HTTP/2.0" 200 16420 "https://www.improvedracing.com/checkout/cart/" "Mozilla/5.0 (iPhone; CPU iPhone OS 14_2 like Mac OS X) AppleWebKit/605.1.15 (KHTML, like Gecko) CriOS/87.0.4280.77 Mobile/15E148 Safari/604.1"
107.77.221.194 - - [16/Dec/2020:06:42:05 -0500] "GET /static/version1607992673/frontend/IR/improvedracing/en_US/images/free-shipping.png HTTP/2.0" 200 4744 "https://www.improvedracing.com/checkout/cart/" "Mozilla/5.0 (iPhone; CPU iPhone OS 14_2 like Mac OS X) AppleWebKit/605.1.15 (KHTML, like Gecko) CriOS/87.0.4280.77 Mobile/15E148 Safari/604.1"
